******************************************************************************
             TMS320C2000 Linker PC v18.1.3                     
******************************************************************************
>> Linked Wed Oct 17 18:52:44 2018

OUTPUT FILE NAME:   <COM_cpu01.out>
ENTRY POINT SYMBOL: "_c_int00"  address: 0008371e


MEMORY CONFIGURATION

         name            origin    length      used     unused   attr    fill
----------------------  --------  ---------  --------  --------  ----  --------
PAGE 0:
  RAMM0                 00000122   000002de  00000000  000002de  RWIX
  RAMLS0                00008000   00000800  0000003f  000007c1  RWIX
  RAMLS1                00008800   00000800  00000000  00000800  RWIX
  RAMLS2                00009000   00000800  00000000  00000800  RWIX
  RAMLS3                00009800   00000800  00000000  00000800  RWIX
  RAMLS4                0000a000   00000800  00000000  00000800  RWIX
  RAMD0                 0000b000   00000800  00000000  00000800  RWIX
  RAMGS14               0001a000   00001000  00000000  00001000  RWIX
  RAMGS15               0001b000   00001000  00000000  00001000  RWIX
  BEGIN                 00080000   00000002  00000002  00000000  RWIX
  FLASHA                00080002   00001ffe  00000000  00001ffe  RWIX
  FLASHB                00082000   00002000  000018c9  00000737  RWIX
  FLASHC                00084000   00002000  00000000  00002000  RWIX
  FLASHD                00086000   00002000  0000003f  00001fc1  RWIX
  FLASHE                00088000   00008000  00000000  00008000  RWIX
  FLASHF                00090000   00008000  000001c9  00007e37  RWIX
  FLASHG                00098000   00008000  00000000  00008000  RWIX
  FLASHH                000a0000   00008000  00000000  00008000  RWIX
  FLASHI                000a8000   00008000  00000000  00008000  RWIX
  FLASHJ                000b0000   00008000  00000000  00008000  RWIX
  FLASHK                000b8000   00002000  00000000  00002000  RWIX
  FLASHL                000ba000   00002000  00000000  00002000  RWIX
  FLASHM                000bc000   00002000  00000000  00002000  RWIX
  FLASHN                000be000   00002000  00000000  00002000  RWIX
  RESET                 003fffc0   00000002  00000000  00000002  RWIX

PAGE 1:
  BOOT_RSVD             00000002   00000120  00000000  00000120  RWIX
  RAMM1                 00000400   00000400  00000400  00000000  RWIX
  ADCA_RESULT           00000b00   00000020  00000018  00000008  RWIX
  ADCB_RESULT           00000b20   00000020  00000018  00000008  RWIX
  ADCC_RESULT           00000b40   00000020  00000018  00000008  RWIX
  ADCD_RESULT           00000b60   00000020  00000018  00000008  RWIX
  CPU_TIMER0            00000c00   00000008  00000008  00000000  RWIX
  CPU_TIMER1            00000c08   00000008  00000008  00000000  RWIX
  CPU_TIMER2            00000c10   00000008  00000008  00000000  RWIX
  PIE_CTRL              00000ce0   00000020  0000001a  00000006  RWIX
  PIE_VECT              00000d00   00000200  000001c0  00000040  RWIX
  DMA                   00001000   00000200  000000e0  00000120  RWIX
  CLA1                  00001400   00000040  0000003e  00000002  RWIX
  EPWM1                 00004000   00000100  00000100  00000000  RWIX
  EPWM2                 00004100   00000100  00000100  00000000  RWIX
  EPWM3                 00004200   00000100  00000100  00000000  RWIX
  EPWM4                 00004300   00000100  00000100  00000000  RWIX
  EPWM5                 00004400   00000100  00000100  00000000  RWIX
  EPWM6                 00004500   00000100  00000100  00000000  RWIX
  EPWM7                 00004600   00000100  00000100  00000000  RWIX
  EPWM8                 00004700   00000100  00000100  00000000  RWIX
  EPWM9                 00004800   00000100  00000100  00000000  RWIX
  EPWM10                00004900   00000100  00000100  00000000  RWIX
  EPWM11                00004a00   00000100  00000100  00000000  RWIX
  EPWM12                00004b00   00000100  00000100  00000000  RWIX
  ECAP1                 00005000   00000020  00000020  00000000  RWIX
  ECAP2                 00005020   00000020  00000020  00000000  RWIX
  ECAP3                 00005040   00000020  00000020  00000000  RWIX
  ECAP4                 00005060   00000020  00000020  00000000  RWIX
  ECAP5                 00005080   00000020  00000020  00000000  RWIX
  ECAP6                 000050a0   00000020  00000020  00000000  RWIX
  EQEP1                 00005100   00000040  00000022  0000001e  RWIX
  EQEP2                 00005140   00000040  00000022  0000001e  RWIX
  EQEP3                 00005180   00000040  00000022  0000001e  RWIX
  DACA                  00005c00   00000010  00000008  00000008  RWIX
  DACB                  00005c10   00000010  00000008  00000008  RWIX
  DACC                  00005c20   00000010  00000008  00000008  RWIX
  CMPSS1                00005c80   00000020  00000020  00000000  RWIX
  CMPSS2                00005ca0   00000020  00000020  00000000  RWIX
  CMPSS3                00005cc0   00000020  00000020  00000000  RWIX
  CMPSS4                00005ce0   00000020  00000020  00000000  RWIX
  CMPSS5                00005d00   00000020  00000020  00000000  RWIX
  CMPSS6                00005d20   00000020  00000020  00000000  RWIX
  CMPSS7                00005d40   00000020  00000020  00000000  RWIX
  CMPSS8                00005d60   00000020  00000020  00000000  RWIX
  SDFM1                 00005e00   00000080  00000080  00000000  RWIX
  SDFM2                 00005e80   00000080  00000080  00000000  RWIX
  MCBSPA                00006000   00000040  00000024  0000001c  RWIX
  MCBSPB                00006040   00000040  00000024  0000001c  RWIX
  SPIA                  00006100   00000010  00000010  00000000  RWIX
  SPIB                  00006110   00000010  00000010  00000000  RWIX
  SPIC                  00006120   00000010  00000010  00000000  RWIX
  SPID                  00006130   00000010  00000000  00000010  RWIX
  UPP                   00006200   00000100  00000048  000000b8  RWIX
  WD                    00007000   00000040  0000002b  00000015  RWIX
  NMIINTRUPT            00007060   00000010  00000007  00000009  RWIX
  XINT                  00007070   00000010  0000000b  00000005  RWIX
  SCIA                  00007200   00000010  00000010  00000000  RWIX
  SCIB                  00007210   00000010  00000010  00000000  RWIX
  SCIC                  00007220   00000010  00000010  00000000  RWIX
  SCID                  00007230   00000010  00000010  00000000  RWIX
  I2CA                  00007300   00000040  00000022  0000001e  RWIX
  I2CB                  00007340   00000040  00000022  0000001e  RWIX
  ADCA                  00007400   00000080  00000080  00000000  RWIX
  ADCB                  00007480   00000080  00000080  00000000  RWIX
  ADCC                  00007500   00000080  00000080  00000000  RWIX
  ADCD                  00007580   00000080  00000080  00000000  RWIX
  INPUT_XBAR            00007900   00000020  00000020  00000000  RWIX
  XBAR                  00007920   00000020  00000020  00000000  RWIX
  SYNC_SOC              00007940   00000010  00000006  0000000a  RWIX
  DMACLASRCSEL          00007980   00000040  0000001a  00000026  RWIX
  EPWM_XBAR             00007a00   00000040  00000040  00000000  RWIX
  CLB_XBAR              00007a40   00000040  00000000  00000040  RWIX
  OUTPUT_XBAR           00007a80   00000040  00000040  00000000  RWIX
  GPIOCTRL              00007c00   00000180  00000180  00000000  RWIX
  GPIODAT               00007f00   00000030  00000030  00000000  RWIX
  RAMLS5                0000a800   00000800  0000069d  00000163  RWIX
  RAMD1                 0000b800   00000800  00000000  00000800  RWIX
  RAMGS0                0000c000   00001000  00000000  00001000  RWIX
  RAMGS1                0000d000   00001000  00000000  00001000  RWIX
  RAMGS2                0000e000   00001000  00000000  00001000  RWIX
  RAMGS3                0000f000   00001000  00000000  00001000  RWIX
  RAMGS4                00010000   00001000  00000000  00001000  RWIX
  RAMGS5                00011000   00001000  00000000  00001000  RWIX
  RAMGS6                00012000   00001000  00000000  00001000  RWIX
  RAMGS7                00013000   00001000  00000000  00001000  RWIX
  RAMGS8                00014000   00001000  00000000  00001000  RWIX
  RAMGS9                00015000   00001000  00000000  00001000  RWIX
  RAMGS10               00016000   00001000  00000000  00001000  RWIX
  RAMGS11               00017000   00001000  00000000  00001000  RWIX
  RAMGS12               00018000   00001000  00000000  00001000  RWIX
  RAMGS13               00019000   00001000  00000000  00001000  RWIX
  CPU2TOCPU1RAM         0003f800   00000400  00000000  00000400  RWIX
  CPU1TOCPU2RAM         0003fc00   00000400  00000088  00000378  RWIX
  EMIF1                 00047000   00000800  00000070  00000790  RWIX
  EMIF2                 00047800   00000800  00000070  00000790  RWIX
  CANA                  00048000   00000800  000000a4  0000075c  RWIX
  CANB                  0004a000   00000800  000000a4  0000075c  RWIX
  IPC                   00050000   00000024  00000024  00000000  RWIX
  FLASHPUMPSEMAPHORE    00050024   00000002  00000002  00000000  RWIX
  DEV_CFG               0005d000   00000180  0000012e  00000052  RWIX
  ANALOG_SUBSYS         0005d180   00000080  00000048  00000038  RWIX
  CLK_CFG               0005d200   00000100  00000032  000000ce  RWIX
  CPU_SYS               0005d300   00000100  00000082  0000007e  RWIX
  ROMPREFETCH           0005e608   00000002  00000002  00000000  RWIX
  DCSM_Z1               0005f000   00000030  00000024  0000000c  RWIX
  DCSM_Z2               0005f040   00000030  00000024  0000000c  RWIX
  DCSM_COMMON           0005f070   00000010  00000008  00000008  RWIX
  MEMCFG                0005f400   00000080  00000080  00000000  RWIX
  EMIF1CONFIG           0005f480   00000020  00000020  00000000  RWIX
  EMIF2CONFIG           0005f4a0   00000020  00000020  00000000  RWIX
  ACCESSPROTECTION      0005f4c0   00000040  00000040  00000000  RWIX
  MEMORYERROR           0005f500   00000040  00000040  00000000  RWIX
  ROMWAITSTATE          0005f540   00000002  00000002  00000000  RWIX
  FLASH0_CTRL           0005f800   00000300  00000182  0000017e  RWIX
  FLASH0_ECC            0005fb00   00000040  00000028  00000018  RWIX
  DCSM_Z1_OTP           00078000   00000020  00000020  00000000  RWIX
  DCSM_Z2_OTP           00078200   00000020  00000020  00000000  RWIX


SECTION ALLOCATION MAP

 output                                  attributes/
section   page    origin      length       input sections
--------  ----  ----------  ----------   ----------------
.cinit     0    00082000    000001b7     
                  00082000    000000f3     Diccionario_CANOpen.obj (.cinit)
                  000820f3    00000090     F2837xD_struct.obj (.cinit)
                  00082183    0000000e     rts2800_fpu32.lib : exit.obj (.cinit)
                  00082191    00000008     main_cpu1.obj (.cinit)
                  00082199    00000005     Chademo.obj (.cinit)
                  0008219e    00000005     Config_CAN.obj (.cinit)
                  000821a3    00000005     rts2800_fpu32.lib : _lock.obj (.cinit:__lock)
                  000821a8    00000005                       : _lock.obj (.cinit:__unlock)
                  000821ad    00000004     F2837xD_sci_io.obj (.cinit)
                  000821b1    00000004     rts2800_fpu32.lib : memory.obj (.cinit)
                  000821b5    00000002     --HOLE-- [fill = 0]

.pinit     0    00082000    00000000     UNINITIALIZED

codestart 
*          0    00080000    00000002     
                  00080000    00000002     F2837xD_CodeStartBranch.obj (codestart)

.stack     1    00000400    00000400     UNINITIALIZED
                  00000400    00000400     --HOLE--

.esysmem   1    0000a800    00000400     UNINITIALIZED
                  0000a800    00000001     rts2800_fpu32.lib : memory.obj (.esysmem)
                  0000a801    000003ff     --HOLE--

.reset     0    003fffc0    00000002     DSECT
                  003fffc0    00000002     rts2800_fpu32.lib : boot28.obj (.reset)

.TI.ramfunc 
*          0    00086000    0000003f     RUN ADDR = 00008000
                  00086000    00000037     F2837xD_SysCtrl.obj (.TI.ramfunc)
                  00086037    00000004     F2837xD_usDelay.obj (.TI.ramfunc)
                  0008603b    00000004     sysctl.obj (.TI.ramfunc)

.econst    0    00090000    000001c9     
                  00090000    000001c0     F2837xD_PieVect.obj (.econst:_PieVectTableInit)
                  000901c0    00000009     can.obj (.econst:_g_ui16CANBitValues)

AdcaResultFile 
*          1    00000b00    00000018     UNINITIALIZED
                  00000b00    00000018     F2837xD_GlobalVariableDefs.obj (AdcaResultFile)

AdcbResultFile 
*          1    00000b20    00000018     UNINITIALIZED
                  00000b20    00000018     F2837xD_GlobalVariableDefs.obj (AdcbResultFile)

AdccResultFile 
*          1    00000b40    00000018     UNINITIALIZED
                  00000b40    00000018     F2837xD_GlobalVariableDefs.obj (AdccResultFile)

AdcdResultFile 
*          1    00000b60    00000018     UNINITIALIZED
                  00000b60    00000018     F2837xD_GlobalVariableDefs.obj (AdcdResultFile)

CpuTimer0RegsFile 
*          1    00000c00    00000008     UNINITIALIZED
                  00000c00    00000008     F2837xD_GlobalVariableDefs.obj (CpuTimer0RegsFile)

CpuTimer1RegsFile 
*          1    00000c08    00000008     UNINITIALIZED
                  00000c08    00000008     F2837xD_GlobalVariableDefs.obj (CpuTimer1RegsFile)

CpuTimer2RegsFile 
*          1    00000c10    00000008     UNINITIALIZED
                  00000c10    00000008     F2837xD_GlobalVariableDefs.obj (CpuTimer2RegsFile)

PieCtrlRegsFile 
*          1    00000ce0    0000001a     UNINITIALIZED
                  00000ce0    0000001a     F2837xD_GlobalVariableDefs.obj (PieCtrlRegsFile)

DmaRegsFile 
*          1    00001000    000000e0     UNINITIALIZED
                  00001000    000000e0     F2837xD_GlobalVariableDefs.obj (DmaRegsFile)

Cla1RegsFile 
*          1    00001400    0000003e     UNINITIALIZED
                  00001400    0000003e     F2837xD_GlobalVariableDefs.obj (Cla1RegsFile)

EPwm1RegsFile 
*          1    00004000    00000100     UNINITIALIZED
                  00004000    00000100     F2837xD_GlobalVariableDefs.obj (EPwm1RegsFile)

EPwm2RegsFile 
*          1    00004100    00000100     UNINITIALIZED
                  00004100    00000100     F2837xD_GlobalVariableDefs.obj (EPwm2RegsFile)

EPwm3RegsFile 
*          1    00004200    00000100     UNINITIALIZED
                  00004200    00000100     F2837xD_GlobalVariableDefs.obj (EPwm3RegsFile)

EPwm4RegsFile 
*          1    00004300    00000100     UNINITIALIZED
                  00004300    00000100     F2837xD_GlobalVariableDefs.obj (EPwm4RegsFile)

EPwm5RegsFile 
*          1    00004400    00000100     UNINITIALIZED
                  00004400    00000100     F2837xD_GlobalVariableDefs.obj (EPwm5RegsFile)

EPwm6RegsFile 
*          1    00004500    00000100     UNINITIALIZED
                  00004500    00000100     F2837xD_GlobalVariableDefs.obj (EPwm6RegsFile)

EPwm7RegsFile 
*          1    00004600    00000100     UNINITIALIZED
                  00004600    00000100     F2837xD_GlobalVariableDefs.obj (EPwm7RegsFile)

EPwm8RegsFile 
*          1    00004700    00000100     UNINITIALIZED
                  00004700    00000100     F2837xD_GlobalVariableDefs.obj (EPwm8RegsFile)

EPwm9RegsFile 
*          1    00004800    00000100     UNINITIALIZED
                  00004800    00000100     F2837xD_GlobalVariableDefs.obj (EPwm9RegsFile)

EPwm10RegsFile 
*          1    00004900    00000100     UNINITIALIZED
                  00004900    00000100     F2837xD_GlobalVariableDefs.obj (EPwm10RegsFile)

EPwm11RegsFile 
*          1    00004a00    00000100     UNINITIALIZED
                  00004a00    00000100     F2837xD_GlobalVariableDefs.obj (EPwm11RegsFile)

EPwm12RegsFile 
*          1    00004b00    00000100     UNINITIALIZED
                  00004b00    00000100     F2837xD_GlobalVariableDefs.obj (EPwm12RegsFile)

ECap1RegsFile 
*          1    00005000    00000020     UNINITIALIZED
                  00005000    00000020     F2837xD_GlobalVariableDefs.obj (ECap1RegsFile)

ECap2RegsFile 
*          1    00005020    00000020     UNINITIALIZED
                  00005020    00000020     F2837xD_GlobalVariableDefs.obj (ECap2RegsFile)

ECap3RegsFile 
*          1    00005040    00000020     UNINITIALIZED
                  00005040    00000020     F2837xD_GlobalVariableDefs.obj (ECap3RegsFile)

ECap4RegsFile 
*          1    00005060    00000020     UNINITIALIZED
                  00005060    00000020     F2837xD_GlobalVariableDefs.obj (ECap4RegsFile)

ECap5RegsFile 
*          1    00005080    00000020     UNINITIALIZED
                  00005080    00000020     F2837xD_GlobalVariableDefs.obj (ECap5RegsFile)

ECap6RegsFile 
*          1    000050a0    00000020     UNINITIALIZED
                  000050a0    00000020     F2837xD_GlobalVariableDefs.obj (ECap6RegsFile)

EQep1RegsFile 
*          1    00005100    00000022     UNINITIALIZED
                  00005100    00000022     F2837xD_GlobalVariableDefs.obj (EQep1RegsFile)

EQep2RegsFile 
*          1    00005140    00000022     UNINITIALIZED
                  00005140    00000022     F2837xD_GlobalVariableDefs.obj (EQep2RegsFile)

EQep3RegsFile 
*          1    00005180    00000022     UNINITIALIZED
                  00005180    00000022     F2837xD_GlobalVariableDefs.obj (EQep3RegsFile)

DacaRegsFile 
*          1    00005c00    00000008     UNINITIALIZED
                  00005c00    00000008     F2837xD_GlobalVariableDefs.obj (DacaRegsFile)

DacbRegsFile 
*          1    00005c10    00000008     UNINITIALIZED
                  00005c10    00000008     F2837xD_GlobalVariableDefs.obj (DacbRegsFile)

DaccRegsFile 
*          1    00005c20    00000008     UNINITIALIZED
                  00005c20    00000008     F2837xD_GlobalVariableDefs.obj (DaccRegsFile)

Sdfm1RegsFile 
*          1    00005e00    00000080     UNINITIALIZED
                  00005e00    00000080     F2837xD_GlobalVariableDefs.obj (Sdfm1RegsFile)

Sdfm2RegsFile 
*          1    00005e80    00000080     UNINITIALIZED
                  00005e80    00000080     F2837xD_GlobalVariableDefs.obj (Sdfm2RegsFile)

McbspaRegsFile 
*          1    00006000    00000024     UNINITIALIZED
                  00006000    00000024     F2837xD_GlobalVariableDefs.obj (McbspaRegsFile)

McbspbRegsFile 
*          1    00006040    00000024     UNINITIALIZED
                  00006040    00000024     F2837xD_GlobalVariableDefs.obj (McbspbRegsFile)

SpiaRegsFile 
*          1    00006100    00000010     UNINITIALIZED
                  00006100    00000010     F2837xD_GlobalVariableDefs.obj (SpiaRegsFile)

SpibRegsFile 
*          1    00006110    00000010     UNINITIALIZED
                  00006110    00000010     F2837xD_GlobalVariableDefs.obj (SpibRegsFile)

SpicRegsFile 
*          1    00006120    00000010     UNINITIALIZED
                  00006120    00000010     F2837xD_GlobalVariableDefs.obj (SpicRegsFile)

UppRegsFile 
*          1    00006200    00000048     UNINITIALIZED
                  00006200    00000048     F2837xD_GlobalVariableDefs.obj (UppRegsFile)

WdRegsFile 
*          1    00007000    0000002b     UNINITIALIZED
                  00007000    0000002b     F2837xD_GlobalVariableDefs.obj (WdRegsFile)

NmiIntruptRegsFile 
*          1    00007060    00000007     UNINITIALIZED
                  00007060    00000007     F2837xD_GlobalVariableDefs.obj (NmiIntruptRegsFile)

XintRegsFile 
*          1    00007070    0000000b     UNINITIALIZED
                  00007070    0000000b     F2837xD_GlobalVariableDefs.obj (XintRegsFile)

SciaRegsFile 
*          1    00007200    00000010     UNINITIALIZED
                  00007200    00000010     F2837xD_GlobalVariableDefs.obj (SciaRegsFile)

ScibRegsFile 
*          1    00007210    00000010     UNINITIALIZED
                  00007210    00000010     F2837xD_GlobalVariableDefs.obj (ScibRegsFile)

ScicRegsFile 
*          1    00007220    00000010     UNINITIALIZED
                  00007220    00000010     F2837xD_GlobalVariableDefs.obj (ScicRegsFile)

ScidRegsFile 
*          1    00007230    00000010     UNINITIALIZED
                  00007230    00000010     F2837xD_GlobalVariableDefs.obj (ScidRegsFile)

I2caRegsFile 
*          1    00007300    00000022     UNINITIALIZED
                  00007300    00000022     F2837xD_GlobalVariableDefs.obj (I2caRegsFile)

I2cbRegsFile 
*          1    00007340    00000022     UNINITIALIZED
                  00007340    00000022     F2837xD_GlobalVariableDefs.obj (I2cbRegsFile)

InputXbarRegsFile 
*          1    00007900    00000020     UNINITIALIZED
                  00007900    00000020     F2837xD_GlobalVariableDefs.obj (InputXbarRegsFile)

XbarRegsFile 
*          1    00007920    00000020     UNINITIALIZED
                  00007920    00000020     F2837xD_GlobalVariableDefs.obj (XbarRegsFile)

SyncSocRegsFile 
*          1    00007940    00000006     UNINITIALIZED
                  00007940    00000006     F2837xD_GlobalVariableDefs.obj (SyncSocRegsFile)

DmaClaSrcSelRegsFile 
*          1    00007980    0000001a     UNINITIALIZED
                  00007980    0000001a     F2837xD_GlobalVariableDefs.obj (DmaClaSrcSelRegsFile)

EPwmXbarRegsFile 
*          1    00007a00    00000040     UNINITIALIZED
                  00007a00    00000040     F2837xD_GlobalVariableDefs.obj (EPwmXbarRegsFile)

OutputXbarRegsFile 
*          1    00007a80    00000040     UNINITIALIZED
                  00007a80    00000040     F2837xD_GlobalVariableDefs.obj (OutputXbarRegsFile)

GpioCtrlRegsFile 
*          1    00007c00    00000180     UNINITIALIZED
                  00007c00    00000180     F2837xD_GlobalVariableDefs.obj (GpioCtrlRegsFile)

GpioDataRegsFile 
*          1    00007f00    00000030     UNINITIALIZED
                  00007f00    00000030     F2837xD_GlobalVariableDefs.obj (GpioDataRegsFile)

PUTBUFFER 
*          1    0003fc00    00000080     UNINITIALIZED
                  0003fc00    00000080     F2837xD_Ipc_Driver.obj (PUTBUFFER)

PUTWRITEIDX 
*          1    0003fc80    00000004     UNINITIALIZED
                  0003fc80    00000004     F2837xD_Ipc_Driver.obj (PUTWRITEIDX)

GETREADIDX 
*          1    0003fc84    00000004     UNINITIALIZED
                  0003fc84    00000004     F2837xD_Ipc_Driver.obj (GETREADIDX)

GETBUFFER 
*          0    0003f800    00000080     DSECT
                  0003f800    00000080     F2837xD_Ipc_Driver.obj (GETBUFFER)

GETWRITEIDX 
*          0    0003f880    00000004     DSECT
                  0003f880    00000004     F2837xD_Ipc_Driver.obj (GETWRITEIDX)

PUTREADIDX 
*          0    0003f884    00000004     DSECT
                  0003f884    00000004     F2837xD_Ipc_Driver.obj (PUTREADIDX)

PieVectTableFile 
*          1    00000d00    000001c0     UNINITIALIZED
                  00000d00    000001c0     F2837xD_GlobalVariableDefs.obj (PieVectTableFile)

EmuKeyVar 
*          1    00000d00    00000001     UNINITIALIZED
                  00000d00    00000001     F2837xD_GlobalVariableDefs.obj (EmuKeyVar)

EmuBModeVar 
*          1    00000d01    00000001     UNINITIALIZED
                  00000d01    00000001     F2837xD_GlobalVariableDefs.obj (EmuBModeVar)

FlashCallbackVar 
*          1    00000d02    00000000     UNINITIALIZED

FlashScalingVar 
*          1    00000d02    00000000     UNINITIALIZED

AdcaRegsFile 
*          1    00007400    00000080     UNINITIALIZED
                  00007400    00000080     F2837xD_GlobalVariableDefs.obj (AdcaRegsFile)

AdcbRegsFile 
*          1    00007480    00000080     UNINITIALIZED
                  00007480    00000080     F2837xD_GlobalVariableDefs.obj (AdcbRegsFile)

AdccRegsFile 
*          1    00007500    00000080     UNINITIALIZED
                  00007500    00000080     F2837xD_GlobalVariableDefs.obj (AdccRegsFile)

AdcdRegsFile 
*          1    00007580    00000080     UNINITIALIZED
                  00007580    00000080     F2837xD_GlobalVariableDefs.obj (AdcdRegsFile)

CanaRegsFile 
*          1    00048000    000000a4     UNINITIALIZED
                  00048000    000000a4     F2837xD_GlobalVariableDefs.obj (CanaRegsFile)

CanbRegsFile 
*          1    0004a000    000000a4     UNINITIALIZED
                  0004a000    000000a4     F2837xD_GlobalVariableDefs.obj (CanbRegsFile)

AnalogSubsysRegsFile 
*          1    0005d180    00000048     UNINITIALIZED
                  0005d180    00000048     F2837xD_GlobalVariableDefs.obj (AnalogSubsysRegsFile)

Cla1SoftIntRegsFile 
*          1    00000ce0    00000004     DSECT
                  00000ce0    00000004     F2837xD_GlobalVariableDefs.obj (Cla1SoftIntRegsFile)

Cmpss1RegsFile 
*          1    00005c80    00000020     UNINITIALIZED
                  00005c80    00000020     F2837xD_GlobalVariableDefs.obj (Cmpss1RegsFile)

Cmpss2RegsFile 
*          1    00005ca0    00000020     UNINITIALIZED
                  00005ca0    00000020     F2837xD_GlobalVariableDefs.obj (Cmpss2RegsFile)

Cmpss3RegsFile 
*          1    00005cc0    00000020     UNINITIALIZED
                  00005cc0    00000020     F2837xD_GlobalVariableDefs.obj (Cmpss3RegsFile)

Cmpss4RegsFile 
*          1    00005ce0    00000020     UNINITIALIZED
                  00005ce0    00000020     F2837xD_GlobalVariableDefs.obj (Cmpss4RegsFile)

Cmpss5RegsFile 
*          1    00005d00    00000020     UNINITIALIZED
                  00005d00    00000020     F2837xD_GlobalVariableDefs.obj (Cmpss5RegsFile)

Cmpss6RegsFile 
*          1    00005d20    00000020     UNINITIALIZED
                  00005d20    00000020     F2837xD_GlobalVariableDefs.obj (Cmpss6RegsFile)

Cmpss7RegsFile 
*          1    00005d40    00000020     UNINITIALIZED
                  00005d40    00000020     F2837xD_GlobalVariableDefs.obj (Cmpss7RegsFile)

Cmpss8RegsFile 
*          1    00005d60    00000020     UNINITIALIZED
                  00005d60    00000020     F2837xD_GlobalVariableDefs.obj (Cmpss8RegsFile)

Emif1RegsFile 
*          1    00047000    00000070     UNINITIALIZED
                  00047000    00000070     F2837xD_GlobalVariableDefs.obj (Emif1RegsFile)

Emif2RegsFile 
*          1    00047800    00000070     UNINITIALIZED
                  00047800    00000070     F2837xD_GlobalVariableDefs.obj (Emif2RegsFile)

IpcRegsFile 
*          1    00050000    00000024     UNINITIALIZED
                  00050000    00000024     F2837xD_GlobalVariableDefs.obj (IpcRegsFile)

FlashPumpSemaphoreRegsFile 
*          1    00050024    00000002     UNINITIALIZED
                  00050024    00000002     F2837xD_GlobalVariableDefs.obj (FlashPumpSemaphoreRegsFile)

RomPrefetchRegsFile 
*          1    0005e608    00000002     UNINITIALIZED
                  0005e608    00000002     F2837xD_GlobalVariableDefs.obj (RomPrefetchRegsFile)

DcsmZ1RegsFile 
*          1    0005f000    00000024     UNINITIALIZED
                  0005f000    00000024     F2837xD_GlobalVariableDefs.obj (DcsmZ1RegsFile)

DcsmZ2RegsFile 
*          1    0005f040    00000024     UNINITIALIZED
                  0005f040    00000024     F2837xD_GlobalVariableDefs.obj (DcsmZ2RegsFile)

DcsmCommonRegsFile 
*          1    0005f070    00000008     UNINITIALIZED
                  0005f070    00000008     F2837xD_GlobalVariableDefs.obj (DcsmCommonRegsFile)

MemCfgRegsFile 
*          1    0005f400    00000080     UNINITIALIZED
                  0005f400    00000080     F2837xD_GlobalVariableDefs.obj (MemCfgRegsFile)

Emif1ConfigRegsFile 
*          1    0005f480    00000020     UNINITIALIZED
                  0005f480    00000020     F2837xD_GlobalVariableDefs.obj (Emif1ConfigRegsFile)

Emif2ConfigRegsFile 
*          1    0005f4a0    00000020     UNINITIALIZED
                  0005f4a0    00000020     F2837xD_GlobalVariableDefs.obj (Emif2ConfigRegsFile)

AccessProtectionRegsFile 
*          1    0005f4c0    00000040     UNINITIALIZED
                  0005f4c0    00000040     F2837xD_GlobalVariableDefs.obj (AccessProtectionRegsFile)

MemoryErrorRegsFile 
*          1    0005f500    00000040     UNINITIALIZED
                  0005f500    00000040     F2837xD_GlobalVariableDefs.obj (MemoryErrorRegsFile)

RomWaitStateRegsFile 
*          1    0005f540    00000002     UNINITIALIZED
                  0005f540    00000002     F2837xD_GlobalVariableDefs.obj (RomWaitStateRegsFile)

Flash0CtrlRegsFile 
*          1    0005f800    00000182     UNINITIALIZED
                  0005f800    00000182     F2837xD_GlobalVariableDefs.obj (Flash0CtrlRegsFile)

Flash0EccRegsFile 
*          1    0005fb00    00000028     UNINITIALIZED
                  0005fb00    00000028     F2837xD_GlobalVariableDefs.obj (Flash0EccRegsFile)

DcsmZ1OtpFile 
*          1    00078000    00000020     NOLOAD SECTION
                  00078000    00000020     F2837xD_GlobalVariableDefs.obj (DcsmZ1OtpFile)

DcsmZ2OtpFile 
*          1    00078200    00000020     NOLOAD SECTION
                  00078200    00000020     F2837xD_GlobalVariableDefs.obj (DcsmZ2OtpFile)

DevCfgRegsFile 
*          1    0005d000    0000012e     UNINITIALIZED
                  0005d000    0000012e     F2837xD_GlobalVariableDefs.obj (DevCfgRegsFile)

ClkCfgRegsFile 
*          1    0005d200    00000032     UNINITIALIZED
                  0005d200    00000032     F2837xD_GlobalVariableDefs.obj (ClkCfgRegsFile)

CpuSysRegsFile 
*          1    0005d300    00000082     UNINITIALIZED
                  0005d300    00000082     F2837xD_GlobalVariableDefs.obj (CpuSysRegsFile)

.text      0    000821b8    00001712     
                  000821b8    000005d1     F2837xD_DefaultISR.obj (.text:retain)
                  00082789    00000522     can.obj (.text)
                  00082cab    00000347     F2837xD_SysCtrl.obj (.text)
                  00082ff2    00000255     F2837xD_Gpio.obj (.text)
                  00083247    000001ca     interrupt.obj (.text)
                  00083411    00000166     F2837xD_Ipc_Driver_Util.obj (.text)
                  00083577    000000a3     Config_GPIO.obj (.text)
                  0008361a    00000088     rts2800_fpu32.lib : fs_div28.obj (.text)
                  000836a2    0000007c     F2837xD_CpuTimers.obj (.text)
                  0008371e    00000056     rts2800_fpu32.lib : boot28.obj (.text)
                  00083774    0000003c     Init_HW.obj (.text)
                  000837b0    00000029     rts2800_fpu32.lib : exit.obj (.text)
                  000837d9    00000028     F2837xD_PieCtrl.obj (.text)
                  00083801    00000026     F2837xD_PieVect.obj (.text)
                  00083827    00000024     rts2800_fpu32.lib : cpy_tbl.obj (.text)
                  0008384b    0000001e                       : memcpy.obj (.text)
                  00083869    00000019                       : args_main.obj (.text)
                  00083882    00000018                       : ll_aox28.obj (.text)
                  0008389a    00000012     main_cpu1.obj (.text)
                  000838ac    0000000f     interrupt.obj (.text:retain)
                  000838bb    00000009     rts2800_fpu32.lib : _lock.obj (.text)
                  000838c4    00000003     F2837xD_DBGIER.obj (.text)
                  000838c7    00000002     rts2800_fpu32.lib : pre_init.obj (.text)
                  000838c9    00000001                       : startup.obj (.text)

.ebss      1    0000ac00    0000029d     UNINITIALIZED
                  0000ac00    00000130     Diccionario_CANOpen.obj (.ebss)
                  0000ad30    0000000e     main_cpu1.obj (.ebss)
                  0000ad3e    00000002     Config_PWM.obj (.ebss)
                  0000ad40    00000078     F2837xD_struct.obj (.ebss)
                  0000adb8    00000008     rts2800_fpu32.lib : memory.obj (.ebss)
                  0000adc0    00000068     ComModule.obj (.ebss)
                  0000ae28    00000018     Chademo.obj (.ebss)
                  0000ae40    00000030     Config_CAN.obj (.ebss)
                  0000ae70    00000006     F2837xD_TempSensorConv.obj (.ebss)
                  0000ae76    00000006     rts2800_fpu32.lib : exit.obj (.ebss)
                  0000ae7c    00000004     F2837xD_DefaultISR.obj (.ebss)
                  0000ae80    00000018     F2837xD_CpuTimers.obj (.ebss)
                  0000ae98    00000002     rts2800_fpu32.lib : _lock.obj (.ebss:__lock)
                  0000ae9a    00000002                       : _lock.obj (.ebss:__unlock)
                  0000ae9c    00000001     F2837xD_sci_io.obj (.ebss)

MODULE SUMMARY

       Module                           code   initialized data   uninitialized data
       ------                           ----   ----------------   ------------------
    .\
       main_cpu1.obj                    18     8                  14                
    +--+--------------------------------+------+------------------+--------------------+
       Total:                           18     8                  14                
                                                                                    
    .\App\
       Diccionario_CANOpen.obj          0      243                304               
       ComModule.obj                    0      0                  104               
       Chademo.obj                      0      5                  24                
    +--+--------------------------------+------+------------------+--------------------+
       Total:                           0      248                432               
                                                                                    
    .\UFCharger\F2837xD\Comun\
       F2837xD_GlobalVariableDefs.obj   0      0                  8375              
       F2837xD_DefaultISR.obj           1489   0                  4                 
    +--+--------------------------------+------+------------------+--------------------+
       Total:                           1489   0                  8379              
                                                                                    
    .\UFCharger\F2837xD\Comun\Drivers\
       Config_GPIO.obj                  163    0                  0                 
       Init_HW.obj                      60     0                  0                 
       Config_CAN.obj                   0      5                  48                
       Config_PWM.obj                   0      0                  2                 
    +--+--------------------------------+------+------------------+--------------------+
       Total:                           223    5                  50                
                                                                                    
    .\UFCharger\F2837xD\Comun\common\
       F2837xD_SysCtrl.obj              949    0                  0                 
       F2837xD_Gpio.obj                 597    0                  0                 
       F2837xD_PieVect.obj              38     448                0                 
       F2837xD_Ipc_Driver_Util.obj      358    0                  0                 
       F2837xD_struct.obj               0      144                120               
       F2837xD_CpuTimers.obj            124    0                  24                
       F2837xD_Ipc_Driver.obj           0      0                  136               
       F2837xD_PieCtrl.obj              40     0                  0                 
       F2837xD_usDelay.obj              8      0                  0                 
       F2837xD_TempSensorConv.obj       0      0                  6                 
       F2837xD_sci_io.obj               0      4                  1                 
       F2837xD_DBGIER.obj               3      0                  0                 
       F2837xD_CodeStartBranch.obj      2      0                  0                 
    +--+--------------------------------+------+------------------+--------------------+
       Total:                           2119   596                287               
                                                                                    
    .\UFCharger\F2837xD\Comun\driverlib\
       can.obj                          1314   9                  0                 
       interrupt.obj                    473    0                  0                 
       sysctl.obj                       8      0                  0                 
    +--+--------------------------------+------+------------------+--------------------+
       Total:                           1795   9                  0                 
                                                                                    
    C:/Users/dagaro/workspace/Firmware_Test/UFCharger/F2837xD/ti-cgt-c2000_16.9.6.LTS/lib/rts2800_fpu32.lib
       fs_div28.obj                     136    0                  0                 
       boot28.obj                       86     0                  0                 
       exit.obj                         41     14                 6                 
       cpy_tbl.obj                      36     0                  0                 
       memcpy.obj                       30     0                  0                 
       args_main.obj                    25     0                  0                 
       ll_aox28.obj                     24     0                  0                 
       _lock.obj                        9      10                 4                 
       memory.obj                       0      4                  8                 
       pre_init.obj                     2      0                  0                 
       startup.obj                      1      0                  0                 
    +--+--------------------------------+------+------------------+--------------------+
       Total:                           390    28                 18                
                                                                                    
       Heap:                            0      0                  1024              
       Stack:                           0      0                  1024              
    +--+--------------------------------+------+------------------+--------------------+
       Grand Total:                     6034   894                11228             


GLOBAL DATA SYMBOLS: SORTED BY DATA PAGE

address     data page           name
--------    ----------------    ----
00000400      10 (00000400)     __stack

00000b00      2c (00000b00)     _AdcaResultRegs
00000b20      2c (00000b00)     _AdcbResultRegs

00000b40      2d (00000b40)     _AdccResultRegs
00000b60      2d (00000b40)     _AdcdResultRegs

00000c00      30 (00000c00)     _CpuTimer0Regs
00000c08      30 (00000c00)     _CpuTimer1Regs
00000c10      30 (00000c00)     _CpuTimer2Regs

00000ce0      33 (00000cc0)     _Cla1SoftIntRegs
00000ce0      33 (00000cc0)     _PieCtrlRegs

00000d00      34 (00000d00)     _EmuKey
00000d00      34 (00000d00)     _PieVectTable
00000d01      34 (00000d00)     _EmuBMode

00001000      40 (00001000)     _DmaRegs

00001400      50 (00001400)     _Cla1Regs

00004000     100 (00004000)     _EPwm1Regs

00004100     104 (00004100)     _EPwm2Regs

00004200     108 (00004200)     _EPwm3Regs

00004300     10c (00004300)     _EPwm4Regs

00004400     110 (00004400)     _EPwm5Regs

00004500     114 (00004500)     _EPwm6Regs

00004600     118 (00004600)     _EPwm7Regs

00004700     11c (00004700)     _EPwm8Regs

00004800     120 (00004800)     _EPwm9Regs

00004900     124 (00004900)     _EPwm10Regs

00004a00     128 (00004a00)     _EPwm11Regs

00004b00     12c (00004b00)     _EPwm12Regs

00005000     140 (00005000)     _ECap1Regs
00005020     140 (00005000)     _ECap2Regs

00005040     141 (00005040)     _ECap3Regs
00005060     141 (00005040)     _ECap4Regs

00005080     142 (00005080)     _ECap5Regs
000050a0     142 (00005080)     _ECap6Regs

00005100     144 (00005100)     _EQep1Regs

00005140     145 (00005140)     _EQep2Regs

00005180     146 (00005180)     _EQep3Regs

00005c00     170 (00005c00)     _DacaRegs
00005c10     170 (00005c00)     _DacbRegs
00005c20     170 (00005c00)     _DaccRegs

00005c80     172 (00005c80)     _Cmpss1Regs
00005ca0     172 (00005c80)     _Cmpss2Regs

00005cc0     173 (00005cc0)     _Cmpss3Regs
00005ce0     173 (00005cc0)     _Cmpss4Regs

00005d00     174 (00005d00)     _Cmpss5Regs
00005d20     174 (00005d00)     _Cmpss6Regs

00005d40     175 (00005d40)     _Cmpss7Regs
00005d60     175 (00005d40)     _Cmpss8Regs

00005e00     178 (00005e00)     _Sdfm1Regs

00005e80     17a (00005e80)     _Sdfm2Regs

00006000     180 (00006000)     _McbspaRegs

00006040     181 (00006040)     _McbspbRegs

00006100     184 (00006100)     _SpiaRegs
00006110     184 (00006100)     _SpibRegs
00006120     184 (00006100)     _SpicRegs

00006200     188 (00006200)     _UppRegs

00007000     1c0 (00007000)     _WdRegs

00007060     1c1 (00007040)     _NmiIntruptRegs
00007070     1c1 (00007040)     _XintRegs

00007200     1c8 (00007200)     _SciaRegs
00007210     1c8 (00007200)     _ScibRegs
00007220     1c8 (00007200)     _ScicRegs
00007230     1c8 (00007200)     _ScidRegs

00007300     1cc (00007300)     _I2caRegs

00007340     1cd (00007340)     _I2cbRegs

00007400     1d0 (00007400)     _AdcaRegs

00007480     1d2 (00007480)     _AdcbRegs

00007500     1d4 (00007500)     _AdccRegs

00007580     1d6 (00007580)     _AdcdRegs

00007900     1e4 (00007900)     _InputXbarRegs
00007920     1e4 (00007900)     _XbarRegs

00007940     1e5 (00007940)     _SyncSocRegs

00007980     1e6 (00007980)     _DmaClaSrcSelRegs

00007a00     1e8 (00007a00)     _EPwmXbarRegs

00007a80     1ea (00007a80)     _OutputXbarRegs

00007c00     1f0 (00007c00)     _GpioCtrlRegs

00007f00     1fc (00007f00)     _GpioDataRegs

0000a800     2a0 (0000a800)     __sys_memory

0000ac00     2b0 (0000ac00)     _D2

0000ac40     2b1 (0000ac40)     _Diccionario_CanOpen

0000ad30     2b4 (0000ad00)     _OD_Index
0000ad31     2b4 (0000ad00)     _status
0000ad32     2b4 (0000ad00)     _ptrCANMsg
0000ad34     2b4 (0000ad00)     _CANMsg
0000ad3e     2b4 (0000ad00)     _Direccion_ePWMxregs

0000ad40     2b5 (0000ad40)     _SCI
0000ad44     2b5 (0000ad40)     _MCBSP
0000ad48     2b5 (0000ad40)     _I2C
0000ad4c     2b5 (0000ad40)     _SDFM
0000ad52     2b5 (0000ad40)     _EQEP
0000ad5a     2b5 (0000ad40)     _SPI
0000ad62     2b5 (0000ad40)     _ADC
0000ad6c     2b5 (0000ad40)     _ECAP

0000ad80     2b6 (0000ad80)     _EPWM
0000ad9a     2b6 (0000ad80)     _TRIP_SEL

0000adc0     2b7 (0000adc0)     _sTXCANMsg
0000adca     2b7 (0000adc0)     _PowerSupplyMsgRX
0000adde     2b7 (0000adc0)     _PowerSupplyMsgTX

0000ae00     2b8 (0000ae00)     _PCMsgTX
0000ae14     2b8 (0000ae00)     _PCMsgRX
0000ae29     2b8 (0000ae00)     _i_for
0000ae2a     2b8 (0000ae00)     _timeout
0000ae2c     2b8 (0000ae00)     _FIFO_CHADEMO

0000ae40     2b9 (0000ae40)     _i
0000ae42     2b9 (0000ae40)     _errorFlag
0000ae44     2b9 (0000ae40)     _rxMsgData
0000ae4c     2b9 (0000ae40)     _rxMsgData2
0000ae54     2b9 (0000ae40)     _txMsgData
0000ae5c     2b9 (0000ae40)     _sRXCANMessage
0000ae66     2b9 (0000ae40)     _sRXCANMessage2
0000ae70     2b9 (0000ae40)     _tempSensor_tempOffset
0000ae72     2b9 (0000ae40)     _tempSensor_scaleFactor
0000ae74     2b9 (0000ae40)     _tempSensor_tempSlope
0000ae76     2b9 (0000ae40)     ___TI_enable_exit_profile_output
0000ae78     2b9 (0000ae40)     ___TI_cleanup_ptr
0000ae7a     2b9 (0000ae40)     ___TI_dtors_ptr
0000ae7c     2b9 (0000ae40)     _CANB_ISR
0000ae7e     2b9 (0000ae40)     _Tick

0000ae80     2ba (0000ae80)     _CpuTimer1
0000ae88     2ba (0000ae80)     _CpuTimer2
0000ae90     2ba (0000ae80)     _CpuTimer0
0000ae98     2ba (0000ae80)     __lock
0000ae9a     2ba (0000ae80)     __unlock
0000ae9c     2ba (0000ae80)     _deviceOpen

0003f800     fe0 (0003f800)     _g_asIPCCPU2toCPU1Buffers

0003f880     fe2 (0003f880)     _g_usGetWriteIndexes
0003f884     fe2 (0003f880)     _g_usPutReadIndexes

0003fc00     ff0 (0003fc00)     _g_asIPCCPU1toCPU2Buffers

0003fc80     ff2 (0003fc80)     _g_usPutWriteIndexes
0003fc84     ff2 (0003fc80)     _g_usGetReadIndexes

00047000    11c0 (00047000)     _Emif1Regs

00047800    11e0 (00047800)     _Emif2Regs

00048000    1200 (00048000)     _CanaRegs

0004a000    1280 (0004a000)     _CanbRegs

00050000    1400 (00050000)     _IpcRegs
00050024    1400 (00050000)     _FlashPumpSemaphoreRegs

0005d000    1740 (0005d000)     _DevCfgRegs

0005d180    1746 (0005d180)     _AnalogSubsysRegs

0005d200    1748 (0005d200)     _ClkCfgRegs

0005d300    174c (0005d300)     _CpuSysRegs

0005e608    1798 (0005e600)     _RomPrefetchRegs

0005f000    17c0 (0005f000)     _DcsmZ1Regs

0005f040    17c1 (0005f040)     _DcsmZ2Regs
0005f070    17c1 (0005f040)     _DcsmCommonRegs

0005f400    17d0 (0005f400)     _MemCfgRegs

0005f480    17d2 (0005f480)     _Emif1ConfigRegs
0005f4a0    17d2 (0005f480)     _Emif2ConfigRegs

0005f4c0    17d3 (0005f4c0)     _AccessProtectionRegs

0005f500    17d4 (0005f500)     _MemoryErrorRegs

0005f540    17d5 (0005f540)     _RomWaitStateRegs

0005f800    17e0 (0005f800)     _Flash0CtrlRegs

0005fb00    17ec (0005fb00)     _Flash0EccRegs

00078000    1e00 (00078000)     _DcsmZ1Otp

00078200    1e08 (00078200)     _DcsmZ2Otp

00090000    2400 (00090000)     _PieVectTableInit


GLOBAL SYMBOLS: SORTED ALPHABETICALLY BY Name 

page  address   name                                  
----  -------   ----                                  
abs   ffffffff  .text                                 
0     000837b0  C$$EXIT                               
0     0008361a  FS$$DIV                               
0     00083882  LL$$AND                               
0     0008388a  LL$$OR                                
0     00083892  LL$$XOR                               
1     0000ad62  _ADC                                  
0     00082276  _ADCA1_ISR                            
0     00082542  _ADCA2_ISR                            
0     0008254c  _ADCA3_ISR                            
0     00082556  _ADCA4_ISR                            
0     00082538  _ADCA_EVT_ISR                         
0     00082280  _ADCB1_ISR                            
0     0008256a  _ADCB2_ISR                            
0     00082574  _ADCB3_ISR                            
0     0008257e  _ADCB4_ISR                            
0     00082560  _ADCB_EVT_ISR                         
0     0008228a  _ADCC1_ISR                            
0     000826d2  _ADCC2_ISR                            
0     000826dc  _ADCC3_ISR                            
0     000826e6  _ADCC4_ISR                            
0     000826c8  _ADCC_EVT_ISR                         
0     000822a8  _ADCD1_ISR                            
0     000826fa  _ADCD2_ISR                            
0     00082704  _ADCD3_ISR                            
0     0008270e  _ADCD4_ISR                            
0     000826f0  _ADCD_EVT_ISR                         
0     0008274a  _AUX_PLL_SLIP_ISR                     
1     0005f4c0  _AccessProtectionRegs                 
1     00007400  _AdcaRegs                             
1     00000b00  _AdcaResultRegs                       
1     00007480  _AdcbRegs                             
1     00000b20  _AdcbResultRegs                       
1     00007500  _AdccRegs                             
1     00000b40  _AdccResultRegs                       
1     00007580  _AdcdRegs                             
1     00000b60  _AdcdResultRegs                       
1     0005d180  _AnalogSubsysRegs                     
0     00082f9e  _AuxAuxClkSel                         
0     00082f88  _AuxIntOsc2Sel                        
0     00082f92  _AuxXtalOscSel                        
0     000824d0  _CANA0_ISR                            
0     000824da  _CANA1_ISR                            
0     000824e4  _CANB0_ISR                            
0     0008252e  _CANB1_ISR                            
1     0000ae7c  _CANB_ISR                             
0     0008290a  _CANBitRateSet                        
0     000828df  _CANBitTimingGet                      
0     00082977  _CANBitTimingSet                      
0     000828b8  _CANClkSourceSelect                   
0     000828b0  _CANDisable                           
0     000828a7  _CANEnable                            
0     00082a81  _CANErrCntrGet                        
0     00082c95  _CANGlobalIntClear                    
0     00082c8b  _CANGlobalIntDisable                  
0     00082c82  _CANGlobalIntEnable                   
0     00082c9e  _CANGlobalIntstatusGet                
0     000827fa  _CANInit                              
0     00082a15  _CANIntClear                          
0     000829eb  _CANIntDisable                        
0     000829dd  _CANIntEnable                         
0     000829c0  _CANIntRegister                       
0     000829fb  _CANIntStatus                         
0     000829d0  _CANIntUnregister                     
0     00082c5c  _CANMessageClear                      
0     00082b88  _CANMessageGet                        
0     00082a9c  _CANMessageSet                        
1     0000ad34  _CANMsg                               
0     00082a4f  _CANRetryGet                          
0     00082a3e  _CANRetrySet                          
0     00082a59  _CANStatusGet                         
0     00082588  _CLA1_1_ISR                           
0     00082592  _CLA1_2_ISR                           
0     0008259c  _CLA1_3_ISR                           
0     000825a6  _CLA1_4_ISR                           
0     000825b0  _CLA1_5_ISR                           
0     000825ba  _CLA1_6_ISR                           
0     000825c4  _CLA1_7_ISR                           
0     000825ce  _CLA1_8_ISR                           
0     00082754  _CLA_OVERFLOW_ISR                     
0     0008275e  _CLA_UNDERFLOW_ISR                    
1     00048000  _CanaRegs                             
1     0004a000  _CanbRegs                             
1     00001400  _Cla1Regs                             
0     00000ce0  _Cla1SoftIntRegs                      
1     0005d200  _ClkCfgRegs                           
1     00005c80  _Cmpss1Regs                           
1     00005ca0  _Cmpss2Regs                           
1     00005cc0  _Cmpss3Regs                           
1     00005ce0  _Cmpss4Regs                           
1     00005d00  _Cmpss5Regs                           
1     00005d20  _Cmpss6Regs                           
1     00005d40  _Cmpss7Regs                           
1     00005d60  _Cmpss8Regs                           
0     000836e3  _ConfigCpuTimer                       
0     00083577  _Config_GPIO                          
1     0005d300  _CpuSysRegs                           
1     0000ae90  _CpuTimer0                            
1     00000c00  _CpuTimer0Regs                        
1     0000ae80  _CpuTimer1                            
1     00000c08  _CpuTimer1Regs                        
1     0000ae88  _CpuTimer2                            
1     00000c10  _CpuTimer2Regs                        
0     00082f47  _CsmUnlock                            
1     0000ac00  _D2                                   
0     000821cc  _DATALOG_ISR                          
0     0008241c  _DMA_CH1_ISR                          
0     00082426  _DMA_CH2_ISR                          
0     00082430  _DMA_CH3_ISR                          
0     0008243a  _DMA_CH4_ISR                          
0     00082444  _DMA_CH5_ISR                          
0     0008244e  _DMA_CH6_ISR                          
1     00005c00  _DacaRegs                             
1     00005c10  _DacbRegs                             
1     00005c20  _DaccRegs                             
1     0005f070  _DcsmCommonRegs                       
1     00078000  _DcsmZ1Otp                            
1     0005f000  _DcsmZ1Regs                           
1     00078200  _DcsmZ2Otp                            
1     0005f040  _DcsmZ2Regs                           
1     0005d000  _DevCfgRegs                           
1     0000ac40  _Diccionario_CanOpen                  
1     0000ad3e  _Direccion_ePWMxregs                  
0     00082dab  _DisableDog                           
0     00082d6c  _DisablePeripheralClocks              
1     00007980  _DmaClaSrcSelRegs                     
1     00001000  _DmaRegs                              
1     0000ad6c  _ECAP                                 
0     00082372  _ECAP1_ISR                            
0     0008237c  _ECAP2_ISR                            
0     00082386  _ECAP3_ISR                            
0     00082390  _ECAP4_ISR                            
0     0008239a  _ECAP5_ISR                            
0     000823a4  _ECAP6_ISR                            
1     00005000  _ECap1Regs                            
1     00005020  _ECap2Regs                            
1     00005040  _ECap3Regs                            
1     00005060  _ECap4Regs                            
1     00005080  _ECap5Regs                            
1     000050a0  _ECap6Regs                            
0     00082718  _EMIF_ERROR_ISR                       
0     00082772  _EMPTY_ISR                            
0     000821e0  _EMU_ISR                              
1     0000ad80  _EPWM                                 
0     0008266e  _EPWM10_ISR                           
0     00082646  _EPWM10_TZ_ISR                        
0     00082678  _EPWM11_ISR                           
0     00082650  _EPWM11_TZ_ISR                        
0     00082682  _EPWM12_ISR                           
0     0008265a  _EPWM12_TZ_ISR                        
0     00082322  _EPWM1_ISR                            
0     000822d2  _EPWM1_TZ_ISR                         
0     0008232c  _EPWM2_ISR                            
0     000822dc  _EPWM2_TZ_ISR                         
0     00082336  _EPWM3_ISR                            
0     000822e6  _EPWM3_TZ_ISR                         
0     00082340  _EPWM4_ISR                            
0     000822f0  _EPWM4_TZ_ISR                         
0     0008234a  _EPWM5_ISR                            
0     000822fa  _EPWM5_TZ_ISR                         
0     00082354  _EPWM6_ISR                            
0     00082304  _EPWM6_TZ_ISR                         
0     0008235e  _EPWM7_ISR                            
0     0008230e  _EPWM7_TZ_ISR                         
0     00082368  _EPWM8_ISR                            
0     00082318  _EPWM8_TZ_ISR                         
0     00082664  _EPWM9_ISR                            
0     0008263c  _EPWM9_TZ_ISR                         
1     00004900  _EPwm10Regs                           
1     00004a00  _EPwm11Regs                           
1     00004b00  _EPwm12Regs                           
1     00004000  _EPwm1Regs                            
1     00004100  _EPwm2Regs                            
1     00004200  _EPwm3Regs                            
1     00004300  _EPwm4Regs                            
1     00004400  _EPwm5Regs                            
1     00004500  _EPwm6Regs                            
1     00004600  _EPwm7Regs                            
1     00004700  _EPwm8Regs                            
1     00004800  _EPwm9Regs                            
1     00007a00  _EPwmXbarRegs                         
1     0000ad52  _EQEP                                 
0     000823ae  _EQEP1_ISR                            
0     000823b8  _EQEP2_ISR                            
0     000823c2  _EQEP3_ISR                            
1     00005100  _EQep1Regs                            
1     00005140  _EQep2Regs                            
1     00005180  _EQep3Regs                            
1     0005f480  _Emif1ConfigRegs                      
1     00047000  _Emif1Regs                            
1     0005f4a0  _Emif2ConfigRegs                      
1     00047800  _Emif2Regs                            
1     00000d01  _EmuBMode                             
1     00000d00  _EmuKey                               
0     000837f8  _EnableInterrupts                     
0     00008037  _F28x_usDelay                         
1     0000ae2c  _FIFO_CHADEMO                         
0     0008272c  _FLASH_CORRECTABLE_ERROR_ISR          
0     00082600  _FPU_OVERFLOW_ISR                     
0     0008260a  _FPU_UNDERFLOW_ISR                    
1     0005f800  _Flash0CtrlRegs                       
1     0005fb00  _Flash0EccRegs                        
0     00008029  _FlashOff                             
1     00050024  _FlashPumpSemaphoreRegs               
0     000831eb  _GPIO_EnableUnbondedIOPullups         
0     000831c6  _GPIO_EnableUnbondedIOPullupsFor100Pin
0     000831ad  _GPIO_EnableUnbondedIOPullupsFor176Pin
0     00083201  _GPIO_ReadPin                         
0     00083152  _GPIO_SetupLock                       
0     00083032  _GPIO_SetupPinMux                     
0     000830be  _GPIO_SetupPinOptions                 
0     0008317b  _GPIO_SetupXINT1Gpio                  
0     00083185  _GPIO_SetupXINT2Gpio                  
0     0008318f  _GPIO_SetupXINT3Gpio                  
0     00083199  _GPIO_SetupXINT4Gpio                  
0     000831a3  _GPIO_SetupXINT5Gpio                  
0     00083236  _GPIO_TogglePin                       
0     00083218  _GPIO_WritePin                        
1     00007c00  _GpioCtrlRegs                         
1     00007f00  _GpioDataRegs                         
0     00082fbc  _HALT                                 
0     00082fd5  _HIB                                  
0     00083798  _Hablitar_ISR                         
1     0000ad48  _I2C                                  
0     00082462  _I2CA_FIFO_ISR                        
0     00082458  _I2CA_ISR                             
0     00082476  _I2CB_FIFO_ISR                        
0     0008246c  _I2CB_ISR                             
1     00007300  _I2caRegs                             
1     00007340  _I2cbRegs                             
0     00082fa8  _IDLE                                 
0     000821f4  _ILLEGAL_ISR                          
0     00082614  _IPC0_ISR                             
0     0008261e  _IPC1_ISR                             
0     00082628  _IPC2_ISR                             
0     00082632  _IPC3_ISR                             
0     0008344b  _IPCBootCPU2                          
0     00083447  _IPCGetBootStatus                     
0     00083428  _IPCLtoRFlagBusy                      
0     0008343f  _IPCLtoRFlagClear                     
0     00083437  _IPCLtoRFlagSet                       
0     00083411  _IPCRtoLFlagAcknowledge               
0     00083419  _IPCRtoLFlagBusy                      
0     00082e7f  _InitAuxPll                           
0     000836a2  _InitCpuTimers                        
0     00008000  _InitFlash                            
0     00082ff2  _InitGpio                             
0     00082ce8  _InitPeripheralClocks                 
0     000837d9  _InitPieCtrl                          
0     00083801  _InitPieVectTable                     
0     00082cab  _InitSysCtrl                          
0     00082db9  _InitSysPll                           
0     00083774  _Init_HW                              
1     00007900  _InputXbarRegs                        
0     000838ac  _IntDefaultHandler                    
0     00083312  _IntDisable                           
0     0008327f  _IntEnable                            
0     00083392  _IntIFRClear                          
0     0008324f  _IntMasterDisable                     
0     00083247  _IntMasterEnable                      
0     00083257  _IntRegister                          
0     0008326a  _IntUnregister                        
1     00050000  _IpcRegs                              
1     0000ad44  _MCBSP                                
0     000823f4  _MCBSPA_RX_ISR                        
0     000823fe  _MCBSPA_TX_ISR                        
0     00082408  _MCBSPB_RX_ISR                        
0     00082412  _MCBSPB_TX_ISR                        
1     00006000  _McbspaRegs                           
1     00006040  _McbspbRegs                           
1     0005f400  _MemCfgRegs                           
1     0005f500  _MemoryErrorRegs                      
0     000821ea  _NMI_ISR                              
0     0008277f  _NOTUSED_ISR                          
1     00007060  _NmiIntruptRegs                       
1     0000ad30  _OD_Index                             
1     00007a80  _OutputXbarRegs                       
1     0000ae14  _PCMsgRX                              
1     0000ae00  _PCMsgTX                              
0     00082768  _PIE_RESERVED_ISR                     
1     00000ce0  _PieCtrlRegs                          
1     00000d00  _PieVectTable                         
0     00090000  _PieVectTableInit                     
1     0000adca  _PowerSupplyMsgRX                     
1     0000adde  _PowerSupplyMsgTX                     
0     00082736  _RAM_ACCESS_VIOLATION_ISR             
0     00082722  _RAM_CORRECTABLE_ERROR_ISR            
0     000821d6  _RTOS_ISR                             
0     0008603f  _RamfuncsLoadEnd                      
abs   0000003f  _RamfuncsLoadSize                     
0     00086000  _RamfuncsLoadStart                    
0     0000803f  _RamfuncsRunEnd                       
abs   0000003f  _RamfuncsRunSize                      
0     00008000  _RamfuncsRunStart                     
0     00082d93  _ReleaseFlashPump                     
1     0005e608  _RomPrefetchRegs                      
1     0005f540  _RomWaitStateRegs                     
1     0000ad40  _SCI                                  
0     000824a8  _SCIA_RX_ISR                          
0     000824b2  _SCIA_TX_ISR                          
0     000824bc  _SCIB_RX_ISR                          
0     000824c6  _SCIB_TX_ISR                          
0     00082480  _SCIC_RX_ISR                          
0     0008248a  _SCIC_TX_ISR                          
0     00082494  _SCID_RX_ISR                          
0     0008249e  _SCID_TX_ISR                          
0     0008268c  _SD1_ISR                              
0     00082696  _SD2_ISR                              
1     0000ad4c  _SDFM                                 
1     0000ad5a  _SPI                                  
0     000823cc  _SPIA_RX_ISR                          
0     000823d6  _SPIA_TX_ISR                          
0     000823e0  _SPIB_RX_ISR                          
0     000823ea  _SPIB_TX_ISR                          
0     000826a0  _SPIC_RX_ISR                          
0     000826aa  _SPIC_TX_ISR                          
0     00082fb1  _STANDBY                              
0     00082740  _SYS_PLL_SLIP_ISR                     
1     00007200  _SciaRegs                             
1     00007210  _ScibRegs                             
1     00007220  _ScicRegs                             
1     00007230  _ScidRegs                             
1     00005e00  _Sdfm1Regs                            
1     00005e80  _Sdfm2Regs                            
0     00082d84  _SeizeFlashPump                       
0     00082d9d  _ServiceDog                           
0     000838c4  _SetDBGIER                            
n/a   UNDEFED   _Set_CANOpenMsg_to_Tx                 
1     00006100  _SpiaRegs                             
1     00006110  _SpibRegs                             
1     00006120  _SpicRegs                             
1     00007940  _SyncSocRegs                          
0     0000803b  _SysCtlDelay                          
0     00082f68  _SysIntOsc1Sel                        
0     00082f72  _SysIntOsc2Sel                        
0     00082f7c  _SysXtalOscSel                        
0     000822b2  _TIMER0_ISR                           
0     000821b8  _TIMER1_ISR                           
0     000821c2  _TIMER2_ISR                           
1     0000ad9a  _TRIP_SEL                             
1     0000ae7e  _Tick                                 
0     000826b4  _UPPA_ISR                             
0     000826be  _USBA_ISR                             
0     00082258  _USER10_ISR                           
0     00082262  _USER11_ISR                           
0     0008226c  _USER12_ISR                           
0     000821fe  _USER1_ISR                            
0     00082208  _USER2_ISR                            
0     00082212  _USER3_ISR                            
0     0008221c  _USER4_ISR                            
0     00082226  _USER5_ISR                            
0     00082230  _USER6_ISR                            
0     0008223a  _USER7_ISR                            
0     00082244  _USER8_ISR                            
0     0008224e  _USER9_ISR                            
1     00006200  _UppRegs                              
0     000825f6  _VCU_ISR                              
0     000822c8  _WAKE_ISR                             
1     00007000  _WdRegs                               
0     00082294  _XINT1_ISR                            
0     0008229e  _XINT2_ISR                            
0     000825d8  _XINT3_ISR                            
0     000825e2  _XINT4_ISR                            
0     000825ec  _XINT5_ISR                            
1     00007920  _XbarRegs                             
1     00007070  _XintRegs                             
1     00000800  __STACK_END                           
abs   00000400  __STACK_SIZE                          
abs   00000400  __SYSMEM_SIZE                         
1     0000ae78  ___TI_cleanup_ptr                     
1     0000ae7a  ___TI_dtors_ptr                       
1     0000ae76  ___TI_enable_exit_profile_output      
abs   ffffffff  ___TI_pprof_out_hndl                  
abs   ffffffff  ___TI_prof_data_size                  
abs   ffffffff  ___TI_prof_data_start                 
abs   ffffffff  ___binit__                            
abs   ffffffff  ___c_args__                           
0     00082000  ___cinit__                            
abs   ffffffff  ___etext__                            
abs   ffffffff  ___pinit__                            
abs   ffffffff  ___text__                             
0     00083869  __args_main                           
1     0000ae98  __lock                                
0     000838c3  __nop                                 
0     000838bf  __register_lock                       
0     000838bb  __register_unlock                     
1     00000400  __stack                               
1     0000a800  __sys_memory                          
0     000838c9  __system_post_cinit                   
0     000838c7  __system_pre_init                     
1     0000ae9a  __unlock                              
0     000837b0  _abort                                
0     0008371e  _c_int00                              
0     00083827  _copy_in                              
1     0000ae9c  _deviceOpen                           
1     0000ae42  _errorFlag                            
0     000837b2  _exit                                 
1     0003fc00  _g_asIPCCPU1toCPU2Buffers             
0     0003f800  _g_asIPCCPU2toCPU1Buffers             
1     0003fc84  _g_usGetReadIndexes                   
0     0003f880  _g_usGetWriteIndexes                  
0     0003f884  _g_usPutReadIndexes                   
1     0003fc80  _g_usPutWriteIndexes                  
1     0000ae40  _i                                    
1     0000ae29  _i_for                                
0     0008389a  _main                                 
0     0008384b  _memcpy                               
1     0000ad32  _ptrCANMsg                            
1     0000ae44  _rxMsgData                            
1     0000ae4c  _rxMsgData2                           
1     0000ae5c  _sRXCANMessage                        
1     0000ae66  _sRXCANMessage2                       
1     0000adc0  _sTXCANMsg                            
1     0000ad31  _status                               
1     0000ae72  _tempSensor_scaleFactor               
1     0000ae70  _tempSensor_tempOffset                
1     0000ae74  _tempSensor_tempSlope                 
1     0000ae2a  _timeout                              
1     0000ae54  _txMsgData                            
abs   ffffffff  binit                                 
0     00082000  cinit                                 
0     00080000  code_start                            
abs   ffffffff  etext                                 
abs   ffffffff  pinit                                 


GLOBAL SYMBOLS: SORTED BY Symbol Address 

page  address   name                                  
----  -------   ----                                  
0     00000ce0  _Cla1SoftIntRegs                      
0     00008000  _InitFlash                            
0     00008000  _RamfuncsRunStart                     
0     00008029  _FlashOff                             
0     00008037  _F28x_usDelay                         
0     0000803b  _SysCtlDelay                          
0     0000803f  _RamfuncsRunEnd                       
0     0003f800  _g_asIPCCPU2toCPU1Buffers             
0     0003f880  _g_usGetWriteIndexes                  
0     0003f884  _g_usPutReadIndexes                   
0     00080000  code_start                            
0     00082000  ___cinit__                            
0     00082000  cinit                                 
0     000821b8  _TIMER1_ISR                           
0     000821c2  _TIMER2_ISR                           
0     000821cc  _DATALOG_ISR                          
0     000821d6  _RTOS_ISR                             
0     000821e0  _EMU_ISR                              
0     000821ea  _NMI_ISR                              
0     000821f4  _ILLEGAL_ISR                          
0     000821fe  _USER1_ISR                            
0     00082208  _USER2_ISR                            
0     00082212  _USER3_ISR                            
0     0008221c  _USER4_ISR                            
0     00082226  _USER5_ISR                            
0     00082230  _USER6_ISR                            
0     0008223a  _USER7_ISR                            
0     00082244  _USER8_ISR                            
0     0008224e  _USER9_ISR                            
0     00082258  _USER10_ISR                           
0     00082262  _USER11_ISR                           
0     0008226c  _USER12_ISR                           
0     00082276  _ADCA1_ISR                            
0     00082280  _ADCB1_ISR                            
0     0008228a  _ADCC1_ISR                            
0     00082294  _XINT1_ISR                            
0     0008229e  _XINT2_ISR                            
0     000822a8  _ADCD1_ISR                            
0     000822b2  _TIMER0_ISR                           
0     000822c8  _WAKE_ISR                             
0     000822d2  _EPWM1_TZ_ISR                         
0     000822dc  _EPWM2_TZ_ISR                         
0     000822e6  _EPWM3_TZ_ISR                         
0     000822f0  _EPWM4_TZ_ISR                         
0     000822fa  _EPWM5_TZ_ISR                         
0     00082304  _EPWM6_TZ_ISR                         
0     0008230e  _EPWM7_TZ_ISR                         
0     00082318  _EPWM8_TZ_ISR                         
0     00082322  _EPWM1_ISR                            
0     0008232c  _EPWM2_ISR                            
0     00082336  _EPWM3_ISR                            
0     00082340  _EPWM4_ISR                            
0     0008234a  _EPWM5_ISR                            
0     00082354  _EPWM6_ISR                            
0     0008235e  _EPWM7_ISR                            
0     00082368  _EPWM8_ISR                            
0     00082372  _ECAP1_ISR                            
0     0008237c  _ECAP2_ISR                            
0     00082386  _ECAP3_ISR                            
0     00082390  _ECAP4_ISR                            
0     0008239a  _ECAP5_ISR                            
0     000823a4  _ECAP6_ISR                            
0     000823ae  _EQEP1_ISR                            
0     000823b8  _EQEP2_ISR                            
0     000823c2  _EQEP3_ISR                            
0     000823cc  _SPIA_RX_ISR                          
0     000823d6  _SPIA_TX_ISR                          
0     000823e0  _SPIB_RX_ISR                          
0     000823ea  _SPIB_TX_ISR                          
0     000823f4  _MCBSPA_RX_ISR                        
0     000823fe  _MCBSPA_TX_ISR                        
0     00082408  _MCBSPB_RX_ISR                        
0     00082412  _MCBSPB_TX_ISR                        
0     0008241c  _DMA_CH1_ISR                          
0     00082426  _DMA_CH2_ISR                          
0     00082430  _DMA_CH3_ISR                          
0     0008243a  _DMA_CH4_ISR                          
0     00082444  _DMA_CH5_ISR                          
0     0008244e  _DMA_CH6_ISR                          
0     00082458  _I2CA_ISR                             
0     00082462  _I2CA_FIFO_ISR                        
0     0008246c  _I2CB_ISR                             
0     00082476  _I2CB_FIFO_ISR                        
0     00082480  _SCIC_RX_ISR                          
0     0008248a  _SCIC_TX_ISR                          
0     00082494  _SCID_RX_ISR                          
0     0008249e  _SCID_TX_ISR                          
0     000824a8  _SCIA_RX_ISR                          
0     000824b2  _SCIA_TX_ISR                          
0     000824bc  _SCIB_RX_ISR                          
0     000824c6  _SCIB_TX_ISR                          
0     000824d0  _CANA0_ISR                            
0     000824da  _CANA1_ISR                            
0     000824e4  _CANB0_ISR                            
0     0008252e  _CANB1_ISR                            
0     00082538  _ADCA_EVT_ISR                         
0     00082542  _ADCA2_ISR                            
0     0008254c  _ADCA3_ISR                            
0     00082556  _ADCA4_ISR                            
0     00082560  _ADCB_EVT_ISR                         
0     0008256a  _ADCB2_ISR                            
0     00082574  _ADCB3_ISR                            
0     0008257e  _ADCB4_ISR                            
0     00082588  _CLA1_1_ISR                           
0     00082592  _CLA1_2_ISR                           
0     0008259c  _CLA1_3_ISR                           
0     000825a6  _CLA1_4_ISR                           
0     000825b0  _CLA1_5_ISR                           
0     000825ba  _CLA1_6_ISR                           
0     000825c4  _CLA1_7_ISR                           
0     000825ce  _CLA1_8_ISR                           
0     000825d8  _XINT3_ISR                            
0     000825e2  _XINT4_ISR                            
0     000825ec  _XINT5_ISR                            
0     000825f6  _VCU_ISR                              
0     00082600  _FPU_OVERFLOW_ISR                     
0     0008260a  _FPU_UNDERFLOW_ISR                    
0     00082614  _IPC0_ISR                             
0     0008261e  _IPC1_ISR                             
0     00082628  _IPC2_ISR                             
0     00082632  _IPC3_ISR                             
0     0008263c  _EPWM9_TZ_ISR                         
0     00082646  _EPWM10_TZ_ISR                        
0     00082650  _EPWM11_TZ_ISR                        
0     0008265a  _EPWM12_TZ_ISR                        
0     00082664  _EPWM9_ISR                            
0     0008266e  _EPWM10_ISR                           
0     00082678  _EPWM11_ISR                           
0     00082682  _EPWM12_ISR                           
0     0008268c  _SD1_ISR                              
0     00082696  _SD2_ISR                              
0     000826a0  _SPIC_RX_ISR                          
0     000826aa  _SPIC_TX_ISR                          
0     000826b4  _UPPA_ISR                             
0     000826be  _USBA_ISR                             
0     000826c8  _ADCC_EVT_ISR                         
0     000826d2  _ADCC2_ISR                            
0     000826dc  _ADCC3_ISR                            
0     000826e6  _ADCC4_ISR                            
0     000826f0  _ADCD_EVT_ISR                         
0     000826fa  _ADCD2_ISR                            
0     00082704  _ADCD3_ISR                            
0     0008270e  _ADCD4_ISR                            
0     00082718  _EMIF_ERROR_ISR                       
0     00082722  _RAM_CORRECTABLE_ERROR_ISR            
0     0008272c  _FLASH_CORRECTABLE_ERROR_ISR          
0     00082736  _RAM_ACCESS_VIOLATION_ISR             
0     00082740  _SYS_PLL_SLIP_ISR                     
0     0008274a  _AUX_PLL_SLIP_ISR                     
0     00082754  _CLA_OVERFLOW_ISR                     
0     0008275e  _CLA_UNDERFLOW_ISR                    
0     00082768  _PIE_RESERVED_ISR                     
0     00082772  _EMPTY_ISR                            
0     0008277f  _NOTUSED_ISR                          
0     000827fa  _CANInit                              
0     000828a7  _CANEnable                            
0     000828b0  _CANDisable                           
0     000828b8  _CANClkSourceSelect                   
0     000828df  _CANBitTimingGet                      
0     0008290a  _CANBitRateSet                        
0     00082977  _CANBitTimingSet                      
0     000829c0  _CANIntRegister                       
0     000829d0  _CANIntUnregister                     
0     000829dd  _CANIntEnable                         
0     000829eb  _CANIntDisable                        
0     000829fb  _CANIntStatus                         
0     00082a15  _CANIntClear                          
0     00082a3e  _CANRetrySet                          
0     00082a4f  _CANRetryGet                          
0     00082a59  _CANStatusGet                         
0     00082a81  _CANErrCntrGet                        
0     00082a9c  _CANMessageSet                        
0     00082b88  _CANMessageGet                        
0     00082c5c  _CANMessageClear                      
0     00082c82  _CANGlobalIntEnable                   
0     00082c8b  _CANGlobalIntDisable                  
0     00082c95  _CANGlobalIntClear                    
0     00082c9e  _CANGlobalIntstatusGet                
0     00082cab  _InitSysCtrl                          
0     00082ce8  _InitPeripheralClocks                 
0     00082d6c  _DisablePeripheralClocks              
0     00082d84  _SeizeFlashPump                       
0     00082d93  _ReleaseFlashPump                     
0     00082d9d  _ServiceDog                           
0     00082dab  _DisableDog                           
0     00082db9  _InitSysPll                           
0     00082e7f  _InitAuxPll                           
0     00082f47  _CsmUnlock                            
0     00082f68  _SysIntOsc1Sel                        
0     00082f72  _SysIntOsc2Sel                        
0     00082f7c  _SysXtalOscSel                        
0     00082f88  _AuxIntOsc2Sel                        
0     00082f92  _AuxXtalOscSel                        
0     00082f9e  _AuxAuxClkSel                         
0     00082fa8  _IDLE                                 
0     00082fb1  _STANDBY                              
0     00082fbc  _HALT                                 
0     00082fd5  _HIB                                  
0     00082ff2  _InitGpio                             
0     00083032  _GPIO_SetupPinMux                     
0     000830be  _GPIO_SetupPinOptions                 
0     00083152  _GPIO_SetupLock                       
0     0008317b  _GPIO_SetupXINT1Gpio                  
0     00083185  _GPIO_SetupXINT2Gpio                  
0     0008318f  _GPIO_SetupXINT3Gpio                  
0     00083199  _GPIO_SetupXINT4Gpio                  
0     000831a3  _GPIO_SetupXINT5Gpio                  
0     000831ad  _GPIO_EnableUnbondedIOPullupsFor176Pin
0     000831c6  _GPIO_EnableUnbondedIOPullupsFor100Pin
0     000831eb  _GPIO_EnableUnbondedIOPullups         
0     00083201  _GPIO_ReadPin                         
0     00083218  _GPIO_WritePin                        
0     00083236  _GPIO_TogglePin                       
0     00083247  _IntMasterEnable                      
0     0008324f  _IntMasterDisable                     
0     00083257  _IntRegister                          
0     0008326a  _IntUnregister                        
0     0008327f  _IntEnable                            
0     00083312  _IntDisable                           
0     00083392  _IntIFRClear                          
0     00083411  _IPCRtoLFlagAcknowledge               
0     00083419  _IPCRtoLFlagBusy                      
0     00083428  _IPCLtoRFlagBusy                      
0     00083437  _IPCLtoRFlagSet                       
0     0008343f  _IPCLtoRFlagClear                     
0     00083447  _IPCGetBootStatus                     
0     0008344b  _IPCBootCPU2                          
0     00083577  _Config_GPIO                          
0     0008361a  FS$$DIV                               
0     000836a2  _InitCpuTimers                        
0     000836e3  _ConfigCpuTimer                       
0     0008371e  _c_int00                              
0     00083774  _Init_HW                              
0     00083798  _Hablitar_ISR                         
0     000837b0  C$$EXIT                               
0     000837b0  _abort                                
0     000837b2  _exit                                 
0     000837d9  _InitPieCtrl                          
0     000837f8  _EnableInterrupts                     
0     00083801  _InitPieVectTable                     
0     00083827  _copy_in                              
0     0008384b  _memcpy                               
0     00083869  __args_main                           
0     00083882  LL$$AND                               
0     0008388a  LL$$OR                                
0     00083892  LL$$XOR                               
0     0008389a  _main                                 
0     000838ac  _IntDefaultHandler                    
0     000838bb  __register_unlock                     
0     000838bf  __register_lock                       
0     000838c3  __nop                                 
0     000838c4  _SetDBGIER                            
0     000838c7  __system_pre_init                     
0     000838c9  __system_post_cinit                   
0     00086000  _RamfuncsLoadStart                    
0     0008603f  _RamfuncsLoadEnd                      
0     00090000  _PieVectTableInit                     
1     00000400  __stack                               
1     00000800  __STACK_END                           
1     00000b00  _AdcaResultRegs                       
1     00000b20  _AdcbResultRegs                       
1     00000b40  _AdccResultRegs                       
1     00000b60  _AdcdResultRegs                       
1     00000c00  _CpuTimer0Regs                        
1     00000c08  _CpuTimer1Regs                        
1     00000c10  _CpuTimer2Regs                        
1     00000ce0  _PieCtrlRegs                          
1     00000d00  _EmuKey                               
1     00000d00  _PieVectTable                         
1     00000d01  _EmuBMode                             
1     00001000  _DmaRegs                              
1     00001400  _Cla1Regs                             
1     00004000  _EPwm1Regs                            
1     00004100  _EPwm2Regs                            
1     00004200  _EPwm3Regs                            
1     00004300  _EPwm4Regs                            
1     00004400  _EPwm5Regs                            
1     00004500  _EPwm6Regs                            
1     00004600  _EPwm7Regs                            
1     00004700  _EPwm8Regs                            
1     00004800  _EPwm9Regs                            
1     00004900  _EPwm10Regs                           
1     00004a00  _EPwm11Regs                           
1     00004b00  _EPwm12Regs                           
1     00005000  _ECap1Regs                            
1     00005020  _ECap2Regs                            
1     00005040  _ECap3Regs                            
1     00005060  _ECap4Regs                            
1     00005080  _ECap5Regs                            
1     000050a0  _ECap6Regs                            
1     00005100  _EQep1Regs                            
1     00005140  _EQep2Regs                            
1     00005180  _EQep3Regs                            
1     00005c00  _DacaRegs                             
1     00005c10  _DacbRegs                             
1     00005c20  _DaccRegs                             
1     00005c80  _Cmpss1Regs                           
1     00005ca0  _Cmpss2Regs                           
1     00005cc0  _Cmpss3Regs                           
1     00005ce0  _Cmpss4Regs                           
1     00005d00  _Cmpss5Regs                           
1     00005d20  _Cmpss6Regs                           
1     00005d40  _Cmpss7Regs                           
1     00005d60  _Cmpss8Regs                           
1     00005e00  _Sdfm1Regs                            
1     00005e80  _Sdfm2Regs                            
1     00006000  _McbspaRegs                           
1     00006040  _McbspbRegs                           
1     00006100  _SpiaRegs                             
1     00006110  _SpibRegs                             
1     00006120  _SpicRegs                             
1     00006200  _UppRegs                              
1     00007000  _WdRegs                               
1     00007060  _NmiIntruptRegs                       
1     00007070  _XintRegs                             
1     00007200  _SciaRegs                             
1     00007210  _ScibRegs                             
1     00007220  _ScicRegs                             
1     00007230  _ScidRegs                             
1     00007300  _I2caRegs                             
1     00007340  _I2cbRegs                             
1     00007400  _AdcaRegs                             
1     00007480  _AdcbRegs                             
1     00007500  _AdccRegs                             
1     00007580  _AdcdRegs                             
1     00007900  _InputXbarRegs                        
1     00007920  _XbarRegs                             
1     00007940  _SyncSocRegs                          
1     00007980  _DmaClaSrcSelRegs                     
1     00007a00  _EPwmXbarRegs                         
1     00007a80  _OutputXbarRegs                       
1     00007c00  _GpioCtrlRegs                         
1     00007f00  _GpioDataRegs                         
1     0000a800  __sys_memory                          
1     0000ac00  _D2                                   
1     0000ac40  _Diccionario_CanOpen                  
1     0000ad30  _OD_Index                             
1     0000ad31  _status                               
1     0000ad32  _ptrCANMsg                            
1     0000ad34  _CANMsg                               
1     0000ad3e  _Direccion_ePWMxregs                  
1     0000ad40  _SCI                                  
1     0000ad44  _MCBSP                                
1     0000ad48  _I2C                                  
1     0000ad4c  _SDFM                                 
1     0000ad52  _EQEP                                 
1     0000ad5a  _SPI                                  
1     0000ad62  _ADC                                  
1     0000ad6c  _ECAP                                 
1     0000ad80  _EPWM                                 
1     0000ad9a  _TRIP_SEL                             
1     0000adc0  _sTXCANMsg                            
1     0000adca  _PowerSupplyMsgRX                     
1     0000adde  _PowerSupplyMsgTX                     
1     0000ae00  _PCMsgTX                              
1     0000ae14  _PCMsgRX                              
1     0000ae29  _i_for                                
1     0000ae2a  _timeout                              
1     0000ae2c  _FIFO_CHADEMO                         
1     0000ae40  _i                                    
1     0000ae42  _errorFlag                            
1     0000ae44  _rxMsgData                            
1     0000ae4c  _rxMsgData2                           
1     0000ae54  _txMsgData                            
1     0000ae5c  _sRXCANMessage                        
1     0000ae66  _sRXCANMessage2                       
1     0000ae70  _tempSensor_tempOffset                
1     0000ae72  _tempSensor_scaleFactor               
1     0000ae74  _tempSensor_tempSlope                 
1     0000ae76  ___TI_enable_exit_profile_output      
1     0000ae78  ___TI_cleanup_ptr                     
1     0000ae7a  ___TI_dtors_ptr                       
1     0000ae7c  _CANB_ISR                             
1     0000ae7e  _Tick                                 
1     0000ae80  _CpuTimer1                            
1     0000ae88  _CpuTimer2                            
1     0000ae90  _CpuTimer0                            
1     0000ae98  __lock                                
1     0000ae9a  __unlock                              
1     0000ae9c  _deviceOpen                           
1     0003fc00  _g_asIPCCPU1toCPU2Buffers             
1     0003fc80  _g_usPutWriteIndexes                  
1     0003fc84  _g_usGetReadIndexes                   
1     00047000  _Emif1Regs                            
1     00047800  _Emif2Regs                            
1     00048000  _CanaRegs                             
1     0004a000  _CanbRegs                             
1     00050000  _IpcRegs                              
1     00050024  _FlashPumpSemaphoreRegs               
1     0005d000  _DevCfgRegs                           
1     0005d180  _AnalogSubsysRegs                     
1     0005d200  _ClkCfgRegs                           
1     0005d300  _CpuSysRegs                           
1     0005e608  _RomPrefetchRegs                      
1     0005f000  _DcsmZ1Regs                           
1     0005f040  _DcsmZ2Regs                           
1     0005f070  _DcsmCommonRegs                       
1     0005f400  _MemCfgRegs                           
1     0005f480  _Emif1ConfigRegs                      
1     0005f4a0  _Emif2ConfigRegs                      
1     0005f4c0  _AccessProtectionRegs                 
1     0005f500  _MemoryErrorRegs                      
1     0005f540  _RomWaitStateRegs                     
1     0005f800  _Flash0CtrlRegs                       
1     0005fb00  _Flash0EccRegs                        
1     00078000  _DcsmZ1Otp                            
1     00078200  _DcsmZ2Otp                            
abs   0000003f  _RamfuncsLoadSize                     
abs   0000003f  _RamfuncsRunSize                      
abs   00000400  __STACK_SIZE                          
abs   00000400  __SYSMEM_SIZE                         
abs   ffffffff  .text                                 
abs   ffffffff  ___TI_pprof_out_hndl                  
abs   ffffffff  ___TI_prof_data_size                  
abs   ffffffff  ___TI_prof_data_start                 
abs   ffffffff  ___binit__                            
abs   ffffffff  ___c_args__                           
abs   ffffffff  ___etext__                            
abs   ffffffff  ___pinit__                            
abs   ffffffff  ___text__                             
abs   ffffffff  binit                                 
abs   ffffffff  etext                                 
abs   ffffffff  pinit                                 
n/a   UNDEFED   _Set_CANOpenMsg_to_Tx                 

[424 symbols]
