<?xml version="1.0" encoding="ISO-8859-1" ?>
<link_info>
   <banner>TMS320C2000 Linker PC v18.1.3.LTS</banner>
   <copyright>Copyright (c) 1996-2017 Texas Instruments Incorporated</copyright>
   <link_time>0x5bbf39e2</link_time>
   <link_errors>0x0</link_errors>
   <output_file>COM_cpu01.out</output_file>
   <entry_point>
      <name>_c_int00</name>
      <address>0x83b72</address>
   </entry_point>
   <input_file_list>
      <input_file id="fl-2">
         <path>.\</path>
         <kind>object</kind>
         <file>main_cpu1.obj</file>
         <name>main_cpu1.obj</name>
      </input_file>
      <input_file id="fl-3">
         <path>.\App\</path>
         <kind>object</kind>
         <file>Chademo.obj</file>
         <name>Chademo.obj</name>
      </input_file>
      <input_file id="fl-4">
         <path>.\App\</path>
         <kind>object</kind>
         <file>Diccionario_CANOpen.obj</file>
         <name>Diccionario_CANOpen.obj</name>
      </input_file>
      <input_file id="fl-5">
         <path>.\UFCharger\F2837xD\Comun\Drivers\</path>
         <kind>object</kind>
         <file>Config_ADC.obj</file>
         <name>Config_ADC.obj</name>
      </input_file>
      <input_file id="fl-6">
         <path>.\UFCharger\F2837xD\Comun\Drivers\</path>
         <kind>object</kind>
         <file>Config_CAN.obj</file>
         <name>Config_CAN.obj</name>
      </input_file>
      <input_file id="fl-7">
         <path>.\UFCharger\F2837xD\Comun\Drivers\</path>
         <kind>object</kind>
         <file>Config_GPIO.obj</file>
         <name>Config_GPIO.obj</name>
      </input_file>
      <input_file id="fl-8">
         <path>.\UFCharger\F2837xD\Comun\Drivers\</path>
         <kind>object</kind>
         <file>Config_PWM.obj</file>
         <name>Config_PWM.obj</name>
      </input_file>
      <input_file id="fl-9">
         <path>.\UFCharger\F2837xD\Comun\Drivers\</path>
         <kind>object</kind>
         <file>FIFO.obj</file>
         <name>FIFO.obj</name>
      </input_file>
      <input_file id="fl-a">
         <path>.\UFCharger\F2837xD\Comun\Drivers\</path>
         <kind>object</kind>
         <file>Init_HW.obj</file>
         <name>Init_HW.obj</name>
      </input_file>
      <input_file id="fl-b">
         <path>.\UFCharger\F2837xD\Comun\Drivers\</path>
         <kind>object</kind>
         <file>MEM.obj</file>
         <name>MEM.obj</name>
      </input_file>
      <input_file id="fl-c">
         <path>.\UFCharger\F2837xD\Comun\</path>
         <kind>object</kind>
         <file>F2837xD_DefaultISR.obj</file>
         <name>F2837xD_DefaultISR.obj</name>
      </input_file>
      <input_file id="fl-d">
         <path>.\UFCharger\F2837xD\Comun\</path>
         <kind>object</kind>
         <file>F2837xD_GlobalVariableDefs.obj</file>
         <name>F2837xD_GlobalVariableDefs.obj</name>
      </input_file>
      <input_file id="fl-e">
         <path>.\UFCharger\F2837xD\Comun\common\</path>
         <kind>object</kind>
         <file>F2837xD_Adc.obj</file>
         <name>F2837xD_Adc.obj</name>
      </input_file>
      <input_file id="fl-f">
         <path>.\UFCharger\F2837xD\Comun\common\</path>
         <kind>object</kind>
         <file>F2837xD_CodeStartBranch.obj</file>
         <name>F2837xD_CodeStartBranch.obj</name>
      </input_file>
      <input_file id="fl-10">
         <path>.\UFCharger\F2837xD\Comun\common\</path>
         <kind>object</kind>
         <file>F2837xD_CpuTimers.obj</file>
         <name>F2837xD_CpuTimers.obj</name>
      </input_file>
      <input_file id="fl-11">
         <path>.\UFCharger\F2837xD\Comun\common\</path>
         <kind>object</kind>
         <file>F2837xD_DBGIER.obj</file>
         <name>F2837xD_DBGIER.obj</name>
      </input_file>
      <input_file id="fl-12">
         <path>.\UFCharger\F2837xD\Comun\common\</path>
         <kind>object</kind>
         <file>F2837xD_Dma.obj</file>
         <name>F2837xD_Dma.obj</name>
      </input_file>
      <input_file id="fl-13">
         <path>.\UFCharger\F2837xD\Comun\common\</path>
         <kind>object</kind>
         <file>F2837xD_ECap.obj</file>
         <name>F2837xD_ECap.obj</name>
      </input_file>
      <input_file id="fl-14">
         <path>.\UFCharger\F2837xD\Comun\common\</path>
         <kind>object</kind>
         <file>F2837xD_EPwm.obj</file>
         <name>F2837xD_EPwm.obj</name>
      </input_file>
      <input_file id="fl-15">
         <path>.\UFCharger\F2837xD\Comun\common\</path>
         <kind>object</kind>
         <file>F2837xD_EQep.obj</file>
         <name>F2837xD_EQep.obj</name>
      </input_file>
      <input_file id="fl-16">
         <path>.\UFCharger\F2837xD\Comun\common\</path>
         <kind>object</kind>
         <file>F2837xD_Emif.obj</file>
         <name>F2837xD_Emif.obj</name>
      </input_file>
      <input_file id="fl-17">
         <path>.\UFCharger\F2837xD\Comun\common\</path>
         <kind>object</kind>
         <file>F2837xD_Gpio.obj</file>
         <name>F2837xD_Gpio.obj</name>
      </input_file>
      <input_file id="fl-18">
         <path>.\UFCharger\F2837xD\Comun\common\</path>
         <kind>object</kind>
         <file>F2837xD_I2C.obj</file>
         <name>F2837xD_I2C.obj</name>
      </input_file>
      <input_file id="fl-19">
         <path>.\UFCharger\F2837xD\Comun\common\</path>
         <kind>object</kind>
         <file>F2837xD_Ipc.obj</file>
         <name>F2837xD_Ipc.obj</name>
      </input_file>
      <input_file id="fl-1a">
         <path>.\UFCharger\F2837xD\Comun\common\</path>
         <kind>object</kind>
         <file>F2837xD_Ipc_Driver.obj</file>
         <name>F2837xD_Ipc_Driver.obj</name>
      </input_file>
      <input_file id="fl-1b">
         <path>.\UFCharger\F2837xD\Comun\common\</path>
         <kind>object</kind>
         <file>F2837xD_Ipc_Driver_Lite.obj</file>
         <name>F2837xD_Ipc_Driver_Lite.obj</name>
      </input_file>
      <input_file id="fl-1c">
         <path>.\UFCharger\F2837xD\Comun\common\</path>
         <kind>object</kind>
         <file>F2837xD_Ipc_Driver_Util.obj</file>
         <name>F2837xD_Ipc_Driver_Util.obj</name>
      </input_file>
      <input_file id="fl-1d">
         <path>.\UFCharger\F2837xD\Comun\common\</path>
         <kind>object</kind>
         <file>F2837xD_Mcbsp.obj</file>
         <name>F2837xD_Mcbsp.obj</name>
      </input_file>
      <input_file id="fl-1e">
         <path>.\UFCharger\F2837xD\Comun\common\</path>
         <kind>object</kind>
         <file>F2837xD_PieCtrl.obj</file>
         <name>F2837xD_PieCtrl.obj</name>
      </input_file>
      <input_file id="fl-1f">
         <path>.\UFCharger\F2837xD\Comun\common\</path>
         <kind>object</kind>
         <file>F2837xD_PieVect.obj</file>
         <name>F2837xD_PieVect.obj</name>
      </input_file>
      <input_file id="fl-20">
         <path>.\UFCharger\F2837xD\Comun\common\</path>
         <kind>object</kind>
         <file>F2837xD_Sci.obj</file>
         <name>F2837xD_Sci.obj</name>
      </input_file>
      <input_file id="fl-21">
         <path>.\UFCharger\F2837xD\Comun\common\</path>
         <kind>object</kind>
         <file>F2837xD_Spi.obj</file>
         <name>F2837xD_Spi.obj</name>
      </input_file>
      <input_file id="fl-22">
         <path>.\UFCharger\F2837xD\Comun\common\</path>
         <kind>object</kind>
         <file>F2837xD_SysCtrl.obj</file>
         <name>F2837xD_SysCtrl.obj</name>
      </input_file>
      <input_file id="fl-23">
         <path>.\UFCharger\F2837xD\Comun\common\</path>
         <kind>object</kind>
         <file>F2837xD_TempSensorConv.obj</file>
         <name>F2837xD_TempSensorConv.obj</name>
      </input_file>
      <input_file id="fl-24">
         <path>.\UFCharger\F2837xD\Comun\common\</path>
         <kind>object</kind>
         <file>F2837xD_Upp.obj</file>
         <name>F2837xD_Upp.obj</name>
      </input_file>
      <input_file id="fl-25">
         <path>.\UFCharger\F2837xD\Comun\common\</path>
         <kind>object</kind>
         <file>F2837xD_can.obj</file>
         <name>F2837xD_can.obj</name>
      </input_file>
      <input_file id="fl-26">
         <path>.\UFCharger\F2837xD\Comun\common\</path>
         <kind>object</kind>
         <file>F2837xD_sci_io.obj</file>
         <name>F2837xD_sci_io.obj</name>
      </input_file>
      <input_file id="fl-27">
         <path>.\UFCharger\F2837xD\Comun\common\</path>
         <kind>object</kind>
         <file>F2837xD_sdfm_drivers.obj</file>
         <name>F2837xD_sdfm_drivers.obj</name>
      </input_file>
      <input_file id="fl-28">
         <path>.\UFCharger\F2837xD\Comun\common\</path>
         <kind>object</kind>
         <file>F2837xD_struct.obj</file>
         <name>F2837xD_struct.obj</name>
      </input_file>
      <input_file id="fl-29">
         <path>.\UFCharger\F2837xD\Comun\common\</path>
         <kind>object</kind>
         <file>F2837xD_usDelay.obj</file>
         <name>F2837xD_usDelay.obj</name>
      </input_file>
      <input_file id="fl-2a">
         <path>.\UFCharger\F2837xD\Comun\driverlib\</path>
         <kind>object</kind>
         <file>can.obj</file>
         <name>can.obj</name>
      </input_file>
      <input_file id="fl-2b">
         <path>.\UFCharger\F2837xD\Comun\driverlib\</path>
         <kind>object</kind>
         <file>interrupt.obj</file>
         <name>interrupt.obj</name>
      </input_file>
      <input_file id="fl-2c">
         <path>.\UFCharger\F2837xD\Comun\driverlib\</path>
         <kind>object</kind>
         <file>sysctl.obj</file>
         <name>sysctl.obj</name>
      </input_file>
      <input_file id="fl-2d">
         <path>.\UFCharger\F2837xD\Comun\driverlib\</path>
         <kind>object</kind>
         <file>systick.obj</file>
         <name>systick.obj</name>
      </input_file>
      <input_file id="fl-2e">
         <path>.\UFCharger\F2837xD\Comun\driverlib\</path>
         <kind>object</kind>
         <file>uart.obj</file>
         <name>uart.obj</name>
      </input_file>
      <input_file id="fl-2f">
         <path>.\UFCharger\F2837xD\Comun\driverlib\</path>
         <kind>object</kind>
         <file>usb.obj</file>
         <name>usb.obj</name>
      </input_file>
      <input_file id="fl-35">
         <kind>object</kind>
         <file>&lt;internal&gt;</file>
         <name>&lt;internal&gt;</name>
      </input_file>
      <input_file id="fl-36">
         <path>C:\Users\dagaro\workspace\Firmware_Test\UFCharger\F2837xD\ti-cgt-c2000_16.9.6.LTS\lib\</path>
         <kind>archive</kind>
         <file>rts2800_fpu32.lib</file>
         <name>boot28.obj</name>
      </input_file>
      <input_file id="fl-37">
         <path>C:\Users\dagaro\workspace\Firmware_Test\UFCharger\F2837xD\ti-cgt-c2000_16.9.6.LTS\lib\</path>
         <kind>archive</kind>
         <file>rts2800_fpu32.lib</file>
         <name>cpy_tbl.obj</name>
      </input_file>
      <input_file id="fl-38">
         <path>C:\Users\dagaro\workspace\Firmware_Test\UFCharger\F2837xD\ti-cgt-c2000_16.9.6.LTS\lib\</path>
         <kind>archive</kind>
         <file>rts2800_fpu32.lib</file>
         <name>exit.obj</name>
      </input_file>
      <input_file id="fl-39">
         <path>C:\Users\dagaro\workspace\Firmware_Test\UFCharger\F2837xD\ti-cgt-c2000_16.9.6.LTS\lib\</path>
         <kind>archive</kind>
         <file>rts2800_fpu32.lib</file>
         <name>fs_div28.obj</name>
      </input_file>
      <input_file id="fl-3a">
         <path>C:\Users\dagaro\workspace\Firmware_Test\UFCharger\F2837xD\ti-cgt-c2000_16.9.6.LTS\lib\</path>
         <kind>archive</kind>
         <file>rts2800_fpu32.lib</file>
         <name>ll_aox28.obj</name>
      </input_file>
      <input_file id="fl-3b">
         <path>C:\Users\dagaro\workspace\Firmware_Test\UFCharger\F2837xD\ti-cgt-c2000_16.9.6.LTS\lib\</path>
         <kind>archive</kind>
         <file>rts2800_fpu32.lib</file>
         <name>memcpy.obj</name>
      </input_file>
      <input_file id="fl-3c">
         <path>C:\Users\dagaro\workspace\Firmware_Test\UFCharger\F2837xD\ti-cgt-c2000_16.9.6.LTS\lib\</path>
         <kind>archive</kind>
         <file>rts2800_fpu32.lib</file>
         <name>memory.obj</name>
      </input_file>
      <input_file id="fl-3d">
         <path>C:\Users\dagaro\workspace\Firmware_Test\UFCharger\F2837xD\ti-cgt-c2000_16.9.6.LTS\lib\</path>
         <kind>archive</kind>
         <file>rts2800_fpu32.lib</file>
         <name>memset.obj</name>
      </input_file>
      <input_file id="fl-3e">
         <path>C:\Users\dagaro\workspace\Firmware_Test\UFCharger\F2837xD\ti-cgt-c2000_16.9.6.LTS\lib\</path>
         <kind>archive</kind>
         <file>rts2800_fpu32.lib</file>
         <name>pre_init.obj</name>
      </input_file>
      <input_file id="fl-3f">
         <path>C:\Users\dagaro\workspace\Firmware_Test\UFCharger\F2837xD\ti-cgt-c2000_16.9.6.LTS\lib\</path>
         <kind>archive</kind>
         <file>rts2800_fpu32.lib</file>
         <name>startup.obj</name>
      </input_file>
      <input_file id="fl-40">
         <path>C:\Users\dagaro\workspace\Firmware_Test\UFCharger\F2837xD\ti-cgt-c2000_16.9.6.LTS\lib\</path>
         <kind>archive</kind>
         <file>rts2800_fpu32.lib</file>
         <name>_lock.obj</name>
      </input_file>
      <input_file id="fl-41">
         <path>C:\Users\dagaro\workspace\Firmware_Test\UFCharger\F2837xD\ti-cgt-c2000_16.9.6.LTS\lib\</path>
         <kind>archive</kind>
         <file>rts2800_fpu32.lib</file>
         <name>args_main.obj</name>
      </input_file>
   </input_file_list>
   <object_component_list>
      <object_component id="oc-98">
         <name>.cinit</name>
         <load_address>0x82000</load_address>
         <run_address>0x82000</run_address>
         <size>0xf3</size>
         <input_file_ref idref="fl-4"/>
      </object_component>
      <object_component id="oc-1b7">
         <name>.cinit</name>
         <load_address>0x820f3</load_address>
         <run_address>0x820f3</run_address>
         <size>0x90</size>
         <input_file_ref idref="fl-28"/>
      </object_component>
      <object_component id="oc-1eb">
         <name>.cinit</name>
         <load_address>0x82183</load_address>
         <run_address>0x82183</run_address>
         <size>0xe</size>
         <input_file_ref idref="fl-38"/>
      </object_component>
      <object_component id="oc-91">
         <name>.cinit</name>
         <load_address>0x82191</load_address>
         <run_address>0x82191</run_address>
         <size>0x5</size>
         <input_file_ref idref="fl-3"/>
      </object_component>
      <object_component id="oc-a1">
         <name>.cinit</name>
         <load_address>0x82196</load_address>
         <run_address>0x82196</run_address>
         <size>0x5</size>
         <input_file_ref idref="fl-6"/>
      </object_component>
      <object_component id="oc-22a">
         <name>.cinit:__lock</name>
         <load_address>0x8219b</load_address>
         <run_address>0x8219b</run_address>
         <size>0x5</size>
         <input_file_ref idref="fl-40"/>
      </object_component>
      <object_component id="oc-230">
         <name>.cinit:__unlock</name>
         <load_address>0x821a0</load_address>
         <run_address>0x821a0</run_address>
         <size>0x5</size>
         <input_file_ref idref="fl-40"/>
      </object_component>
      <object_component id="oc-1ab">
         <name>.cinit</name>
         <load_address>0x821a5</load_address>
         <run_address>0x821a5</run_address>
         <size>0x4</size>
         <input_file_ref idref="fl-26"/>
      </object_component>
      <object_component id="oc-201">
         <name>.cinit</name>
         <load_address>0x821a9</load_address>
         <run_address>0x821a9</run_address>
         <size>0x4</size>
         <input_file_ref idref="fl-3c"/>
      </object_component>
      <object_component id="oc-c3">
         <name>.text:retain</name>
         <load_address>0x821b0</load_address>
         <run_address>0x821b0</run_address>
         <size>0x5d1</size>
         <input_file_ref idref="fl-c"/>
      </object_component>
      <object_component id="oc-226">
         <name>.text</name>
         <load_address>0x82781</load_address>
         <run_address>0x82781</run_address>
         <size>0x522</size>
         <input_file_ref idref="fl-2a"/>
      </object_component>
      <object_component id="oc-231">
         <name>.text</name>
         <load_address>0x82ca3</load_address>
         <run_address>0x82ca3</run_address>
         <size>0x347</size>
         <input_file_ref idref="fl-22"/>
      </object_component>
      <object_component id="oc-234">
         <name>.text</name>
         <load_address>0x82fea</load_address>
         <run_address>0x82fea</run_address>
         <size>0x255</size>
         <input_file_ref idref="fl-17"/>
      </object_component>
      <object_component id="oc-239">
         <name>.text</name>
         <load_address>0x8323f</load_address>
         <run_address>0x8323f</run_address>
         <size>0x1ff</size>
         <input_file_ref idref="fl-9"/>
      </object_component>
      <object_component id="oc-23d">
         <name>.text</name>
         <load_address>0x8343e</load_address>
         <run_address>0x8343e</run_address>
         <size>0x1d2</size>
         <input_file_ref idref="fl-3c"/>
      </object_component>
      <object_component id="oc-22c">
         <name>.text</name>
         <load_address>0x83610</load_address>
         <run_address>0x83610</run_address>
         <size>0x1ca</size>
         <input_file_ref idref="fl-2b"/>
      </object_component>
      <object_component id="oc-235">
         <name>.text</name>
         <load_address>0x837da</load_address>
         <run_address>0x837da</run_address>
         <size>0x166</size>
         <input_file_ref idref="fl-1c"/>
      </object_component>
      <object_component id="oc-233">
         <name>.text</name>
         <load_address>0x83940</load_address>
         <run_address>0x83940</run_address>
         <size>0xa3</size>
         <input_file_ref idref="fl-7"/>
      </object_component>
      <object_component id="oc-238">
         <name>.text</name>
         <load_address>0x839e3</load_address>
         <run_address>0x839e3</run_address>
         <size>0x8b</size>
         <input_file_ref idref="fl-6"/>
      </object_component>
      <object_component id="oc-1f1">
         <name>.text</name>
         <load_address>0x83a6e</load_address>
         <run_address>0x83a6e</run_address>
         <size>0x88</size>
         <input_file_ref idref="fl-39"/>
      </object_component>
      <object_component id="oc-232">
         <name>.text</name>
         <load_address>0x83af6</load_address>
         <run_address>0x83af6</run_address>
         <size>0x7c</size>
         <input_file_ref idref="fl-10"/>
      </object_component>
      <object_component id="oc-8a">
         <name>.text</name>
         <load_address>0x83b72</load_address>
         <run_address>0x83b72</run_address>
         <size>0x56</size>
         <input_file_ref idref="fl-36"/>
      </object_component>
      <object_component id="oc-22d">
         <name>.text</name>
         <load_address>0x83bc8</load_address>
         <run_address>0x83bc8</run_address>
         <size>0x3c</size>
         <input_file_ref idref="fl-a"/>
      </object_component>
      <object_component id="oc-22e">
         <name>.text</name>
         <load_address>0x83c04</load_address>
         <run_address>0x83c04</run_address>
         <size>0x34</size>
         <input_file_ref idref="fl-3"/>
      </object_component>
      <object_component id="oc-225">
         <name>.text</name>
         <load_address>0x83c38</load_address>
         <run_address>0x83c38</run_address>
         <size>0x29</size>
         <input_file_ref idref="fl-38"/>
      </object_component>
      <object_component id="oc-236">
         <name>.text</name>
         <load_address>0x83c61</load_address>
         <run_address>0x83c61</run_address>
         <size>0x28</size>
         <input_file_ref idref="fl-1e"/>
      </object_component>
      <object_component id="oc-237">
         <name>.text</name>
         <load_address>0x83c89</load_address>
         <run_address>0x83c89</run_address>
         <size>0x26</size>
         <input_file_ref idref="fl-1f"/>
      </object_component>
      <object_component id="oc-222">
         <name>.text</name>
         <load_address>0x83caf</load_address>
         <run_address>0x83caf</run_address>
         <size>0x24</size>
         <input_file_ref idref="fl-37"/>
      </object_component>
      <object_component id="oc-227">
         <name>.text</name>
         <load_address>0x83cd3</load_address>
         <run_address>0x83cd3</run_address>
         <size>0x1e</size>
         <input_file_ref idref="fl-3b"/>
      </object_component>
      <object_component id="oc-224">
         <name>.text</name>
         <load_address>0x83cf1</load_address>
         <run_address>0x83cf1</run_address>
         <size>0x19</size>
         <input_file_ref idref="fl-41"/>
      </object_component>
      <object_component id="oc-1f6">
         <name>.text</name>
         <load_address>0x83d0a</load_address>
         <run_address>0x83d0a</run_address>
         <size>0x18</size>
         <input_file_ref idref="fl-3a"/>
      </object_component>
      <object_component id="oc-1c5">
         <name>.text:retain</name>
         <load_address>0x83d22</load_address>
         <run_address>0x83d22</run_address>
         <size>0xf</size>
         <input_file_ref idref="fl-2b"/>
      </object_component>
      <object_component id="oc-228">
         <name>.text</name>
         <load_address>0x83d31</load_address>
         <run_address>0x83d31</run_address>
         <size>0x9</size>
         <input_file_ref idref="fl-2"/>
      </object_component>
      <object_component id="oc-22f">
         <name>.text</name>
         <load_address>0x83d3a</load_address>
         <run_address>0x83d3a</run_address>
         <size>0x9</size>
         <input_file_ref idref="fl-40"/>
      </object_component>
      <object_component id="oc-13d">
         <name>.text</name>
         <load_address>0x83d43</load_address>
         <run_address>0x83d43</run_address>
         <size>0x3</size>
         <input_file_ref idref="fl-11"/>
      </object_component>
      <object_component id="oc-221">
         <name>.text</name>
         <load_address>0x83d46</load_address>
         <run_address>0x83d46</run_address>
         <size>0x2</size>
         <input_file_ref idref="fl-3e"/>
      </object_component>
      <object_component id="oc-223">
         <name>.text</name>
         <load_address>0x83d48</load_address>
         <run_address>0x83d48</run_address>
         <size>0x1</size>
         <input_file_ref idref="fl-3f"/>
      </object_component>
      <object_component id="oc-132">
         <name>codestart</name>
         <load_address>0x80000</load_address>
         <run_address>0x80000</run_address>
         <size>0x2</size>
         <input_file_ref idref="fl-f"/>
      </object_component>
      <object_component id="oc-1df">
         <name>.stack</name>
         <uninitialized>true</uninitialized>
         <run_address>0x400</run_address>
         <size>0x0</size>
         <input_file_ref idref="fl-36"/>
      </object_component>
      <object_component id="oc-2cd">
         <name>.stack</name>
         <uninitialized>true</uninitialized>
         <run_address>0x400</run_address>
         <size>0x0</size>
      </object_component>
      <object_component id="oc-99">
         <name>.ebss</name>
         <uninitialized>true</uninitialized>
         <run_address>0xac00</run_address>
         <size>0x130</size>
         <input_file_ref idref="fl-4"/>
      </object_component>
      <object_component id="oc-203">
         <name>.ebss</name>
         <uninitialized>true</uninitialized>
         <run_address>0xad30</run_address>
         <size>0x8</size>
         <input_file_ref idref="fl-3c"/>
      </object_component>
      <object_component id="oc-19b">
         <name>.ebss</name>
         <uninitialized>true</uninitialized>
         <run_address>0xad38</run_address>
         <size>0x6</size>
         <input_file_ref idref="fl-23"/>
      </object_component>
      <object_component id="oc-ad">
         <name>.ebss</name>
         <uninitialized>true</uninitialized>
         <run_address>0xad3e</run_address>
         <size>0x2</size>
         <input_file_ref idref="fl-8"/>
      </object_component>
      <object_component id="oc-92">
         <name>.ebss</name>
         <uninitialized>true</uninitialized>
         <run_address>0xad40</run_address>
         <size>0xd4</size>
         <input_file_ref idref="fl-3"/>
      </object_component>
      <object_component id="oc-138">
         <name>.ebss</name>
         <uninitialized>true</uninitialized>
         <run_address>0xae14</run_address>
         <size>0x18</size>
         <input_file_ref idref="fl-10"/>
      </object_component>
      <object_component id="oc-1ec">
         <name>.ebss</name>
         <uninitialized>true</uninitialized>
         <run_address>0xae2c</run_address>
         <size>0x6</size>
         <input_file_ref idref="fl-38"/>
      </object_component>
      <object_component id="oc-c2">
         <name>.ebss</name>
         <uninitialized>true</uninitialized>
         <run_address>0xae32</run_address>
         <size>0x4</size>
         <input_file_ref idref="fl-c"/>
      </object_component>
      <object_component id="oc-229">
         <name>.ebss:__lock</name>
         <uninitialized>true</uninitialized>
         <run_address>0xae36</run_address>
         <size>0x2</size>
         <input_file_ref idref="fl-40"/>
      </object_component>
      <object_component id="oc-23a">
         <name>.ebss:__unlock</name>
         <uninitialized>true</uninitialized>
         <run_address>0xae38</run_address>
         <size>0x2</size>
         <input_file_ref idref="fl-40"/>
      </object_component>
      <object_component id="oc-1ac">
         <name>.ebss</name>
         <uninitialized>true</uninitialized>
         <run_address>0xae3a</run_address>
         <size>0x1</size>
         <input_file_ref idref="fl-26"/>
      </object_component>
      <object_component id="oc-1b8">
         <name>.ebss</name>
         <uninitialized>true</uninitialized>
         <run_address>0xae40</run_address>
         <size>0x78</size>
         <input_file_ref idref="fl-28"/>
      </object_component>
      <object_component id="oc-a2">
         <name>.ebss</name>
         <uninitialized>true</uninitialized>
         <run_address>0xaec0</run_address>
         <size>0x30</size>
         <input_file_ref idref="fl-6"/>
      </object_component>
      <object_component id="oc-202">
         <name>.esysmem</name>
         <uninitialized>true</uninitialized>
         <run_address>0xa800</run_address>
         <size>0x1</size>
         <input_file_ref idref="fl-3c"/>
      </object_component>
      <object_component id="oc-2ce">
         <name>.esysmem</name>
         <uninitialized>true</uninitialized>
         <run_address>0xa800</run_address>
         <size>0x0</size>
      </object_component>
      <object_component id="oc-23c">
         <name>.econst:_PieVectTableInit</name>
         <load_address>0x90000</load_address>
         <run_address>0x90000</run_address>
         <size>0x1c0</size>
         <input_file_ref idref="fl-1f"/>
      </object_component>
      <object_component id="oc-22b">
         <name>.econst:_g_ui16CANBitValues</name>
         <load_address>0x901c0</load_address>
         <run_address>0x901c0</run_address>
         <size>0x9</size>
         <input_file_ref idref="fl-2a"/>
      </object_component>
      <object_component id="oc-1e0">
         <name>.reset</name>
         <load_address>0x3fffc0</load_address>
         <run_address>0x3fffc0</run_address>
         <size>0x2</size>
         <input_file_ref idref="fl-36"/>
      </object_component>
      <object_component id="oc-23b">
         <name>.TI.ramfunc</name>
         <load_address>0x86000</load_address>
         <run_address>0x8000</run_address>
         <size>0x37</size>
         <input_file_ref idref="fl-22"/>
      </object_component>
      <object_component id="oc-1ba">
         <name>.TI.ramfunc</name>
         <load_address>0x86037</load_address>
         <run_address>0x8037</run_address>
         <size>0x4</size>
         <input_file_ref idref="fl-29"/>
      </object_component>
      <object_component id="oc-1cb">
         <name>.TI.ramfunc</name>
         <load_address>0x8603b</load_address>
         <run_address>0x803b</run_address>
         <size>0x4</size>
         <input_file_ref idref="fl-2c"/>
      </object_component>
      <object_component id="oc-16f">
         <name>PUTBUFFER</name>
         <uninitialized>true</uninitialized>
         <run_address>0x3fc00</run_address>
         <size>0x80</size>
         <input_file_ref idref="fl-1a"/>
      </object_component>
      <object_component id="oc-16c">
         <name>PUTWRITEIDX</name>
         <uninitialized>true</uninitialized>
         <run_address>0x3fc80</run_address>
         <size>0x4</size>
         <input_file_ref idref="fl-1a"/>
      </object_component>
      <object_component id="oc-16e">
         <name>GETREADIDX</name>
         <uninitialized>true</uninitialized>
         <run_address>0x3fc84</run_address>
         <size>0x4</size>
         <input_file_ref idref="fl-1a"/>
      </object_component>
      <object_component id="oc-170">
         <name>GETBUFFER</name>
         <uninitialized>true</uninitialized>
         <run_address>0x3f800</run_address>
         <size>0x80</size>
         <input_file_ref idref="fl-1a"/>
      </object_component>
      <object_component id="oc-16b">
         <name>GETWRITEIDX</name>
         <uninitialized>true</uninitialized>
         <run_address>0x3f880</run_address>
         <size>0x4</size>
         <input_file_ref idref="fl-1a"/>
      </object_component>
      <object_component id="oc-16d">
         <name>PUTREADIDX</name>
         <uninitialized>true</uninitialized>
         <run_address>0x3f884</run_address>
         <size>0x4</size>
         <input_file_ref idref="fl-1a"/>
      </object_component>
      <object_component id="oc-12b">
         <name>PieVectTableFile</name>
         <uninitialized>true</uninitialized>
         <run_address>0xd00</run_address>
         <size>0x1c0</size>
         <input_file_ref idref="fl-d"/>
      </object_component>
      <object_component id="oc-ca">
         <name>EmuKeyVar</name>
         <uninitialized>true</uninitialized>
         <run_address>0xd00</run_address>
         <size>0x1</size>
         <input_file_ref idref="fl-d"/>
      </object_component>
      <object_component id="oc-c9">
         <name>EmuBModeVar</name>
         <uninitialized>true</uninitialized>
         <run_address>0xd01</run_address>
         <size>0x1</size>
         <input_file_ref idref="fl-d"/>
      </object_component>
      <object_component id="oc-e1">
         <name>AdcaResultFile</name>
         <uninitialized>true</uninitialized>
         <run_address>0xb00</run_address>
         <size>0x18</size>
         <input_file_ref idref="fl-d"/>
      </object_component>
      <object_component id="oc-e3">
         <name>AdcbResultFile</name>
         <uninitialized>true</uninitialized>
         <run_address>0xb20</run_address>
         <size>0x18</size>
         <input_file_ref idref="fl-d"/>
      </object_component>
      <object_component id="oc-e0">
         <name>AdccResultFile</name>
         <uninitialized>true</uninitialized>
         <run_address>0xb40</run_address>
         <size>0x18</size>
         <input_file_ref idref="fl-d"/>
      </object_component>
      <object_component id="oc-e2">
         <name>AdcdResultFile</name>
         <uninitialized>true</uninitialized>
         <run_address>0xb60</run_address>
         <size>0x18</size>
         <input_file_ref idref="fl-d"/>
      </object_component>
      <object_component id="oc-115">
         <name>AdcaRegsFile</name>
         <uninitialized>true</uninitialized>
         <run_address>0x7400</run_address>
         <size>0x80</size>
         <input_file_ref idref="fl-d"/>
      </object_component>
      <object_component id="oc-117">
         <name>AdcbRegsFile</name>
         <uninitialized>true</uninitialized>
         <run_address>0x7480</run_address>
         <size>0x80</size>
         <input_file_ref idref="fl-d"/>
      </object_component>
      <object_component id="oc-112">
         <name>AdccRegsFile</name>
         <uninitialized>true</uninitialized>
         <run_address>0x7500</run_address>
         <size>0x80</size>
         <input_file_ref idref="fl-d"/>
      </object_component>
      <object_component id="oc-111">
         <name>AdcdRegsFile</name>
         <uninitialized>true</uninitialized>
         <run_address>0x7580</run_address>
         <size>0x80</size>
         <input_file_ref idref="fl-d"/>
      </object_component>
      <object_component id="oc-10e">
         <name>AnalogSubsysRegsFile</name>
         <uninitialized>true</uninitialized>
         <run_address>0x5d180</run_address>
         <size>0x48</size>
         <input_file_ref idref="fl-d"/>
      </object_component>
      <object_component id="oc-119">
         <name>CanaRegsFile</name>
         <uninitialized>true</uninitialized>
         <run_address>0x48000</run_address>
         <size>0xa4</size>
         <input_file_ref idref="fl-d"/>
      </object_component>
      <object_component id="oc-11a">
         <name>CanbRegsFile</name>
         <uninitialized>true</uninitialized>
         <run_address>0x4a000</run_address>
         <size>0xa4</size>
         <input_file_ref idref="fl-d"/>
      </object_component>
      <object_component id="oc-108">
         <name>Cla1RegsFile</name>
         <uninitialized>true</uninitialized>
         <run_address>0x1400</run_address>
         <size>0x3e</size>
         <input_file_ref idref="fl-d"/>
      </object_component>
      <object_component id="oc-ce">
         <name>Cla1SoftIntRegsFile</name>
         <uninitialized>true</uninitialized>
         <run_address>0xce0</run_address>
         <size>0x4</size>
         <input_file_ref idref="fl-d"/>
      </object_component>
      <object_component id="oc-f2">
         <name>Cmpss1RegsFile</name>
         <uninitialized>true</uninitialized>
         <run_address>0x5c80</run_address>
         <size>0x20</size>
         <input_file_ref idref="fl-d"/>
      </object_component>
      <object_component id="oc-f4">
         <name>Cmpss2RegsFile</name>
         <uninitialized>true</uninitialized>
         <run_address>0x5ca0</run_address>
         <size>0x20</size>
         <input_file_ref idref="fl-d"/>
      </object_component>
      <object_component id="oc-f6">
         <name>Cmpss3RegsFile</name>
         <uninitialized>true</uninitialized>
         <run_address>0x5cc0</run_address>
         <size>0x20</size>
         <input_file_ref idref="fl-d"/>
      </object_component>
      <object_component id="oc-f0">
         <name>Cmpss4RegsFile</name>
         <uninitialized>true</uninitialized>
         <run_address>0x5ce0</run_address>
         <size>0x20</size>
         <input_file_ref idref="fl-d"/>
      </object_component>
      <object_component id="oc-ef">
         <name>Cmpss5RegsFile</name>
         <uninitialized>true</uninitialized>
         <run_address>0x5d00</run_address>
         <size>0x20</size>
         <input_file_ref idref="fl-d"/>
      </object_component>
      <object_component id="oc-f9">
         <name>Cmpss6RegsFile</name>
         <uninitialized>true</uninitialized>
         <run_address>0x5d20</run_address>
         <size>0x20</size>
         <input_file_ref idref="fl-d"/>
      </object_component>
      <object_component id="oc-f3">
         <name>Cmpss7RegsFile</name>
         <uninitialized>true</uninitialized>
         <run_address>0x5d40</run_address>
         <size>0x20</size>
         <input_file_ref idref="fl-d"/>
      </object_component>
      <object_component id="oc-f1">
         <name>Cmpss8RegsFile</name>
         <uninitialized>true</uninitialized>
         <run_address>0x5d60</run_address>
         <size>0x20</size>
         <input_file_ref idref="fl-d"/>
      </object_component>
      <object_component id="oc-d2">
         <name>CpuTimer0RegsFile</name>
         <uninitialized>true</uninitialized>
         <run_address>0xc00</run_address>
         <size>0x8</size>
         <input_file_ref idref="fl-d"/>
      </object_component>
      <object_component id="oc-d5">
         <name>CpuTimer1RegsFile</name>
         <uninitialized>true</uninitialized>
         <run_address>0xc08</run_address>
         <size>0x8</size>
         <input_file_ref idref="fl-d"/>
      </object_component>
      <object_component id="oc-d4">
         <name>CpuTimer2RegsFile</name>
         <uninitialized>true</uninitialized>
         <run_address>0xc10</run_address>
         <size>0x8</size>
         <input_file_ref idref="fl-d"/>
      </object_component>
      <object_component id="oc-d3">
         <name>DacaRegsFile</name>
         <uninitialized>true</uninitialized>
         <run_address>0x5c00</run_address>
         <size>0x8</size>
         <input_file_ref idref="fl-d"/>
      </object_component>
      <object_component id="oc-d6">
         <name>DacbRegsFile</name>
         <uninitialized>true</uninitialized>
         <run_address>0x5c10</run_address>
         <size>0x8</size>
         <input_file_ref idref="fl-d"/>
      </object_component>
      <object_component id="oc-d7">
         <name>DaccRegsFile</name>
         <uninitialized>true</uninitialized>
         <run_address>0x5c20</run_address>
         <size>0x8</size>
         <input_file_ref idref="fl-d"/>
      </object_component>
      <object_component id="oc-101">
         <name>DcsmZ1RegsFile</name>
         <uninitialized>true</uninitialized>
         <run_address>0x5f000</run_address>
         <size>0x24</size>
         <input_file_ref idref="fl-d"/>
      </object_component>
      <object_component id="oc-ff">
         <name>DcsmZ2RegsFile</name>
         <uninitialized>true</uninitialized>
         <run_address>0x5f040</run_address>
         <size>0x24</size>
         <input_file_ref idref="fl-d"/>
      </object_component>
      <object_component id="oc-d1">
         <name>DcsmCommonRegsFile</name>
         <uninitialized>true</uninitialized>
         <run_address>0x5f070</run_address>
         <size>0x8</size>
         <input_file_ref idref="fl-d"/>
      </object_component>
      <object_component id="oc-f7">
         <name>DcsmZ1OtpFile</name>
         <uninitialized>true</uninitialized>
         <run_address>0x78000</run_address>
         <size>0x20</size>
         <input_file_ref idref="fl-d"/>
      </object_component>
      <object_component id="oc-f8">
         <name>DcsmZ2OtpFile</name>
         <uninitialized>true</uninitialized>
         <run_address>0x78200</run_address>
         <size>0x20</size>
         <input_file_ref idref="fl-d"/>
      </object_component>
      <object_component id="oc-11b">
         <name>DmaRegsFile</name>
         <uninitialized>true</uninitialized>
         <run_address>0x1000</run_address>
         <size>0xe0</size>
         <input_file_ref idref="fl-d"/>
      </object_component>
      <object_component id="oc-e5">
         <name>DmaClaSrcSelRegsFile</name>
         <uninitialized>true</uninitialized>
         <run_address>0x7980</run_address>
         <size>0x1a</size>
         <input_file_ref idref="fl-d"/>
      </object_component>
      <object_component id="oc-f5">
         <name>ECap1RegsFile</name>
         <uninitialized>true</uninitialized>
         <run_address>0x5000</run_address>
         <size>0x20</size>
         <input_file_ref idref="fl-d"/>
      </object_component>
      <object_component id="oc-e9">
         <name>ECap2RegsFile</name>
         <uninitialized>true</uninitialized>
         <run_address>0x5020</run_address>
         <size>0x20</size>
         <input_file_ref idref="fl-d"/>
      </object_component>
      <object_component id="oc-e8">
         <name>ECap3RegsFile</name>
         <uninitialized>true</uninitialized>
         <run_address>0x5040</run_address>
         <size>0x20</size>
         <input_file_ref idref="fl-d"/>
      </object_component>
      <object_component id="oc-e6">
         <name>ECap4RegsFile</name>
         <uninitialized>true</uninitialized>
         <run_address>0x5060</run_address>
         <size>0x20</size>
         <input_file_ref idref="fl-d"/>
      </object_component>
      <object_component id="oc-e7">
         <name>ECap5RegsFile</name>
         <uninitialized>true</uninitialized>
         <run_address>0x5080</run_address>
         <size>0x20</size>
         <input_file_ref idref="fl-d"/>
      </object_component>
      <object_component id="oc-ee">
         <name>ECap6RegsFile</name>
         <uninitialized>true</uninitialized>
         <run_address>0x50a0</run_address>
         <size>0x20</size>
         <input_file_ref idref="fl-d"/>
      </object_component>
      <object_component id="oc-10f">
         <name>Emif1RegsFile</name>
         <uninitialized>true</uninitialized>
         <run_address>0x47000</run_address>
         <size>0x70</size>
         <input_file_ref idref="fl-d"/>
      </object_component>
      <object_component id="oc-110">
         <name>Emif2RegsFile</name>
         <uninitialized>true</uninitialized>
         <run_address>0x47800</run_address>
         <size>0x70</size>
         <input_file_ref idref="fl-d"/>
      </object_component>
      <object_component id="oc-120">
         <name>EPwm1RegsFile</name>
         <uninitialized>true</uninitialized>
         <run_address>0x4000</run_address>
         <size>0x100</size>
         <input_file_ref idref="fl-d"/>
      </object_component>
      <object_component id="oc-11f">
         <name>EPwm2RegsFile</name>
         <uninitialized>true</uninitialized>
         <run_address>0x4100</run_address>
         <size>0x100</size>
         <input_file_ref idref="fl-d"/>
      </object_component>
      <object_component id="oc-122">
         <name>EPwm3RegsFile</name>
         <uninitialized>true</uninitialized>
         <run_address>0x4200</run_address>
         <size>0x100</size>
         <input_file_ref idref="fl-d"/>
      </object_component>
      <object_component id="oc-11d">
         <name>EPwm4RegsFile</name>
         <uninitialized>true</uninitialized>
         <run_address>0x4300</run_address>
         <size>0x100</size>
         <input_file_ref idref="fl-d"/>
      </object_component>
      <object_component id="oc-11c">
         <name>EPwm5RegsFile</name>
         <uninitialized>true</uninitialized>
         <run_address>0x4400</run_address>
         <size>0x100</size>
         <input_file_ref idref="fl-d"/>
      </object_component>
      <object_component id="oc-121">
         <name>EPwm6RegsFile</name>
         <uninitialized>true</uninitialized>
         <run_address>0x4500</run_address>
         <size>0x100</size>
         <input_file_ref idref="fl-d"/>
      </object_component>
      <object_component id="oc-11e">
         <name>EPwm7RegsFile</name>
         <uninitialized>true</uninitialized>
         <run_address>0x4600</run_address>
         <size>0x100</size>
         <input_file_ref idref="fl-d"/>
      </object_component>
      <object_component id="oc-127">
         <name>EPwm8RegsFile</name>
         <uninitialized>true</uninitialized>
         <run_address>0x4700</run_address>
         <size>0x100</size>
         <input_file_ref idref="fl-d"/>
      </object_component>
      <object_component id="oc-125">
         <name>EPwm9RegsFile</name>
         <uninitialized>true</uninitialized>
         <run_address>0x4800</run_address>
         <size>0x100</size>
         <input_file_ref idref="fl-d"/>
      </object_component>
      <object_component id="oc-126">
         <name>EPwm10RegsFile</name>
         <uninitialized>true</uninitialized>
         <run_address>0x4900</run_address>
         <size>0x100</size>
         <input_file_ref idref="fl-d"/>
      </object_component>
      <object_component id="oc-123">
         <name>EPwm11RegsFile</name>
         <uninitialized>true</uninitialized>
         <run_address>0x4a00</run_address>
         <size>0x100</size>
         <input_file_ref idref="fl-d"/>
      </object_component>
      <object_component id="oc-124">
         <name>EPwm12RegsFile</name>
         <uninitialized>true</uninitialized>
         <run_address>0x4b00</run_address>
         <size>0x100</size>
         <input_file_ref idref="fl-d"/>
      </object_component>
      <object_component id="oc-10b">
         <name>EPwmXbarRegsFile</name>
         <uninitialized>true</uninitialized>
         <run_address>0x7a00</run_address>
         <size>0x40</size>
         <input_file_ref idref="fl-d"/>
      </object_component>
      <object_component id="oc-fa">
         <name>EQep1RegsFile</name>
         <uninitialized>true</uninitialized>
         <run_address>0x5100</run_address>
         <size>0x22</size>
         <input_file_ref idref="fl-d"/>
      </object_component>
      <object_component id="oc-fd">
         <name>EQep2RegsFile</name>
         <uninitialized>true</uninitialized>
         <run_address>0x5140</run_address>
         <size>0x22</size>
         <input_file_ref idref="fl-d"/>
      </object_component>
      <object_component id="oc-fc">
         <name>EQep3RegsFile</name>
         <uninitialized>true</uninitialized>
         <run_address>0x5180</run_address>
         <size>0x22</size>
         <input_file_ref idref="fl-d"/>
      </object_component>
      <object_component id="oc-12a">
         <name>Flash0CtrlRegsFile</name>
         <uninitialized>true</uninitialized>
         <run_address>0x5f800</run_address>
         <size>0x182</size>
         <input_file_ref idref="fl-d"/>
      </object_component>
      <object_component id="oc-104">
         <name>Flash0EccRegsFile</name>
         <uninitialized>true</uninitialized>
         <run_address>0x5fb00</run_address>
         <size>0x28</size>
         <input_file_ref idref="fl-d"/>
      </object_component>
      <object_component id="oc-129">
         <name>GpioCtrlRegsFile</name>
         <uninitialized>true</uninitialized>
         <run_address>0x7c00</run_address>
         <size>0x180</size>
         <input_file_ref idref="fl-d"/>
      </object_component>
      <object_component id="oc-106">
         <name>GpioDataRegsFile</name>
         <uninitialized>true</uninitialized>
         <run_address>0x7f00</run_address>
         <size>0x30</size>
         <input_file_ref idref="fl-d"/>
      </object_component>
      <object_component id="oc-10c">
         <name>OutputXbarRegsFile</name>
         <uninitialized>true</uninitialized>
         <run_address>0x7a80</run_address>
         <size>0x40</size>
         <input_file_ref idref="fl-d"/>
      </object_component>
      <object_component id="oc-fb">
         <name>I2caRegsFile</name>
         <uninitialized>true</uninitialized>
         <run_address>0x7300</run_address>
         <size>0x22</size>
         <input_file_ref idref="fl-d"/>
      </object_component>
      <object_component id="oc-fe">
         <name>I2cbRegsFile</name>
         <uninitialized>true</uninitialized>
         <run_address>0x7340</run_address>
         <size>0x22</size>
         <input_file_ref idref="fl-d"/>
      </object_component>
      <object_component id="oc-ec">
         <name>InputXbarRegsFile</name>
         <uninitialized>true</uninitialized>
         <run_address>0x7900</run_address>
         <size>0x20</size>
         <input_file_ref idref="fl-d"/>
      </object_component>
      <object_component id="oc-ed">
         <name>XbarRegsFile</name>
         <uninitialized>true</uninitialized>
         <run_address>0x7920</run_address>
         <size>0x20</size>
         <input_file_ref idref="fl-d"/>
      </object_component>
      <object_component id="oc-103">
         <name>IpcRegsFile</name>
         <uninitialized>true</uninitialized>
         <run_address>0x50000</run_address>
         <size>0x24</size>
         <input_file_ref idref="fl-d"/>
      </object_component>
      <object_component id="oc-cd">
         <name>FlashPumpSemaphoreRegsFile</name>
         <uninitialized>true</uninitialized>
         <run_address>0x50024</run_address>
         <size>0x2</size>
         <input_file_ref idref="fl-d"/>
      </object_component>
      <object_component id="oc-cc">
         <name>RomPrefetchRegsFile</name>
         <uninitialized>true</uninitialized>
         <run_address>0x5e608</run_address>
         <size>0x2</size>
         <input_file_ref idref="fl-d"/>
      </object_component>
      <object_component id="oc-116">
         <name>MemCfgRegsFile</name>
         <uninitialized>true</uninitialized>
         <run_address>0x5f400</run_address>
         <size>0x80</size>
         <input_file_ref idref="fl-d"/>
      </object_component>
      <object_component id="oc-ea">
         <name>Emif1ConfigRegsFile</name>
         <uninitialized>true</uninitialized>
         <run_address>0x5f480</run_address>
         <size>0x20</size>
         <input_file_ref idref="fl-d"/>
      </object_component>
      <object_component id="oc-eb">
         <name>Emif2ConfigRegsFile</name>
         <uninitialized>true</uninitialized>
         <run_address>0x5f4a0</run_address>
         <size>0x20</size>
         <input_file_ref idref="fl-d"/>
      </object_component>
      <object_component id="oc-10a">
         <name>AccessProtectionRegsFile</name>
         <uninitialized>true</uninitialized>
         <run_address>0x5f4c0</run_address>
         <size>0x40</size>
         <input_file_ref idref="fl-d"/>
      </object_component>
      <object_component id="oc-109">
         <name>MemoryErrorRegsFile</name>
         <uninitialized>true</uninitialized>
         <run_address>0x5f500</run_address>
         <size>0x40</size>
         <input_file_ref idref="fl-d"/>
      </object_component>
      <object_component id="oc-cb">
         <name>RomWaitStateRegsFile</name>
         <uninitialized>true</uninitialized>
         <run_address>0x5f540</run_address>
         <size>0x2</size>
         <input_file_ref idref="fl-d"/>
      </object_component>
      <object_component id="oc-102">
         <name>McbspaRegsFile</name>
         <uninitialized>true</uninitialized>
         <run_address>0x6000</run_address>
         <size>0x24</size>
         <input_file_ref idref="fl-d"/>
      </object_component>
      <object_component id="oc-100">
         <name>McbspbRegsFile</name>
         <uninitialized>true</uninitialized>
         <run_address>0x6040</run_address>
         <size>0x24</size>
         <input_file_ref idref="fl-d"/>
      </object_component>
      <object_component id="oc-10d">
         <name>UppRegsFile</name>
         <uninitialized>true</uninitialized>
         <run_address>0x6200</run_address>
         <size>0x48</size>
         <input_file_ref idref="fl-d"/>
      </object_component>
      <object_component id="oc-d0">
         <name>NmiIntruptRegsFile</name>
         <uninitialized>true</uninitialized>
         <run_address>0x7060</run_address>
         <size>0x7</size>
         <input_file_ref idref="fl-d"/>
      </object_component>
      <object_component id="oc-e4">
         <name>PieCtrlRegsFile</name>
         <uninitialized>true</uninitialized>
         <run_address>0xce0</run_address>
         <size>0x1a</size>
         <input_file_ref idref="fl-d"/>
      </object_component>
      <object_component id="oc-db">
         <name>SciaRegsFile</name>
         <uninitialized>true</uninitialized>
         <run_address>0x7200</run_address>
         <size>0x10</size>
         <input_file_ref idref="fl-d"/>
      </object_component>
      <object_component id="oc-d9">
         <name>ScibRegsFile</name>
         <uninitialized>true</uninitialized>
         <run_address>0x7210</run_address>
         <size>0x10</size>
         <input_file_ref idref="fl-d"/>
      </object_component>
      <object_component id="oc-dd">
         <name>ScicRegsFile</name>
         <uninitialized>true</uninitialized>
         <run_address>0x7220</run_address>
         <size>0x10</size>
         <input_file_ref idref="fl-d"/>
      </object_component>
      <object_component id="oc-dc">
         <name>ScidRegsFile</name>
         <uninitialized>true</uninitialized>
         <run_address>0x7230</run_address>
         <size>0x10</size>
         <input_file_ref idref="fl-d"/>
      </object_component>
      <object_component id="oc-113">
         <name>Sdfm1RegsFile</name>
         <uninitialized>true</uninitialized>
         <run_address>0x5e00</run_address>
         <size>0x80</size>
         <input_file_ref idref="fl-d"/>
      </object_component>
      <object_component id="oc-114">
         <name>Sdfm2RegsFile</name>
         <uninitialized>true</uninitialized>
         <run_address>0x5e80</run_address>
         <size>0x80</size>
         <input_file_ref idref="fl-d"/>
      </object_component>
      <object_component id="oc-de">
         <name>SpiaRegsFile</name>
         <uninitialized>true</uninitialized>
         <run_address>0x6100</run_address>
         <size>0x10</size>
         <input_file_ref idref="fl-d"/>
      </object_component>
      <object_component id="oc-df">
         <name>SpibRegsFile</name>
         <uninitialized>true</uninitialized>
         <run_address>0x6110</run_address>
         <size>0x10</size>
         <input_file_ref idref="fl-d"/>
      </object_component>
      <object_component id="oc-da">
         <name>SpicRegsFile</name>
         <uninitialized>true</uninitialized>
         <run_address>0x6120</run_address>
         <size>0x10</size>
         <input_file_ref idref="fl-d"/>
      </object_component>
      <object_component id="oc-128">
         <name>DevCfgRegsFile</name>
         <uninitialized>true</uninitialized>
         <run_address>0x5d000</run_address>
         <size>0x12e</size>
         <input_file_ref idref="fl-d"/>
      </object_component>
      <object_component id="oc-107">
         <name>ClkCfgRegsFile</name>
         <uninitialized>true</uninitialized>
         <run_address>0x5d200</run_address>
         <size>0x32</size>
         <input_file_ref idref="fl-d"/>
      </object_component>
      <object_component id="oc-118">
         <name>CpuSysRegsFile</name>
         <uninitialized>true</uninitialized>
         <run_address>0x5d300</run_address>
         <size>0x82</size>
         <input_file_ref idref="fl-d"/>
      </object_component>
      <object_component id="oc-cf">
         <name>SyncSocRegsFile</name>
         <uninitialized>true</uninitialized>
         <run_address>0x7940</run_address>
         <size>0x6</size>
         <input_file_ref idref="fl-d"/>
      </object_component>
      <object_component id="oc-105">
         <name>WdRegsFile</name>
         <uninitialized>true</uninitialized>
         <run_address>0x7000</run_address>
         <size>0x2b</size>
         <input_file_ref idref="fl-d"/>
      </object_component>
      <object_component id="oc-d8">
         <name>XintRegsFile</name>
         <uninitialized>true</uninitialized>
         <run_address>0x7070</run_address>
         <size>0xb</size>
         <input_file_ref idref="fl-d"/>
      </object_component>
      <object_component id="oc-8b">
         <name>.debug_info</name>
         <load_address>0x0</load_address>
         <run_address>0x0</run_address>
         <size>0x463</size>
         <input_file_ref idref="fl-2"/>
      </object_component>
      <object_component id="oc-90">
         <name>.debug_info</name>
         <load_address>0x463</load_address>
         <run_address>0x463</run_address>
         <size>0xdac</size>
         <input_file_ref idref="fl-3"/>
      </object_component>
      <object_component id="oc-97">
         <name>.debug_info</name>
         <load_address>0x120f</load_address>
         <run_address>0x120f</run_address>
         <size>0x2b0</size>
         <input_file_ref idref="fl-4"/>
      </object_component>
      <object_component id="oc-9b">
         <name>.debug_info</name>
         <load_address>0x14bf</load_address>
         <run_address>0x14bf</run_address>
         <size>0xa9a1</size>
         <input_file_ref idref="fl-5"/>
      </object_component>
      <object_component id="oc-a0">
         <name>.debug_info</name>
         <load_address>0xbe60</load_address>
         <run_address>0xbe60</run_address>
         <size>0xcf4</size>
         <input_file_ref idref="fl-6"/>
      </object_component>
      <object_component id="oc-a7">
         <name>.debug_info</name>
         <load_address>0xcb54</load_address>
         <run_address>0xcb54</run_address>
         <size>0x891</size>
         <input_file_ref idref="fl-7"/>
      </object_component>
      <object_component id="oc-ac">
         <name>.debug_info</name>
         <load_address>0xd3e5</load_address>
         <run_address>0xd3e5</run_address>
         <size>0x7b2b</size>
         <input_file_ref idref="fl-8"/>
      </object_component>
      <object_component id="oc-b2">
         <name>.debug_info</name>
         <load_address>0x14f10</load_address>
         <run_address>0x14f10</run_address>
         <size>0xa30</size>
         <input_file_ref idref="fl-9"/>
      </object_component>
      <object_component id="oc-b7">
         <name>.debug_info</name>
         <load_address>0x15940</load_address>
         <run_address>0x15940</run_address>
         <size>0x3d48</size>
         <input_file_ref idref="fl-a"/>
      </object_component>
      <object_component id="oc-bc">
         <name>.debug_info</name>
         <load_address>0x19688</load_address>
         <run_address>0x19688</run_address>
         <size>0x682</size>
         <input_file_ref idref="fl-b"/>
      </object_component>
      <object_component id="oc-c1">
         <name>.debug_info</name>
         <load_address>0x19d0a</load_address>
         <run_address>0x19d0a</run_address>
         <size>0xd08c</size>
         <input_file_ref idref="fl-c"/>
      </object_component>
      <object_component id="oc-c8">
         <name>.debug_info</name>
         <load_address>0x26d96</load_address>
         <run_address>0x26d96</run_address>
         <size>0x501f0</size>
         <input_file_ref idref="fl-d"/>
      </object_component>
      <object_component id="oc-12d">
         <name>.debug_info</name>
         <load_address>0x76f86</load_address>
         <run_address>0x76f86</run_address>
         <size>0x469f</size>
         <input_file_ref idref="fl-e"/>
      </object_component>
      <object_component id="oc-133">
         <name>.debug_info</name>
         <load_address>0x7b625</load_address>
         <run_address>0x7b625</run_address>
         <size>0x192</size>
         <input_file_ref idref="fl-f"/>
      </object_component>
      <object_component id="oc-137">
         <name>.debug_info</name>
         <load_address>0x7b7b7</load_address>
         <run_address>0x7b7b7</run_address>
         <size>0xb18</size>
         <input_file_ref idref="fl-10"/>
      </object_component>
      <object_component id="oc-13e">
         <name>.debug_info</name>
         <load_address>0x7c2cf</load_address>
         <run_address>0x7c2cf</run_address>
         <size>0x18b</size>
         <input_file_ref idref="fl-11"/>
      </object_component>
      <object_component id="oc-142">
         <name>.debug_info</name>
         <load_address>0x7c45a</load_address>
         <run_address>0x7c45a</run_address>
         <size>0x4793</size>
         <input_file_ref idref="fl-12"/>
      </object_component>
      <object_component id="oc-147">
         <name>.debug_info</name>
         <load_address>0x80bed</load_address>
         <run_address>0x80bed</run_address>
         <size>0x13ecd</size>
         <input_file_ref idref="fl-13"/>
      </object_component>
      <object_component id="oc-14c">
         <name>.debug_info</name>
         <load_address>0x94aba</load_address>
         <run_address>0x94aba</run_address>
         <size>0xf45b</size>
         <input_file_ref idref="fl-14"/>
      </object_component>
      <object_component id="oc-151">
         <name>.debug_info</name>
         <load_address>0xa3f15</load_address>
         <run_address>0xa3f15</run_address>
         <size>0xf45b</size>
         <input_file_ref idref="fl-15"/>
      </object_component>
      <object_component id="oc-156">
         <name>.debug_info</name>
         <load_address>0xb3370</load_address>
         <run_address>0xb3370</run_address>
         <size>0x54be</size>
         <input_file_ref idref="fl-16"/>
      </object_component>
      <object_component id="oc-15b">
         <name>.debug_info</name>
         <load_address>0xb882e</load_address>
         <run_address>0xb882e</run_address>
         <size>0x1a661</size>
         <input_file_ref idref="fl-17"/>
      </object_component>
      <object_component id="oc-160">
         <name>.debug_info</name>
         <load_address>0xd2e8f</load_address>
         <run_address>0xd2e8f</run_address>
         <size>0xf45a</size>
         <input_file_ref idref="fl-18"/>
      </object_component>
      <object_component id="oc-165">
         <name>.debug_info</name>
         <load_address>0xe22e9</load_address>
         <run_address>0xe22e9</run_address>
         <size>0x16b7</size>
         <input_file_ref idref="fl-19"/>
      </object_component>
      <object_component id="oc-16a">
         <name>.debug_info</name>
         <load_address>0xe39a0</load_address>
         <run_address>0xe39a0</run_address>
         <size>0x1a16</size>
         <input_file_ref idref="fl-1a"/>
      </object_component>
      <object_component id="oc-175">
         <name>.debug_info</name>
         <load_address>0xe53b6</load_address>
         <run_address>0xe53b6</run_address>
         <size>0x494a</size>
         <input_file_ref idref="fl-1b"/>
      </object_component>
      <object_component id="oc-17a">
         <name>.debug_info</name>
         <load_address>0xe9d00</load_address>
         <run_address>0xe9d00</run_address>
         <size>0x187fd</size>
         <input_file_ref idref="fl-1c"/>
      </object_component>
      <object_component id="oc-17f">
         <name>.debug_info</name>
         <load_address>0x1024fd</load_address>
         <run_address>0x1024fd</run_address>
         <size>0x103f4</size>
         <input_file_ref idref="fl-1d"/>
      </object_component>
      <object_component id="oc-184">
         <name>.debug_info</name>
         <load_address>0x1128f1</load_address>
         <run_address>0x1128f1</run_address>
         <size>0x36e6</size>
         <input_file_ref idref="fl-1e"/>
      </object_component>
      <object_component id="oc-189">
         <name>.debug_info</name>
         <load_address>0x115fd7</load_address>
         <run_address>0x115fd7</run_address>
         <size>0x6824</size>
         <input_file_ref idref="fl-1f"/>
      </object_component>
      <object_component id="oc-18e">
         <name>.debug_info</name>
         <load_address>0x11c7fb</load_address>
         <run_address>0x11c7fb</run_address>
         <size>0x1dc</size>
         <input_file_ref idref="fl-20"/>
      </object_component>
      <object_component id="oc-190">
         <name>.debug_info</name>
         <load_address>0x11c9d7</load_address>
         <run_address>0x11c9d7</run_address>
         <size>0xfd42</size>
         <input_file_ref idref="fl-21"/>
      </object_component>
      <object_component id="oc-195">
         <name>.debug_info</name>
         <load_address>0x12c719</load_address>
         <run_address>0x12c719</run_address>
         <size>0xd569</size>
         <input_file_ref idref="fl-22"/>
      </object_component>
      <object_component id="oc-19a">
         <name>.debug_info</name>
         <load_address>0x139c82</load_address>
         <run_address>0x139c82</run_address>
         <size>0x4e25</size>
         <input_file_ref idref="fl-23"/>
      </object_component>
      <object_component id="oc-1a0">
         <name>.debug_info</name>
         <load_address>0x13eaa7</load_address>
         <run_address>0x13eaa7</run_address>
         <size>0x109fd</size>
         <input_file_ref idref="fl-24"/>
      </object_component>
      <object_component id="oc-1a5">
         <name>.debug_info</name>
         <load_address>0x14f4a4</load_address>
         <run_address>0x14f4a4</run_address>
         <size>0x29b2</size>
         <input_file_ref idref="fl-25"/>
      </object_component>
      <object_component id="oc-1aa">
         <name>.debug_info</name>
         <load_address>0x151e56</load_address>
         <run_address>0x151e56</run_address>
         <size>0x3487</size>
         <input_file_ref idref="fl-26"/>
      </object_component>
      <object_component id="oc-1b1">
         <name>.debug_info</name>
         <load_address>0x1552dd</load_address>
         <run_address>0x1552dd</run_address>
         <size>0x204c</size>
         <input_file_ref idref="fl-27"/>
      </object_component>
      <object_component id="oc-1b6">
         <name>.debug_info</name>
         <load_address>0x157329</load_address>
         <run_address>0x157329</run_address>
         <size>0x10011</size>
         <input_file_ref idref="fl-28"/>
      </object_component>
      <object_component id="oc-1bb">
         <name>.debug_info</name>
         <load_address>0x16733a</load_address>
         <run_address>0x16733a</run_address>
         <size>0x18d</size>
         <input_file_ref idref="fl-29"/>
      </object_component>
      <object_component id="oc-1bf">
         <name>.debug_info</name>
         <load_address>0x1674c7</load_address>
         <run_address>0x1674c7</run_address>
         <size>0x416b</size>
         <input_file_ref idref="fl-2a"/>
      </object_component>
      <object_component id="oc-1c4">
         <name>.debug_info</name>
         <load_address>0x16b632</load_address>
         <run_address>0x16b632</run_address>
         <size>0x6205</size>
         <input_file_ref idref="fl-2b"/>
      </object_component>
      <object_component id="oc-1ca">
         <name>.debug_info</name>
         <load_address>0x171837</load_address>
         <run_address>0x171837</run_address>
         <size>0x7d7d</size>
         <input_file_ref idref="fl-2c"/>
      </object_component>
      <object_component id="oc-1d0">
         <name>.debug_info</name>
         <load_address>0x1795b4</load_address>
         <run_address>0x1795b4</run_address>
         <size>0x7ff</size>
         <input_file_ref idref="fl-2d"/>
      </object_component>
      <object_component id="oc-1d5">
         <name>.debug_info</name>
         <load_address>0x179db3</load_address>
         <run_address>0x179db3</run_address>
         <size>0x4a4</size>
         <input_file_ref idref="fl-2e"/>
      </object_component>
      <object_component id="oc-1da">
         <name>.debug_info</name>
         <load_address>0x17a257</load_address>
         <run_address>0x17a257</run_address>
         <size>0x4b7</size>
         <input_file_ref idref="fl-2f"/>
      </object_component>
      <object_component id="oc-1e1">
         <name>.debug_info</name>
         <load_address>0x17a70e</load_address>
         <run_address>0x17a70e</run_address>
         <size>0x16b</size>
         <input_file_ref idref="fl-36"/>
      </object_component>
      <object_component id="oc-1e5">
         <name>.debug_info</name>
         <load_address>0x17a879</load_address>
         <run_address>0x17a879</run_address>
         <size>0x5c1</size>
         <input_file_ref idref="fl-37"/>
      </object_component>
      <object_component id="oc-1ea">
         <name>.debug_info</name>
         <load_address>0x17ae3a</load_address>
         <run_address>0x17ae3a</run_address>
         <size>0x5ab</size>
         <input_file_ref idref="fl-38"/>
      </object_component>
      <object_component id="oc-1f2">
         <name>.debug_info</name>
         <load_address>0x17b3e5</load_address>
         <run_address>0x17b3e5</run_address>
         <size>0x10c</size>
         <input_file_ref idref="fl-39"/>
      </object_component>
      <object_component id="oc-1f7">
         <name>.debug_info</name>
         <load_address>0x17b4f1</load_address>
         <run_address>0x17b4f1</run_address>
         <size>0x16e</size>
         <input_file_ref idref="fl-3a"/>
      </object_component>
      <object_component id="oc-1fb">
         <name>.debug_info</name>
         <load_address>0x17b65f</load_address>
         <run_address>0x17b65f</run_address>
         <size>0x46f</size>
         <input_file_ref idref="fl-3b"/>
      </object_component>
      <object_component id="oc-200">
         <name>.debug_info</name>
         <load_address>0x17bace</load_address>
         <run_address>0x17bace</run_address>
         <size>0xb1f</size>
         <input_file_ref idref="fl-3c"/>
      </object_component>
      <object_component id="oc-208">
         <name>.debug_info</name>
         <load_address>0x17c5ed</load_address>
         <run_address>0x17c5ed</run_address>
         <size>0x3ab</size>
         <input_file_ref idref="fl-3d"/>
      </object_component>
      <object_component id="oc-20d">
         <name>.debug_info</name>
         <load_address>0x17c998</load_address>
         <run_address>0x17c998</run_address>
         <size>0x3e2</size>
         <input_file_ref idref="fl-3e"/>
      </object_component>
      <object_component id="oc-212">
         <name>.debug_info</name>
         <load_address>0x17cd7a</load_address>
         <run_address>0x17cd7a</run_address>
         <size>0x3df</size>
         <input_file_ref idref="fl-3f"/>
      </object_component>
      <object_component id="oc-217">
         <name>.debug_info</name>
         <load_address>0x17d159</load_address>
         <run_address>0x17d159</run_address>
         <size>0x501</size>
         <input_file_ref idref="fl-40"/>
      </object_component>
      <object_component id="oc-21c">
         <name>.debug_info</name>
         <load_address>0x17d65a</load_address>
         <run_address>0x17d65a</run_address>
         <size>0x4ce</size>
         <input_file_ref idref="fl-41"/>
      </object_component>
      <object_component id="oc-2d4">
         <name>.debug_info</name>
         <load_address>0x17db28</load_address>
         <run_address>0x17db28</run_address>
         <size>0xc0</size>
      </object_component>
      <object_component id="oc-8c">
         <name>.debug_frame</name>
         <load_address>0x0</load_address>
         <run_address>0x0</run_address>
         <size>0x48</size>
         <input_file_ref idref="fl-2"/>
      </object_component>
      <object_component id="oc-93">
         <name>.debug_frame</name>
         <load_address>0x48</load_address>
         <run_address>0x48</run_address>
         <size>0x98</size>
         <input_file_ref idref="fl-3"/>
      </object_component>
      <object_component id="oc-9c">
         <name>.debug_frame</name>
         <load_address>0xe0</load_address>
         <run_address>0xe0</run_address>
         <size>0x30</size>
         <input_file_ref idref="fl-5"/>
      </object_component>
      <object_component id="oc-a3">
         <name>.debug_frame</name>
         <load_address>0x110</load_address>
         <run_address>0x110</run_address>
         <size>0x98</size>
         <input_file_ref idref="fl-6"/>
      </object_component>
      <object_component id="oc-a8">
         <name>.debug_frame</name>
         <load_address>0x1a8</load_address>
         <run_address>0x1a8</run_address>
         <size>0x48</size>
         <input_file_ref idref="fl-7"/>
      </object_component>
      <object_component id="oc-ae">
         <name>.debug_frame</name>
         <load_address>0x1f0</load_address>
         <run_address>0x1f0</run_address>
         <size>0x30</size>
         <input_file_ref idref="fl-8"/>
      </object_component>
      <object_component id="oc-b3">
         <name>.debug_frame</name>
         <load_address>0x220</load_address>
         <run_address>0x220</run_address>
         <size>0x84</size>
         <input_file_ref idref="fl-9"/>
      </object_component>
      <object_component id="oc-b8">
         <name>.debug_frame</name>
         <load_address>0x2a4</load_address>
         <run_address>0x2a4</run_address>
         <size>0x60</size>
         <input_file_ref idref="fl-a"/>
      </object_component>
      <object_component id="oc-bd">
         <name>.debug_frame</name>
         <load_address>0x304</load_address>
         <run_address>0x304</run_address>
         <size>0x30</size>
         <input_file_ref idref="fl-b"/>
      </object_component>
      <object_component id="oc-c4">
         <name>.debug_frame</name>
         <load_address>0x334</load_address>
         <run_address>0x334</run_address>
         <size>0x16b0</size>
         <input_file_ref idref="fl-c"/>
      </object_component>
      <object_component id="oc-12e">
         <name>.debug_frame</name>
         <load_address>0x19e4</load_address>
         <run_address>0x19e4</run_address>
         <size>0x30</size>
         <input_file_ref idref="fl-e"/>
      </object_component>
      <object_component id="oc-139">
         <name>.debug_frame</name>
         <load_address>0x1a14</load_address>
         <run_address>0x1a14</run_address>
         <size>0x64</size>
         <input_file_ref idref="fl-10"/>
      </object_component>
      <object_component id="oc-143">
         <name>.debug_frame</name>
         <load_address>0x1a78</load_address>
         <run_address>0x1a78</run_address>
         <size>0x30</size>
         <input_file_ref idref="fl-12"/>
      </object_component>
      <object_component id="oc-148">
         <name>.debug_frame</name>
         <load_address>0x1aa8</load_address>
         <run_address>0x1aa8</run_address>
         <size>0x30</size>
         <input_file_ref idref="fl-13"/>
      </object_component>
      <object_component id="oc-14d">
         <name>.debug_frame</name>
         <load_address>0x1ad8</load_address>
         <run_address>0x1ad8</run_address>
         <size>0x30</size>
         <input_file_ref idref="fl-14"/>
      </object_component>
      <object_component id="oc-152">
         <name>.debug_frame</name>
         <load_address>0x1b08</load_address>
         <run_address>0x1b08</run_address>
         <size>0x30</size>
         <input_file_ref idref="fl-15"/>
      </object_component>
      <object_component id="oc-157">
         <name>.debug_frame</name>
         <load_address>0x1b38</load_address>
         <run_address>0x1b38</run_address>
         <size>0x30</size>
         <input_file_ref idref="fl-16"/>
      </object_component>
      <object_component id="oc-15c">
         <name>.debug_frame</name>
         <load_address>0x1b68</load_address>
         <run_address>0x1b68</run_address>
         <size>0x1cc</size>
         <input_file_ref idref="fl-17"/>
      </object_component>
      <object_component id="oc-161">
         <name>.debug_frame</name>
         <load_address>0x1d34</load_address>
         <run_address>0x1d34</run_address>
         <size>0x30</size>
         <input_file_ref idref="fl-18"/>
      </object_component>
      <object_component id="oc-166">
         <name>.debug_frame</name>
         <load_address>0x1d64</load_address>
         <run_address>0x1d64</run_address>
         <size>0x30</size>
         <input_file_ref idref="fl-19"/>
      </object_component>
      <object_component id="oc-171">
         <name>.debug_frame</name>
         <load_address>0x1d94</load_address>
         <run_address>0x1d94</run_address>
         <size>0x30</size>
         <input_file_ref idref="fl-1a"/>
      </object_component>
      <object_component id="oc-176">
         <name>.debug_frame</name>
         <load_address>0x1dc4</load_address>
         <run_address>0x1dc4</run_address>
         <size>0x30</size>
         <input_file_ref idref="fl-1b"/>
      </object_component>
      <object_component id="oc-17b">
         <name>.debug_frame</name>
         <load_address>0x1df4</load_address>
         <run_address>0x1df4</run_address>
         <size>0xf4</size>
         <input_file_ref idref="fl-1c"/>
      </object_component>
      <object_component id="oc-180">
         <name>.debug_frame</name>
         <load_address>0x1ee8</load_address>
         <run_address>0x1ee8</run_address>
         <size>0x30</size>
         <input_file_ref idref="fl-1d"/>
      </object_component>
      <object_component id="oc-185">
         <name>.debug_frame</name>
         <load_address>0x1f18</load_address>
         <run_address>0x1f18</run_address>
         <size>0x60</size>
         <input_file_ref idref="fl-1e"/>
      </object_component>
      <object_component id="oc-18a">
         <name>.debug_frame</name>
         <load_address>0x1f78</load_address>
         <run_address>0x1f78</run_address>
         <size>0x4c</size>
         <input_file_ref idref="fl-1f"/>
      </object_component>
      <object_component id="oc-191">
         <name>.debug_frame</name>
         <load_address>0x1fc4</load_address>
         <run_address>0x1fc4</run_address>
         <size>0x30</size>
         <input_file_ref idref="fl-21"/>
      </object_component>
      <object_component id="oc-196">
         <name>.debug_frame</name>
         <load_address>0x1ff4</load_address>
         <run_address>0x1ff4</run_address>
         <size>0x24c</size>
         <input_file_ref idref="fl-22"/>
      </object_component>
      <object_component id="oc-19c">
         <name>.debug_frame</name>
         <load_address>0x2240</load_address>
         <run_address>0x2240</run_address>
         <size>0x30</size>
         <input_file_ref idref="fl-23"/>
      </object_component>
      <object_component id="oc-1a1">
         <name>.debug_frame</name>
         <load_address>0x2270</load_address>
         <run_address>0x2270</run_address>
         <size>0x30</size>
         <input_file_ref idref="fl-24"/>
      </object_component>
      <object_component id="oc-1a6">
         <name>.debug_frame</name>
         <load_address>0x22a0</load_address>
         <run_address>0x22a0</run_address>
         <size>0x30</size>
         <input_file_ref idref="fl-25"/>
      </object_component>
      <object_component id="oc-1ad">
         <name>.debug_frame</name>
         <load_address>0x22d0</load_address>
         <run_address>0x22d0</run_address>
         <size>0x30</size>
         <input_file_ref idref="fl-26"/>
      </object_component>
      <object_component id="oc-1b2">
         <name>.debug_frame</name>
         <load_address>0x2300</load_address>
         <run_address>0x2300</run_address>
         <size>0x30</size>
         <input_file_ref idref="fl-27"/>
      </object_component>
      <object_component id="oc-1c0">
         <name>.debug_frame</name>
         <load_address>0x2330</load_address>
         <run_address>0x2330</run_address>
         <size>0x324</size>
         <input_file_ref idref="fl-2a"/>
      </object_component>
      <object_component id="oc-1c6">
         <name>.debug_frame</name>
         <load_address>0x2654</load_address>
         <run_address>0x2654</run_address>
         <size>0x118</size>
         <input_file_ref idref="fl-2b"/>
      </object_component>
      <object_component id="oc-1cc">
         <name>.debug_frame</name>
         <load_address>0x276c</load_address>
         <run_address>0x276c</run_address>
         <size>0x30</size>
         <input_file_ref idref="fl-2c"/>
      </object_component>
      <object_component id="oc-1d1">
         <name>.debug_frame</name>
         <load_address>0x279c</load_address>
         <run_address>0x279c</run_address>
         <size>0x30</size>
         <input_file_ref idref="fl-2d"/>
      </object_component>
      <object_component id="oc-1d6">
         <name>.debug_frame</name>
[...]
      </symbol>
      <symbol id="sm-4cd">
         <name>_GPIO_SetupPinOptions</name>
         <value>0x830b6</value>
         <object_component_ref idref="oc-234"/>
      </symbol>
      <symbol id="sm-4ce">
         <name>_GPIO_EnableUnbondedIOPullups</name>
         <value>0x831e3</value>
         <object_component_ref idref="oc-234"/>
      </symbol>
      <symbol id="sm-4cf">
         <name>_GPIO_SetupXINT1Gpio</name>
         <value>0x83173</value>
         <object_component_ref idref="oc-234"/>
      </symbol>
      <symbol id="sm-4d0">
         <name>_GPIO_TogglePin</name>
         <value>0x8322e</value>
         <object_component_ref idref="oc-234"/>
      </symbol>
      <symbol id="sm-4d1">
         <name>_GPIO_SetupPinMux</name>
         <value>0x8302a</value>
         <object_component_ref idref="oc-234"/>
      </symbol>
      <symbol id="sm-4d2">
         <name>_GPIO_EnableUnbondedIOPullupsFor100Pin</name>
         <value>0x831be</value>
         <object_component_ref idref="oc-234"/>
      </symbol>
      <symbol id="sm-4d3">
         <name>_GPIO_ReadPin</name>
         <value>0x831f9</value>
         <object_component_ref idref="oc-234"/>
      </symbol>
      <symbol id="sm-4fb">
         <name>_g_usGetReadIndexes</name>
         <value>0x3fc84</value>
         <object_component_ref idref="oc-16e"/>
      </symbol>
      <symbol id="sm-4fc">
         <name>_g_usPutWriteIndexes</name>
         <value>0x3fc80</value>
         <object_component_ref idref="oc-16c"/>
      </symbol>
      <symbol id="sm-4fd">
         <name>_g_usGetWriteIndexes</name>
         <value>0x3f880</value>
         <object_component_ref idref="oc-16b"/>
      </symbol>
      <symbol id="sm-4fe">
         <name>_g_asIPCCPU2toCPU1Buffers</name>
         <value>0x3f800</value>
         <object_component_ref idref="oc-170"/>
      </symbol>
      <symbol id="sm-4ff">
         <name>_g_asIPCCPU1toCPU2Buffers</name>
         <value>0x3fc00</value>
         <object_component_ref idref="oc-16f"/>
      </symbol>
      <symbol id="sm-500">
         <name>_g_usPutReadIndexes</name>
         <value>0x3f884</value>
         <object_component_ref idref="oc-16d"/>
      </symbol>
      <symbol id="sm-527">
         <name>_IPCLtoRFlagClear</name>
         <value>0x83808</value>
         <object_component_ref idref="oc-235"/>
      </symbol>
      <symbol id="sm-528">
         <name>_IPCRtoLFlagBusy</name>
         <value>0x837e2</value>
         <object_component_ref idref="oc-235"/>
      </symbol>
      <symbol id="sm-529">
         <name>_IPCLtoRFlagBusy</name>
         <value>0x837f1</value>
         <object_component_ref idref="oc-235"/>
      </symbol>
      <symbol id="sm-52a">
         <name>_IPCBootCPU2</name>
         <value>0x83814</value>
         <object_component_ref idref="oc-235"/>
      </symbol>
      <symbol id="sm-52b">
         <name>_IPCLtoRFlagSet</name>
         <value>0x83800</value>
         <object_component_ref idref="oc-235"/>
      </symbol>
      <symbol id="sm-52c">
         <name>_IPCGetBootStatus</name>
         <value>0x83810</value>
         <object_component_ref idref="oc-235"/>
      </symbol>
      <symbol id="sm-52d">
         <name>_IPCRtoLFlagAcknowledge</name>
         <value>0x837da</value>
         <object_component_ref idref="oc-235"/>
      </symbol>
      <symbol id="sm-542">
         <name>_InitPieCtrl</name>
         <value>0x83c61</value>
         <object_component_ref idref="oc-236"/>
      </symbol>
      <symbol id="sm-543">
         <name>_EnableInterrupts</name>
         <value>0x83c80</value>
         <object_component_ref idref="oc-236"/>
      </symbol>
      <symbol id="sm-553">
         <name>_PieVectTableInit</name>
         <value>0x90000</value>
         <object_component_ref idref="oc-23c"/>
      </symbol>
      <symbol id="sm-554">
         <name>_InitPieVectTable</name>
         <value>0x83c89</value>
         <object_component_ref idref="oc-237"/>
      </symbol>
      <symbol id="sm-592">
         <name>_InitSysPll</name>
         <value>0x82db1</value>
         <object_component_ref idref="oc-231"/>
      </symbol>
      <symbol id="sm-593">
         <name>_SeizeFlashPump</name>
         <value>0x82d7c</value>
         <object_component_ref idref="oc-231"/>
      </symbol>
      <symbol id="sm-594">
         <name>_DisablePeripheralClocks</name>
         <value>0x82d64</value>
         <object_component_ref idref="oc-231"/>
      </symbol>
      <symbol id="sm-595">
         <name>_FlashOff</name>
         <value>0x8029</value>
         <object_component_ref idref="oc-23b"/>
      </symbol>
      <symbol id="sm-596">
         <name>_DisableDog</name>
         <value>0x82da3</value>
         <object_component_ref idref="oc-231"/>
      </symbol>
      <symbol id="sm-597">
         <name>_SysIntOsc2Sel</name>
         <value>0x82f6a</value>
         <object_component_ref idref="oc-231"/>
      </symbol>
      <symbol id="sm-598">
         <name>_ReleaseFlashPump</name>
         <value>0x82d8b</value>
         <object_component_ref idref="oc-231"/>
      </symbol>
      <symbol id="sm-599">
         <name>_HALT</name>
         <value>0x82fb4</value>
         <object_component_ref idref="oc-231"/>
      </symbol>
      <symbol id="sm-59a">
         <name>_IDLE</name>
         <value>0x82fa0</value>
         <object_component_ref idref="oc-231"/>
      </symbol>
      <symbol id="sm-59b">
         <name>_InitPeripheralClocks</name>
         <value>0x82ce0</value>
         <object_component_ref idref="oc-231"/>
      </symbol>
      <symbol id="sm-59c">
         <name>_InitFlash</name>
         <value>0x8000</value>
         <object_component_ref idref="oc-23b"/>
      </symbol>
      <symbol id="sm-59d">
         <name>_SysXtalOscSel</name>
         <value>0x82f74</value>
         <object_component_ref idref="oc-231"/>
      </symbol>
      <symbol id="sm-59e">
         <name>_CsmUnlock</name>
         <value>0x82f3f</value>
         <object_component_ref idref="oc-231"/>
      </symbol>
      <symbol id="sm-59f">
         <name>_SysIntOsc1Sel</name>
         <value>0x82f60</value>
         <object_component_ref idref="oc-231"/>
      </symbol>
      <symbol id="sm-5a0">
         <name>_ServiceDog</name>
         <value>0x82d95</value>
         <object_component_ref idref="oc-231"/>
      </symbol>
      <symbol id="sm-5a1">
         <name>_HIB</name>
         <value>0x82fcd</value>
         <object_component_ref idref="oc-231"/>
      </symbol>
      <symbol id="sm-5a2">
         <name>_AuxAuxClkSel</name>
         <value>0x82f96</value>
         <object_component_ref idref="oc-231"/>
      </symbol>
      <symbol id="sm-5a3">
         <name>_AuxIntOsc2Sel</name>
         <value>0x82f80</value>
         <object_component_ref idref="oc-231"/>
      </symbol>
      <symbol id="sm-5a4">
         <name>_InitAuxPll</name>
         <value>0x82e77</value>
         <object_component_ref idref="oc-231"/>
      </symbol>
      <symbol id="sm-5a5">
         <name>_InitSysCtrl</name>
         <value>0x82ca3</value>
         <object_component_ref idref="oc-231"/>
      </symbol>
      <symbol id="sm-5a6">
         <name>_STANDBY</name>
         <value>0x82fa9</value>
         <object_component_ref idref="oc-231"/>
      </symbol>
      <symbol id="sm-5a7">
         <name>_AuxXtalOscSel</name>
         <value>0x82f8a</value>
         <object_component_ref idref="oc-231"/>
      </symbol>
      <symbol id="sm-5b3">
         <name>_tempSensor_tempSlope</name>
         <value>0xad3c</value>
         <object_component_ref idref="oc-19b"/>
      </symbol>
      <symbol id="sm-5b4">
         <name>_tempSensor_tempOffset</name>
         <value>0xad38</value>
         <object_component_ref idref="oc-19b"/>
      </symbol>
      <symbol id="sm-5b5">
         <name>_tempSensor_scaleFactor</name>
         <value>0xad3a</value>
         <object_component_ref idref="oc-19b"/>
      </symbol>
      <symbol id="sm-5d5">
         <name>_deviceOpen</name>
         <value>0xae3a</value>
         <object_component_ref idref="oc-1ac"/>
      </symbol>
      <symbol id="sm-5f2">
         <name>_I2C</name>
         <value>0xae48</value>
         <object_component_ref idref="oc-1b8"/>
      </symbol>
      <symbol id="sm-5f3">
         <name>_TRIP_SEL</name>
         <value>0xae9a</value>
         <object_component_ref idref="oc-1b8"/>
      </symbol>
      <symbol id="sm-5f4">
         <name>_EPWM</name>
         <value>0xae80</value>
         <object_component_ref idref="oc-1b8"/>
      </symbol>
      <symbol id="sm-5f5">
         <name>_MCBSP</name>
         <value>0xae44</value>
         <object_component_ref idref="oc-1b8"/>
      </symbol>
      <symbol id="sm-5f6">
         <name>_ECAP</name>
         <value>0xae6c</value>
         <object_component_ref idref="oc-1b8"/>
      </symbol>
      <symbol id="sm-5f7">
         <name>_SPI</name>
         <value>0xae5a</value>
         <object_component_ref idref="oc-1b8"/>
      </symbol>
      <symbol id="sm-5f8">
         <name>_EQEP</name>
         <value>0xae52</value>
         <object_component_ref idref="oc-1b8"/>
      </symbol>
      <symbol id="sm-5f9">
         <name>_SDFM</name>
         <value>0xae4c</value>
         <object_component_ref idref="oc-1b8"/>
      </symbol>
      <symbol id="sm-5fa">
         <name>_ADC</name>
         <value>0xae62</value>
         <object_component_ref idref="oc-1b8"/>
      </symbol>
      <symbol id="sm-5fb">
         <name>_SCI</name>
         <value>0xae40</value>
         <object_component_ref idref="oc-1b8"/>
      </symbol>
      <symbol id="sm-607">
         <name>_F28x_usDelay</name>
         <value>0x8037</value>
         <object_component_ref idref="oc-1ba"/>
      </symbol>
      <symbol id="sm-67e">
         <name>_CANGlobalIntEnable</name>
         <value>0x82c7a</value>
         <object_component_ref idref="oc-226"/>
      </symbol>
      <symbol id="sm-67f">
         <name>_CANIntRegister</name>
         <value>0x829b8</value>
         <object_component_ref idref="oc-226"/>
      </symbol>
      <symbol id="sm-680">
         <name>_CANStatusGet</name>
         <value>0x82a51</value>
         <object_component_ref idref="oc-226"/>
      </symbol>
      <symbol id="sm-681">
         <name>_CANGlobalIntClear</name>
         <value>0x82c8d</value>
         <object_component_ref idref="oc-226"/>
      </symbol>
      <symbol id="sm-682">
         <name>_CANMessageGet</name>
         <value>0x82b80</value>
         <object_component_ref idref="oc-226"/>
      </symbol>
      <symbol id="sm-683">
         <name>_CANGlobalIntDisable</name>
         <value>0x82c83</value>
         <object_component_ref idref="oc-226"/>
      </symbol>
      <symbol id="sm-684">
         <name>_CANGlobalIntstatusGet</name>
         <value>0x82c96</value>
         <object_component_ref idref="oc-226"/>
      </symbol>
      <symbol id="sm-685">
         <name>_CANIntStatus</name>
         <value>0x829f3</value>
         <object_component_ref idref="oc-226"/>
      </symbol>
      <symbol id="sm-686">
         <name>_CANInit</name>
         <value>0x827f2</value>
         <object_component_ref idref="oc-226"/>
      </symbol>
      <symbol id="sm-687">
         <name>_CANErrCntrGet</name>
         <value>0x82a79</value>
         <object_component_ref idref="oc-226"/>
      </symbol>
      <symbol id="sm-688">
         <name>_CANEnable</name>
         <value>0x8289f</value>
         <object_component_ref idref="oc-226"/>
      </symbol>
      <symbol id="sm-689">
         <name>_CANClkSourceSelect</name>
         <value>0x828b0</value>
         <object_component_ref idref="oc-226"/>
      </symbol>
      <symbol id="sm-68a">
         <name>_CANRetrySet</name>
         <value>0x82a36</value>
         <object_component_ref idref="oc-226"/>
      </symbol>
      <symbol id="sm-68b">
         <name>_CANIntClear</name>
         <value>0x82a0d</value>
         <object_component_ref idref="oc-226"/>
      </symbol>
      <symbol id="sm-68c">
         <name>_CANMessageSet</name>
         <value>0x82a94</value>
         <object_component_ref idref="oc-226"/>
      </symbol>
      <symbol id="sm-68d">
         <name>_CANBitTimingGet</name>
         <value>0x828d7</value>
         <object_component_ref idref="oc-226"/>
      </symbol>
      <symbol id="sm-68e">
         <name>_CANIntEnable</name>
         <value>0x829d5</value>
         <object_component_ref idref="oc-226"/>
      </symbol>
      <symbol id="sm-68f">
         <name>_CANIntUnregister</name>
         <value>0x829c8</value>
         <object_component_ref idref="oc-226"/>
      </symbol>
      <symbol id="sm-690">
         <name>_CANIntDisable</name>
         <value>0x829e3</value>
         <object_component_ref idref="oc-226"/>
      </symbol>
      <symbol id="sm-691">
         <name>_CANBitRateSet</name>
         <value>0x82902</value>
         <object_component_ref idref="oc-226"/>
      </symbol>
      <symbol id="sm-692">
         <name>_CANDisable</name>
         <value>0x828a8</value>
         <object_component_ref idref="oc-226"/>
      </symbol>
      <symbol id="sm-693">
         <name>_CANRetryGet</name>
         <value>0x82a47</value>
         <object_component_ref idref="oc-226"/>
      </symbol>
      <symbol id="sm-694">
         <name>_CANBitTimingSet</name>
         <value>0x8296f</value>
         <object_component_ref idref="oc-226"/>
      </symbol>
      <symbol id="sm-695">
         <name>_CANMessageClear</name>
         <value>0x82c54</value>
         <object_component_ref idref="oc-226"/>
      </symbol>
      <symbol id="sm-6c2">
         <name>_IntIFRClear</name>
         <value>0x8375b</value>
         <object_component_ref idref="oc-22c"/>
      </symbol>
      <symbol id="sm-6c3">
         <name>_IntRegister</name>
         <value>0x83620</value>
         <object_component_ref idref="oc-22c"/>
      </symbol>
      <symbol id="sm-6c4">
         <name>_IntUnregister</name>
         <value>0x83633</value>
         <object_component_ref idref="oc-22c"/>
      </symbol>
      <symbol id="sm-6c5">
         <name>_IntMasterDisable</name>
         <value>0x83618</value>
         <object_component_ref idref="oc-22c"/>
      </symbol>
      <symbol id="sm-6c6">
         <name>_IntDefaultHandler</name>
         <value>0x83d22</value>
         <object_component_ref idref="oc-1c5"/>
      </symbol>
      <symbol id="sm-6c7">
         <name>_IntEnable</name>
         <value>0x83648</value>
         <object_component_ref idref="oc-22c"/>
      </symbol>
      <symbol id="sm-6c8">
         <name>_IntMasterEnable</name>
         <value>0x83610</value>
         <object_component_ref idref="oc-22c"/>
      </symbol>
      <symbol id="sm-6c9">
         <name>_IntDisable</name>
         <value>0x836db</value>
         <object_component_ref idref="oc-22c"/>
      </symbol>
      <symbol id="sm-6d5">
         <name>_SysCtlDelay</name>
         <value>0x803b</value>
         <object_component_ref idref="oc-1cb"/>
      </symbol>
      <symbol id="sm-70b">
         <name>_c_int00</name>
         <value>0x83b72</value>
         <object_component_ref idref="oc-8a"/>
      </symbol>
      <symbol id="sm-70c">
         <name>__stack</name>
         <value>0x400</value>
         <object_component_ref idref="oc-1df"/>
      </symbol>
      <symbol id="sm-71b">
         <name>_copy_in</name>
         <value>0x83caf</value>
         <object_component_ref idref="oc-222"/>
      </symbol>
      <symbol id="sm-72f">
         <name>C$$EXIT</name>
         <value>0x83c38</value>
         <object_component_ref idref="oc-225"/>
      </symbol>
      <symbol id="sm-730">
         <name>_exit</name>
         <value>0x83c3a</value>
         <object_component_ref idref="oc-225"/>
      </symbol>
      <symbol id="sm-731">
         <name>___TI_cleanup_ptr</name>
         <value>0xae2e</value>
         <object_component_ref idref="oc-1ec"/>
      </symbol>
      <symbol id="sm-732">
         <name>___TI_enable_exit_profile_output</name>
         <value>0xae2c</value>
         <object_component_ref idref="oc-1ec"/>
      </symbol>
      <symbol id="sm-733">
         <name>_abort</name>
         <value>0x83c38</value>
         <object_component_ref idref="oc-225"/>
      </symbol>
      <symbol id="sm-734">
         <name>___TI_dtors_ptr</name>
         <value>0xae30</value>
         <object_component_ref idref="oc-1ec"/>
      </symbol>
      <symbol id="sm-745">
         <name>FS$$DIV</name>
         <value>0x83a6e</value>
         <object_component_ref idref="oc-1f1"/>
      </symbol>
      <symbol id="sm-751">
         <name>LL$$AND</name>
         <value>0x83d0a</value>
         <object_component_ref idref="oc-1f6"/>
      </symbol>
      <symbol id="sm-752">
         <name>LL$$OR</name>
         <value>0x83d12</value>
         <object_component_ref idref="oc-1f6"/>
      </symbol>
      <symbol id="sm-753">
         <name>LL$$XOR</name>
         <value>0x83d1a</value>
         <object_component_ref idref="oc-1f6"/>
      </symbol>
      <symbol id="sm-764">
         <name>_memcpy</name>
         <value>0x83cd3</value>
         <object_component_ref idref="oc-227"/>
      </symbol>
      <symbol id="sm-7ab">
         <name>__sys_memory</name>
         <value>0xa800</value>
         <object_component_ref idref="oc-202"/>
      </symbol>
      <symbol id="sm-7ac">
         <name>_chkheap</name>
         <value>0x835f7</value>
         <object_component_ref idref="oc-23d"/>
      </symbol>
      <symbol id="sm-7ad">
         <name>_realloc</name>
         <value>0x83505</value>
         <object_component_ref idref="oc-23d"/>
      </symbol>
      <symbol id="sm-7ae">
         <name>_free_memory</name>
         <value>0x835d9</value>
         <object_component_ref idref="oc-23d"/>
      </symbol>
      <symbol id="sm-7af">
         <name>_max_free</name>
         <value>0x835b7</value>
         <object_component_ref idref="oc-23d"/>
      </symbol>
      <symbol id="sm-7b0">
         <name>_free</name>
         <value>0x8343e</value>
         <object_component_ref idref="oc-23d"/>
      </symbol>
      <symbol id="sm-7b1">
         <name>_calloc</name>
         <value>0x835f9</value>
         <object_component_ref idref="oc-23d"/>
      </symbol>
      <symbol id="sm-7b2">
         <name>_malloc</name>
         <value>0x834a7</value>
         <object_component_ref idref="oc-23d"/>
      </symbol>
      <symbol id="sm-7b3">
         <name>_minit</name>
         <value>0x83482</value>
         <object_component_ref idref="oc-23d"/>
      </symbol>
      <symbol id="sm-7c8">
         <name>__system_pre_init</name>
         <value>0x83d46</value>
         <object_component_ref idref="oc-221"/>
      </symbol>
      <symbol id="sm-7d4">
         <name>__system_post_cinit</name>
         <value>0x83d48</value>
         <object_component_ref idref="oc-223"/>
      </symbol>
      <symbol id="sm-7e8">
         <name>__unlock</name>
         <value>0xae38</value>
         <object_component_ref idref="oc-23a"/>
      </symbol>
      <symbol id="sm-7e9">
         <name>__lock</name>
         <value>0xae36</value>
         <object_component_ref idref="oc-229"/>
      </symbol>
      <symbol id="sm-7ea">
         <name>__register_lock</name>
         <value>0x83d3e</value>
         <object_component_ref idref="oc-22f"/>
      </symbol>
      <symbol id="sm-7eb">
         <name>__nop</name>
         <value>0x83d42</value>
         <object_component_ref idref="oc-22f"/>
      </symbol>
      <symbol id="sm-7ec">
         <name>__register_unlock</name>
         <value>0x83d3a</value>
         <object_component_ref idref="oc-22f"/>
      </symbol>
      <symbol id="sm-7fb">
         <name>__args_main</name>
         <value>0x83cf1</value>
         <object_component_ref idref="oc-224"/>
      </symbol>
   </symbol_table>
   <title>Link successful</title>
</link_info>
