<?xml version="1.0" encoding="ISO-8859-1" ?>
<link_info>
   <banner>TMS320C2000 Linker PC v18.1.3.LTS</banner>
   <copyright>Copyright (c) 1996-2017 Texas Instruments Incorporated</copyright>
   <link_time>0x5bb63229</link_time>
   <link_errors>0x2</link_errors>
   <output_file>COM_cpu01.out</output_file>
   <entry_point>
      <name>_c_int00</name>
      <address>0xb7a3</address>
   </entry_point>
   <input_file_list>
      <input_file id="fl-2">
         <path>.\</path>
         <kind>object</kind>
         <file>main_cpu1.obj</file>
         <name>main_cpu1.obj</name>
      </input_file>
      <input_file id="fl-3">
         <path>.\App\</path>
         <kind>object</kind>
         <file>Chademo.obj</file>
         <name>Chademo.obj</name>
      </input_file>
      <input_file id="fl-4">
         <path>.\App\</path>
         <kind>object</kind>
         <file>Diccionario_CANOpen.obj</file>
         <name>Diccionario_CANOpen.obj</name>
      </input_file>
      <input_file id="fl-5">
         <path>.\UFCharger\F2837xD\Comun\Drivers\</path>
         <kind>object</kind>
         <file>Config_ADC.obj</file>
         <name>Config_ADC.obj</name>
      </input_file>
      <input_file id="fl-6">
         <path>.\UFCharger\F2837xD\Comun\Drivers\</path>
         <kind>object</kind>
         <file>Config_CAN.obj</file>
         <name>Config_CAN.obj</name>
      </input_file>
      <input_file id="fl-7">
         <path>.\UFCharger\F2837xD\Comun\Drivers\</path>
         <kind>object</kind>
         <file>Config_GPIO.obj</file>
         <name>Config_GPIO.obj</name>
      </input_file>
      <input_file id="fl-8">
         <path>.\UFCharger\F2837xD\Comun\Drivers\</path>
         <kind>object</kind>
         <file>Config_PWM.obj</file>
         <name>Config_PWM.obj</name>
      </input_file>
      <input_file id="fl-9">
         <path>.\UFCharger\F2837xD\Comun\Drivers\</path>
         <kind>object</kind>
         <file>FIFO.obj</file>
         <name>FIFO.obj</name>
      </input_file>
      <input_file id="fl-a">
         <path>.\UFCharger\F2837xD\Comun\Drivers\</path>
         <kind>object</kind>
         <file>Init_HW.obj</file>
         <name>Init_HW.obj</name>
      </input_file>
      <input_file id="fl-b">
         <path>.\UFCharger\F2837xD\Comun\Drivers\</path>
         <kind>object</kind>
         <file>MEM.obj</file>
         <name>MEM.obj</name>
      </input_file>
      <input_file id="fl-c">
         <path>.\UFCharger\F2837xD\Comun\</path>
         <kind>object</kind>
         <file>F2837xD_DefaultISR.obj</file>
         <name>F2837xD_DefaultISR.obj</name>
      </input_file>
      <input_file id="fl-d">
         <path>.\UFCharger\F2837xD\Comun\</path>
         <kind>object</kind>
         <file>F2837xD_GlobalVariableDefs.obj</file>
         <name>F2837xD_GlobalVariableDefs.obj</name>
      </input_file>
      <input_file id="fl-e">
         <path>.\UFCharger\F2837xD\Comun\common\</path>
         <kind>object</kind>
         <file>F2837xD_Adc.obj</file>
         <name>F2837xD_Adc.obj</name>
      </input_file>
      <input_file id="fl-f">
         <path>.\UFCharger\F2837xD\Comun\common\</path>
         <kind>object</kind>
         <file>F2837xD_CodeStartBranch.obj</file>
         <name>F2837xD_CodeStartBranch.obj</name>
      </input_file>
      <input_file id="fl-10">
         <path>.\UFCharger\F2837xD\Comun\common\</path>
         <kind>object</kind>
         <file>F2837xD_CpuTimers.obj</file>
         <name>F2837xD_CpuTimers.obj</name>
      </input_file>
      <input_file id="fl-11">
         <path>.\UFCharger\F2837xD\Comun\common\</path>
         <kind>object</kind>
         <file>F2837xD_DBGIER.obj</file>
         <name>F2837xD_DBGIER.obj</name>
      </input_file>
      <input_file id="fl-12">
         <path>.\UFCharger\F2837xD\Comun\common\</path>
         <kind>object</kind>
         <file>F2837xD_Dma.obj</file>
         <name>F2837xD_Dma.obj</name>
      </input_file>
      <input_file id="fl-13">
         <path>.\UFCharger\F2837xD\Comun\common\</path>
         <kind>object</kind>
         <file>F2837xD_ECap.obj</file>
         <name>F2837xD_ECap.obj</name>
      </input_file>
      <input_file id="fl-14">
         <path>.\UFCharger\F2837xD\Comun\common\</path>
         <kind>object</kind>
         <file>F2837xD_EPwm.obj</file>
         <name>F2837xD_EPwm.obj</name>
      </input_file>
      <input_file id="fl-15">
         <path>.\UFCharger\F2837xD\Comun\common\</path>
         <kind>object</kind>
         <file>F2837xD_EQep.obj</file>
         <name>F2837xD_EQep.obj</name>
      </input_file>
      <input_file id="fl-16">
         <path>.\UFCharger\F2837xD\Comun\common\</path>
         <kind>object</kind>
         <file>F2837xD_Emif.obj</file>
         <name>F2837xD_Emif.obj</name>
      </input_file>
      <input_file id="fl-17">
         <path>.\UFCharger\F2837xD\Comun\common\</path>
         <kind>object</kind>
         <file>F2837xD_Gpio.obj</file>
         <name>F2837xD_Gpio.obj</name>
      </input_file>
      <input_file id="fl-18">
         <path>.\UFCharger\F2837xD\Comun\common\</path>
         <kind>object</kind>
         <file>F2837xD_I2C.obj</file>
         <name>F2837xD_I2C.obj</name>
      </input_file>
      <input_file id="fl-19">
         <path>.\UFCharger\F2837xD\Comun\common\</path>
         <kind>object</kind>
         <file>F2837xD_Ipc.obj</file>
         <name>F2837xD_Ipc.obj</name>
      </input_file>
      <input_file id="fl-1a">
         <path>.\UFCharger\F2837xD\Comun\common\</path>
         <kind>object</kind>
         <file>F2837xD_Ipc_Driver.obj</file>
         <name>F2837xD_Ipc_Driver.obj</name>
      </input_file>
      <input_file id="fl-1b">
         <path>.\UFCharger\F2837xD\Comun\common\</path>
         <kind>object</kind>
         <file>F2837xD_Ipc_Driver_Lite.obj</file>
         <name>F2837xD_Ipc_Driver_Lite.obj</name>
      </input_file>
      <input_file id="fl-1c">
         <path>.\UFCharger\F2837xD\Comun\common\</path>
         <kind>object</kind>
         <file>F2837xD_Ipc_Driver_Util.obj</file>
         <name>F2837xD_Ipc_Driver_Util.obj</name>
      </input_file>
      <input_file id="fl-1d">
         <path>.\UFCharger\F2837xD\Comun\common\</path>
         <kind>object</kind>
         <file>F2837xD_Mcbsp.obj</file>
         <name>F2837xD_Mcbsp.obj</name>
      </input_file>
      <input_file id="fl-1e">
         <path>.\UFCharger\F2837xD\Comun\common\</path>
         <kind>object</kind>
         <file>F2837xD_PieCtrl.obj</file>
         <name>F2837xD_PieCtrl.obj</name>
      </input_file>
      <input_file id="fl-1f">
         <path>.\UFCharger\F2837xD\Comun\common\</path>
         <kind>object</kind>
         <file>F2837xD_PieVect.obj</file>
         <name>F2837xD_PieVect.obj</name>
      </input_file>
      <input_file id="fl-20">
         <path>.\UFCharger\F2837xD\Comun\common\</path>
         <kind>object</kind>
         <file>F2837xD_Sci.obj</file>
         <name>F2837xD_Sci.obj</name>
      </input_file>
      <input_file id="fl-21">
         <path>.\UFCharger\F2837xD\Comun\common\</path>
         <kind>object</kind>
         <file>F2837xD_Spi.obj</file>
         <name>F2837xD_Spi.obj</name>
      </input_file>
      <input_file id="fl-22">
         <path>.\UFCharger\F2837xD\Comun\common\</path>
         <kind>object</kind>
         <file>F2837xD_SysCtrl.obj</file>
         <name>F2837xD_SysCtrl.obj</name>
      </input_file>
      <input_file id="fl-23">
         <path>.\UFCharger\F2837xD\Comun\common\</path>
         <kind>object</kind>
         <file>F2837xD_TempSensorConv.obj</file>
         <name>F2837xD_TempSensorConv.obj</name>
      </input_file>
      <input_file id="fl-24">
         <path>.\UFCharger\F2837xD\Comun\common\</path>
         <kind>object</kind>
         <file>F2837xD_Upp.obj</file>
         <name>F2837xD_Upp.obj</name>
      </input_file>
      <input_file id="fl-25">
         <path>.\UFCharger\F2837xD\Comun\common\</path>
         <kind>object</kind>
         <file>F2837xD_can.obj</file>
         <name>F2837xD_can.obj</name>
      </input_file>
      <input_file id="fl-26">
         <path>.\UFCharger\F2837xD\Comun\common\</path>
         <kind>object</kind>
         <file>F2837xD_sci_io.obj</file>
         <name>F2837xD_sci_io.obj</name>
      </input_file>
      <input_file id="fl-27">
         <path>.\UFCharger\F2837xD\Comun\common\</path>
         <kind>object</kind>
         <file>F2837xD_sdfm_drivers.obj</file>
         <name>F2837xD_sdfm_drivers.obj</name>
      </input_file>
      <input_file id="fl-28">
         <path>.\UFCharger\F2837xD\Comun\common\</path>
         <kind>object</kind>
         <file>F2837xD_struct.obj</file>
         <name>F2837xD_struct.obj</name>
      </input_file>
      <input_file id="fl-29">
         <path>.\UFCharger\F2837xD\Comun\common\</path>
         <kind>object</kind>
         <file>F2837xD_usDelay.obj</file>
         <name>F2837xD_usDelay.obj</name>
      </input_file>
      <input_file id="fl-2a">
         <path>.\UFCharger\F2837xD\Comun\driverlib\</path>
         <kind>object</kind>
         <file>can.obj</file>
         <name>can.obj</name>
      </input_file>
      <input_file id="fl-2b">
         <path>.\UFCharger\F2837xD\Comun\driverlib\</path>
         <kind>object</kind>
         <file>interrupt.obj</file>
         <name>interrupt.obj</name>
      </input_file>
      <input_file id="fl-2c">
         <path>.\UFCharger\F2837xD\Comun\driverlib\</path>
         <kind>object</kind>
         <file>sysctl.obj</file>
         <name>sysctl.obj</name>
      </input_file>
      <input_file id="fl-2d">
         <path>.\UFCharger\F2837xD\Comun\driverlib\</path>
         <kind>object</kind>
         <file>systick.obj</file>
         <name>systick.obj</name>
      </input_file>
      <input_file id="fl-2e">
         <path>.\UFCharger\F2837xD\Comun\driverlib\</path>
         <kind>object</kind>
         <file>uart.obj</file>
         <name>uart.obj</name>
      </input_file>
      <input_file id="fl-2f">
         <path>.\UFCharger\F2837xD\Comun\driverlib\</path>
         <kind>object</kind>
         <file>usb.obj</file>
         <name>usb.obj</name>
      </input_file>
      <input_file id="fl-35">
         <kind>object</kind>
         <file>&lt;internal&gt;</file>
         <name>&lt;internal&gt;</name>
      </input_file>
      <input_file id="fl-36">
         <path>C:\ti\ccsv8\tools\compiler\ti-cgt-c2000_18.1.3.LTS\lib\</path>
         <kind>archive</kind>
         <file>rts2800_fpu32.lib</file>
         <name>boot28.asm.obj</name>
      </input_file>
      <input_file id="fl-37">
         <path>C:\ti\ccsv8\tools\compiler\ti-cgt-c2000_18.1.3.LTS\lib\</path>
         <kind>archive</kind>
         <file>rts2800_fpu32.lib</file>
         <name>fs_div28.asm.obj</name>
      </input_file>
      <input_file id="fl-38">
         <path>C:\ti\ccsv8\tools\compiler\ti-cgt-c2000_18.1.3.LTS\lib\</path>
         <kind>archive</kind>
         <file>rts2800_fpu32.lib</file>
         <name>ll_aox28.asm.obj</name>
      </input_file>
      <input_file id="fl-39">
         <path>C:\ti\ccsv8\tools\compiler\ti-cgt-c2000_18.1.3.LTS\lib\</path>
         <kind>archive</kind>
         <file>rts2800_fpu32.lib</file>
         <name>cpy_tbl.c.obj</name>
      </input_file>
      <input_file id="fl-3a">
         <path>C:\ti\ccsv8\tools\compiler\ti-cgt-c2000_18.1.3.LTS\lib\</path>
         <kind>archive</kind>
         <file>rts2800_fpu32.lib</file>
         <name>memcpy.c.obj</name>
      </input_file>
      <input_file id="fl-3b">
         <path>C:\ti\ccsv8\tools\compiler\ti-cgt-c2000_18.1.3.LTS\lib\</path>
         <kind>archive</kind>
         <file>rts2800_fpu32.lib</file>
         <name>pre_init.c.obj</name>
      </input_file>
      <input_file id="fl-3c">
         <path>C:\ti\ccsv8\tools\compiler\ti-cgt-c2000_18.1.3.LTS\lib\</path>
         <kind>archive</kind>
         <file>rts2800_fpu32.lib</file>
         <name>startup.c.obj</name>
      </input_file>
      <input_file id="fl-3d">
         <path>C:\ti\ccsv8\tools\compiler\ti-cgt-c2000_18.1.3.LTS\lib\</path>
         <kind>archive</kind>
         <file>rts2800_fpu32.lib</file>
         <name>exit.c.obj</name>
      </input_file>
      <input_file id="fl-3e">
         <path>C:\ti\ccsv8\tools\compiler\ti-cgt-c2000_18.1.3.LTS\lib\</path>
         <kind>archive</kind>
         <file>rts2800_fpu32.lib</file>
         <name>memory.c.obj</name>
      </input_file>
      <input_file id="fl-3f">
         <path>C:\ti\ccsv8\tools\compiler\ti-cgt-c2000_18.1.3.LTS\lib\</path>
         <kind>archive</kind>
         <file>rts2800_fpu32.lib</file>
         <name>_lock.c.obj</name>
      </input_file>
      <input_file id="fl-40">
         <path>C:\ti\ccsv8\tools\compiler\ti-cgt-c2000_18.1.3.LTS\lib\</path>
         <kind>archive</kind>
         <file>rts2800_fpu32.lib</file>
         <name>args_main.c.obj</name>
      </input_file>
      <input_file id="fl-41">
         <path>C:\ti\ccsv8\tools\compiler\ti-cgt-c2000_18.1.3.LTS\lib\</path>
         <kind>archive</kind>
         <file>rts2800_fpu32.lib</file>
         <name>memset.c.obj</name>
      </input_file>
   </input_file_list>
   <object_component_list>
      <object_component id="oc-130">
         <name>codestart</name>
         <load_address>0x0</load_address>
         <run_address>0x0</run_address>
         <size>0x2</size>
         <input_file_ref idref="fl-f"/>
      </object_component>
      <object_component id="oc-237">
         <name>.text</name>
         <load_address>0x12a</load_address>
         <run_address>0x12a</run_address>
         <size>0x2d2</size>
         <input_file_ref idref="fl-9"/>
      </object_component>
      <object_component id="oc-13b">
         <name>.text</name>
         <load_address>0x3fc</load_address>
         <run_address>0x3fc</run_address>
         <size>0x3</size>
         <input_file_ref idref="fl-11"/>
      </object_component>
      <object_component id="oc-221">
         <name>.text</name>
         <load_address>0x3ff</load_address>
         <run_address>0x3ff</run_address>
         <size>0x1</size>
         <input_file_ref idref="fl-3c"/>
      </object_component>
      <object_component id="oc-224">
         <name>.text</name>
         <load_address>0x8000</load_address>
         <run_address>0x8000</run_address>
         <size>0x522</size>
         <input_file_ref idref="fl-2a"/>
      </object_component>
      <object_component id="oc-233">
         <name>.text</name>
         <load_address>0x8522</load_address>
         <run_address>0x8522</run_address>
         <size>0x255</size>
         <input_file_ref idref="fl-17"/>
      </object_component>
      <object_component id="oc-236">
         <name>.text</name>
         <load_address>0x8777</load_address>
         <run_address>0x8777</run_address>
         <size>0x89</size>
         <input_file_ref idref="fl-6"/>
      </object_component>
      <object_component id="oc-22f">
         <name>.text</name>
         <load_address>0x8800</load_address>
         <run_address>0x8800</run_address>
         <size>0x33b</size>
         <input_file_ref idref="fl-22"/>
      </object_component>
      <object_component id="oc-22a">
         <name>.text</name>
         <load_address>0x8b3b</load_address>
         <run_address>0x8b3b</run_address>
         <size>0x1ca</size>
         <input_file_ref idref="fl-2b"/>
      </object_component>
      <object_component id="oc-231">
         <name>.text</name>
         <load_address>0x8d05</load_address>
         <run_address>0x8d05</run_address>
         <size>0x166</size>
         <input_file_ref idref="fl-1c"/>
      </object_component>
      <object_component id="oc-232">
         <name>.text</name>
         <load_address>0x8e6b</load_address>
         <run_address>0x8e6b</run_address>
         <size>0xa3</size>
         <input_file_ref idref="fl-7"/>
      </object_component>
      <object_component id="oc-1e3">
         <name>.text</name>
         <load_address>0x8f0e</load_address>
         <run_address>0x8f0e</run_address>
         <size>0x88</size>
         <input_file_ref idref="fl-37"/>
      </object_component>
      <object_component id="oc-22b">
         <name>.text</name>
         <load_address>0x8f96</load_address>
         <run_address>0x8f96</run_address>
         <size>0x3f</size>
         <input_file_ref idref="fl-a"/>
      </object_component>
      <object_component id="oc-223">
         <name>.text</name>
         <load_address>0x8fd5</load_address>
         <run_address>0x8fd5</run_address>
         <size>0x29</size>
         <input_file_ref idref="fl-3d"/>
      </object_component>
      <object_component id="oc-230">
         <name>.text</name>
         <load_address>0x9000</load_address>
         <run_address>0x9000</run_address>
         <size>0x7c</size>
         <input_file_ref idref="fl-10"/>
      </object_component>
      <object_component id="oc-22c">
         <name>.text</name>
         <load_address>0x907c</load_address>
         <run_address>0x907c</run_address>
         <size>0x28</size>
         <input_file_ref idref="fl-3"/>
      </object_component>
      <object_component id="oc-234">
         <name>.text</name>
         <load_address>0x90a4</load_address>
         <run_address>0x90a4</run_address>
         <size>0x28</size>
         <input_file_ref idref="fl-1e"/>
      </object_component>
      <object_component id="oc-235">
         <name>.text</name>
         <load_address>0x90cc</load_address>
         <run_address>0x90cc</run_address>
         <size>0x26</size>
         <input_file_ref idref="fl-1f"/>
      </object_component>
      <object_component id="oc-220">
         <name>.text</name>
         <load_address>0x90f2</load_address>
         <run_address>0x90f2</run_address>
         <size>0x24</size>
         <input_file_ref idref="fl-39"/>
      </object_component>
      <object_component id="oc-225">
         <name>.text</name>
         <load_address>0x9116</load_address>
         <run_address>0x9116</run_address>
         <size>0x1d</size>
         <input_file_ref idref="fl-3a"/>
      </object_component>
      <object_component id="oc-222">
         <name>.text</name>
         <load_address>0x9133</load_address>
         <run_address>0x9133</run_address>
         <size>0x19</size>
         <input_file_ref idref="fl-40"/>
      </object_component>
      <object_component id="oc-1e8">
         <name>.text</name>
         <load_address>0x914c</load_address>
         <run_address>0x914c</run_address>
         <size>0x18</size>
         <input_file_ref idref="fl-38"/>
      </object_component>
      <object_component id="oc-1c3">
         <name>.text:retain</name>
         <load_address>0x9164</load_address>
         <run_address>0x9164</run_address>
         <size>0xf</size>
         <input_file_ref idref="fl-2b"/>
      </object_component>
      <object_component id="oc-226">
         <name>.text</name>
         <load_address>0x9173</load_address>
         <run_address>0x9173</run_address>
         <size>0x9</size>
         <input_file_ref idref="fl-2"/>
      </object_component>
      <object_component id="oc-22d">
         <name>.text</name>
         <load_address>0x917c</load_address>
         <run_address>0x917c</run_address>
         <size>0x9</size>
         <input_file_ref idref="fl-3f"/>
      </object_component>
      <object_component id="oc-c1">
         <name>.text:retain</name>
         <load_address>0xb000</load_address>
         <run_address>0xb000</run_address>
         <size>0x5d1</size>
         <input_file_ref idref="fl-c"/>
      </object_component>
      <object_component id="oc-23a">
         <name>.text</name>
         <load_address>0xb5d1</load_address>
         <run_address>0xb5d1</run_address>
         <size>0x1d2</size>
         <input_file_ref idref="fl-3e"/>
      </object_component>
      <object_component id="oc-88">
         <name>.text</name>
         <load_address>0xb7a3</load_address>
         <run_address>0xb7a3</run_address>
         <size>0x56</size>
         <input_file_ref idref="fl-36"/>
      </object_component>
      <object_component id="oc-21f">
         <name>.text</name>
         <load_address>0xb7f9</load_address>
         <run_address>0xb7f9</run_address>
         <size>0x2</size>
         <input_file_ref idref="fl-3b"/>
      </object_component>
      <object_component id="oc-8f">
         <name>.cinit</name>
         <load_address>0x353</load_address>
         <run_address>0x353</run_address>
         <size>0x5</size>
         <input_file_ref idref="fl-3"/>
      </object_component>
      <object_component id="oc-96">
         <name>.cinit</name>
         <load_address>0x0</load_address>
         <run_address>0x0</run_address>
         <size>0x2b5</size>
         <input_file_ref idref="fl-4"/>
      </object_component>
      <object_component id="oc-9f">
         <name>.cinit</name>
         <load_address>0x358</load_address>
         <run_address>0x358</run_address>
         <size>0x5</size>
         <input_file_ref idref="fl-6"/>
      </object_component>
      <object_component id="oc-1a9">
         <name>.cinit</name>
         <load_address>0x367</load_address>
         <run_address>0x367</run_address>
         <size>0x4</size>
         <input_file_ref idref="fl-26"/>
      </object_component>
      <object_component id="oc-1b5">
         <name>.cinit</name>
         <load_address>0x2b5</load_address>
         <run_address>0x2b5</run_address>
         <size>0x90</size>
         <input_file_ref idref="fl-28"/>
      </object_component>
      <object_component id="oc-202">
         <name>.cinit</name>
         <load_address>0x345</load_address>
         <run_address>0x345</run_address>
         <size>0xe</size>
         <input_file_ref idref="fl-3d"/>
      </object_component>
      <object_component id="oc-209">
         <name>.cinit</name>
         <load_address>0x36b</load_address>
         <run_address>0x36b</run_address>
         <size>0x4</size>
         <input_file_ref idref="fl-3e"/>
      </object_component>
      <object_component id="oc-22e">
         <name>.cinit:__unlock</name>
         <load_address>0x362</load_address>
         <run_address>0x362</run_address>
         <size>0x5</size>
         <input_file_ref idref="fl-3f"/>
      </object_component>
      <object_component id="oc-228">
         <name>.cinit:__lock</name>
         <load_address>0x35d</load_address>
         <run_address>0x35d</run_address>
         <size>0x5</size>
         <input_file_ref idref="fl-3f"/>
      </object_component>
      <object_component id="oc-1de">
         <name>.reset</name>
         <load_address>0x3fffc0</load_address>
         <run_address>0x3fffc0</run_address>
         <size>0x2</size>
         <input_file_ref idref="fl-36"/>
      </object_component>
      <object_component id="oc-1dd">
         <name>.stack</name>
         <uninitialized>true</uninitialized>
         <run_address>0x400</run_address>
         <size>0x0</size>
         <input_file_ref idref="fl-36"/>
      </object_component>
      <object_component id="oc-2c8">
         <name>.stack</name>
         <uninitialized>true</uninitialized>
         <run_address>0x400</run_address>
         <size>0x0</size>
      </object_component>
      <object_component id="oc-90">
         <name>.ebss</name>
         <uninitialized>true</uninitialized>
         <run_address>0xab00</run_address>
         <size>0xd6</size>
         <input_file_ref idref="fl-3"/>
      </object_component>
      <object_component id="oc-97">
         <name>.ebss</name>
         <uninitialized>true</uninitialized>
         <run_address>0xa800</run_address>
         <size>0x2f2</size>
         <input_file_ref idref="fl-4"/>
      </object_component>
      <object_component id="oc-a0">
         <name>.ebss</name>
         <uninitialized>true</uninitialized>
         <run_address>0xac80</run_address>
         <size>0x3a</size>
         <input_file_ref idref="fl-6"/>
      </object_component>
      <object_component id="oc-ab">
         <name>.ebss</name>
         <uninitialized>true</uninitialized>
         <run_address>0xabf8</run_address>
         <size>0x2</size>
         <input_file_ref idref="fl-8"/>
      </object_component>
      <object_component id="oc-c0">
         <name>.ebss</name>
         <uninitialized>true</uninitialized>
         <run_address>0xabf4</run_address>
         <size>0x4</size>
         <input_file_ref idref="fl-c"/>
      </object_component>
      <object_component id="oc-136">
         <name>.ebss</name>
         <uninitialized>true</uninitialized>
         <run_address>0xabd6</run_address>
         <size>0x18</size>
         <input_file_ref idref="fl-10"/>
      </object_component>
      <object_component id="oc-199">
         <name>.ebss</name>
         <uninitialized>true</uninitialized>
         <run_address>0xaafa</run_address>
         <size>0x6</size>
         <input_file_ref idref="fl-23"/>
      </object_component>
      <object_component id="oc-1aa">
         <name>.ebss</name>
         <uninitialized>true</uninitialized>
         <run_address>0xabfe</run_address>
         <size>0x1</size>
         <input_file_ref idref="fl-26"/>
      </object_component>
      <object_component id="oc-1b6">
         <name>.ebss</name>
         <uninitialized>true</uninitialized>
         <run_address>0xac00</run_address>
         <size>0x78</size>
         <input_file_ref idref="fl-28"/>
      </object_component>
      <object_component id="oc-203">
         <name>.ebss</name>
         <uninitialized>true</uninitialized>
         <run_address>0xabee</run_address>
         <size>0x6</size>
         <input_file_ref idref="fl-3d"/>
      </object_component>
      <object_component id="oc-20a">
         <name>.ebss</name>
         <uninitialized>true</uninitialized>
         <run_address>0xaaf2</run_address>
         <size>0x8</size>
         <input_file_ref idref="fl-3e"/>
      </object_component>
      <object_component id="oc-238">
         <name>.ebss:__unlock</name>
         <uninitialized>true</uninitialized>
         <run_address>0xabfc</run_address>
         <size>0x2</size>
         <input_file_ref idref="fl-3f"/>
      </object_component>
      <object_component id="oc-227">
         <name>.ebss:__lock</name>
         <uninitialized>true</uninitialized>
         <run_address>0xabfa</run_address>
         <size>0x2</size>
         <input_file_ref idref="fl-3f"/>
      </object_component>
      <object_component id="oc-239">
         <name>.econst:_PieVectTableInit</name>
         <load_address>0xacba</load_address>
         <run_address>0xacba</run_address>
         <size>0x1c0</size>
         <input_file_ref idref="fl-1f"/>
      </object_component>
      <object_component id="oc-229">
         <name>.econst:_g_ui16CANBitValues</name>
         <load_address>0xae7a</load_address>
         <run_address>0xae7a</run_address>
         <size>0x9</size>
         <input_file_ref idref="fl-2a"/>
      </object_component>
      <object_component id="oc-20b">
         <name>.esysmem</name>
         <uninitialized>true</uninitialized>
         <run_address>0x0</run_address>
         <size>0x1</size>
         <input_file_ref idref="fl-3e"/>
      </object_component>
      <object_component id="oc-2c9">
         <name>.esysmem</name>
         <uninitialized>true</uninitialized>
         <run_address>0x0</run_address>
         <size>0x0</size>
      </object_component>
      <object_component id="oc-1b8">
         <name>.TI.ramfunc</name>
         <load_address>0x122</load_address>
         <run_address>0x122</run_address>
         <size>0x4</size>
         <input_file_ref idref="fl-29"/>
      </object_component>
      <object_component id="oc-1c9">
         <name>.TI.ramfunc</name>
         <load_address>0x126</load_address>
         <run_address>0x126</run_address>
         <size>0x4</size>
         <input_file_ref idref="fl-2c"/>
      </object_component>
      <object_component id="oc-16d">
         <name>PUTBUFFER</name>
         <uninitialized>true</uninitialized>
         <run_address>0x3fc00</run_address>
         <size>0x80</size>
         <input_file_ref idref="fl-1a"/>
      </object_component>
      <object_component id="oc-16a">
         <name>PUTWRITEIDX</name>
         <uninitialized>true</uninitialized>
         <run_address>0x3fc80</run_address>
         <size>0x4</size>
         <input_file_ref idref="fl-1a"/>
      </object_component>
      <object_component id="oc-16c">
         <name>GETREADIDX</name>
         <uninitialized>true</uninitialized>
         <run_address>0x3fc84</run_address>
         <size>0x4</size>
         <input_file_ref idref="fl-1a"/>
      </object_component>
      <object_component id="oc-16e">
         <name>GETBUFFER</name>
         <uninitialized>true</uninitialized>
         <run_address>0x3f800</run_address>
         <size>0x80</size>
         <input_file_ref idref="fl-1a"/>
      </object_component>
      <object_component id="oc-169">
         <name>GETWRITEIDX</name>
         <uninitialized>true</uninitialized>
         <run_address>0x3f880</run_address>
         <size>0x4</size>
         <input_file_ref idref="fl-1a"/>
      </object_component>
      <object_component id="oc-16b">
         <name>PUTREADIDX</name>
         <uninitialized>true</uninitialized>
         <run_address>0x3f884</run_address>
         <size>0x4</size>
         <input_file_ref idref="fl-1a"/>
      </object_component>
      <object_component id="oc-129">
         <name>PieVectTableFile</name>
         <uninitialized>true</uninitialized>
         <run_address>0xd00</run_address>
         <size>0x1c0</size>
         <input_file_ref idref="fl-d"/>
      </object_component>
      <object_component id="oc-c8">
         <name>EmuKeyVar</name>
         <uninitialized>true</uninitialized>
         <run_address>0xd00</run_address>
         <size>0x1</size>
         <input_file_ref idref="fl-d"/>
      </object_component>
      <object_component id="oc-c7">
         <name>EmuBModeVar</name>
         <uninitialized>true</uninitialized>
         <run_address>0xd01</run_address>
         <size>0x1</size>
         <input_file_ref idref="fl-d"/>
      </object_component>
      <object_component id="oc-df">
         <name>AdcaResultFile</name>
         <uninitialized>true</uninitialized>
         <run_address>0xb00</run_address>
         <size>0x18</size>
         <input_file_ref idref="fl-d"/>
      </object_component>
      <object_component id="oc-e0">
         <name>AdcbResultFile</name>
         <uninitialized>true</uninitialized>
         <run_address>0xb20</run_address>
         <size>0x18</size>
         <input_file_ref idref="fl-d"/>
      </object_component>
      <object_component id="oc-de">
         <name>AdccResultFile</name>
         <uninitialized>true</uninitialized>
         <run_address>0xb40</run_address>
         <size>0x18</size>
         <input_file_ref idref="fl-d"/>
      </object_component>
      <object_component id="oc-e1">
         <name>AdcdResultFile</name>
         <uninitialized>true</uninitialized>
         <run_address>0xb60</run_address>
         <size>0x18</size>
         <input_file_ref idref="fl-d"/>
      </object_component>
      <object_component id="oc-114">
         <name>AdcaRegsFile</name>
         <uninitialized>true</uninitialized>
         <run_address>0x7400</run_address>
         <size>0x80</size>
         <input_file_ref idref="fl-d"/>
      </object_component>
      <object_component id="oc-111">
         <name>AdcbRegsFile</name>
         <uninitialized>true</uninitialized>
         <run_address>0x7480</run_address>
         <size>0x80</size>
         <input_file_ref idref="fl-d"/>
      </object_component>
      <object_component id="oc-110">
         <name>AdccRegsFile</name>
         <uninitialized>true</uninitialized>
         <run_address>0x7500</run_address>
         <size>0x80</size>
         <input_file_ref idref="fl-d"/>
      </object_component>
      <object_component id="oc-115">
         <name>AdcdRegsFile</name>
         <uninitialized>true</uninitialized>
         <run_address>0x7580</run_address>
         <size>0x80</size>
         <input_file_ref idref="fl-d"/>
      </object_component>
      <object_component id="oc-10b">
         <name>AnalogSubsysRegsFile</name>
         <uninitialized>true</uninitialized>
         <run_address>0x5d180</run_address>
         <size>0x48</size>
         <input_file_ref idref="fl-d"/>
      </object_component>
      <object_component id="oc-125">
         <name>CanaRegsFile</name>
         <uninitialized>true</uninitialized>
         <run_address>0x48000</run_address>
         <size>0x164</size>
         <input_file_ref idref="fl-d"/>
      </object_component>
      <object_component id="oc-126">
         <name>CanbRegsFile</name>
         <uninitialized>true</uninitialized>
         <run_address>0x4a000</run_address>
         <size>0x164</size>
         <input_file_ref idref="fl-d"/>
      </object_component>
      <object_component id="oc-106">
         <name>Cla1RegsFile</name>
         <uninitialized>true</uninitialized>
         <run_address>0x1400</run_address>
         <size>0x3e</size>
         <input_file_ref idref="fl-d"/>
      </object_component>
      <object_component id="oc-cc">
         <name>Cla1SoftIntRegsFile</name>
         <uninitialized>true</uninitialized>
         <run_address>0xce0</run_address>
         <size>0x4</size>
         <input_file_ref idref="fl-d"/>
      </object_component>
      <object_component id="oc-f2">
         <name>Cmpss1RegsFile</name>
         <uninitialized>true</uninitialized>
         <run_address>0x5c80</run_address>
         <size>0x20</size>
         <input_file_ref idref="fl-d"/>
      </object_component>
      <object_component id="oc-f1">
         <name>Cmpss2RegsFile</name>
         <uninitialized>true</uninitialized>
         <run_address>0x5ca0</run_address>
         <size>0x20</size>
         <input_file_ref idref="fl-d"/>
      </object_component>
      <object_component id="oc-f4">
         <name>Cmpss3RegsFile</name>
         <uninitialized>true</uninitialized>
         <run_address>0x5cc0</run_address>
         <size>0x20</size>
         <input_file_ref idref="fl-d"/>
      </object_component>
      <object_component id="oc-f3">
         <name>Cmpss4RegsFile</name>
         <uninitialized>true</uninitialized>
         <run_address>0x5ce0</run_address>
         <size>0x20</size>
         <input_file_ref idref="fl-d"/>
      </object_component>
      <object_component id="oc-ee">
         <name>Cmpss5RegsFile</name>
         <uninitialized>true</uninitialized>
         <run_address>0x5d00</run_address>
         <size>0x20</size>
         <input_file_ref idref="fl-d"/>
      </object_component>
      <object_component id="oc-ed">
         <name>Cmpss6RegsFile</name>
         <uninitialized>true</uninitialized>
         <run_address>0x5d20</run_address>
         <size>0x20</size>
         <input_file_ref idref="fl-d"/>
      </object_component>
      <object_component id="oc-f0">
         <name>Cmpss7RegsFile</name>
         <uninitialized>true</uninitialized>
         <run_address>0x5d40</run_address>
         <size>0x20</size>
         <input_file_ref idref="fl-d"/>
      </object_component>
      <object_component id="oc-ef">
         <name>Cmpss8RegsFile</name>
         <uninitialized>true</uninitialized>
         <run_address>0x5d60</run_address>
         <size>0x20</size>
         <input_file_ref idref="fl-d"/>
      </object_component>
      <object_component id="oc-d0">
         <name>CpuTimer0RegsFile</name>
         <uninitialized>true</uninitialized>
         <run_address>0xc00</run_address>
         <size>0x8</size>
         <input_file_ref idref="fl-d"/>
      </object_component>
      <object_component id="oc-d3">
         <name>CpuTimer1RegsFile</name>
         <uninitialized>true</uninitialized>
         <run_address>0xc08</run_address>
         <size>0x8</size>
         <input_file_ref idref="fl-d"/>
      </object_component>
      <object_component id="oc-d2">
         <name>CpuTimer2RegsFile</name>
         <uninitialized>true</uninitialized>
         <run_address>0xc10</run_address>
         <size>0x8</size>
         <input_file_ref idref="fl-d"/>
      </object_component>
      <object_component id="oc-d1">
         <name>DacaRegsFile</name>
         <uninitialized>true</uninitialized>
         <run_address>0x5c00</run_address>
         <size>0x8</size>
         <input_file_ref idref="fl-d"/>
      </object_component>
      <object_component id="oc-d4">
         <name>DacbRegsFile</name>
         <uninitialized>true</uninitialized>
         <run_address>0x5c10</run_address>
         <size>0x8</size>
         <input_file_ref idref="fl-d"/>
      </object_component>
      <object_component id="oc-cf">
         <name>DaccRegsFile</name>
         <uninitialized>true</uninitialized>
         <run_address>0x5c20</run_address>
         <size>0x8</size>
         <input_file_ref idref="fl-d"/>
      </object_component>
      <object_component id="oc-ff">
         <name>DcsmZ1RegsFile</name>
         <uninitialized>true</uninitialized>
         <run_address>0x5f000</run_address>
         <size>0x24</size>
         <input_file_ref idref="fl-d"/>
      </object_component>
      <object_component id="oc-fe">
         <name>DcsmZ2RegsFile</name>
         <uninitialized>true</uninitialized>
         <run_address>0x5f040</run_address>
         <size>0x24</size>
         <input_file_ref idref="fl-d"/>
      </object_component>
      <object_component id="oc-d5">
         <name>DcsmCommonRegsFile</name>
         <uninitialized>true</uninitialized>
         <run_address>0x5f070</run_address>
         <size>0x8</size>
         <input_file_ref idref="fl-d"/>
      </object_component>
      <object_component id="oc-f7">
         <name>DcsmZ1OtpFile</name>
         <uninitialized>true</uninitialized>
         <run_address>0x78000</run_address>
         <size>0x20</size>
         <input_file_ref idref="fl-d"/>
      </object_component>
      <object_component id="oc-f5">
         <name>DcsmZ2OtpFile</name>
         <uninitialized>true</uninitialized>
         <run_address>0x78200</run_address>
         <size>0x20</size>
         <input_file_ref idref="fl-d"/>
      </object_component>
      <object_component id="oc-117">
         <name>DmaRegsFile</name>
         <uninitialized>true</uninitialized>
         <run_address>0x1000</run_address>
         <size>0xe0</size>
         <input_file_ref idref="fl-d"/>
      </object_component>
      <object_component id="oc-e3">
         <name>DmaClaSrcSelRegsFile</name>
         <uninitialized>true</uninitialized>
         <run_address>0x7980</run_address>
         <size>0x1a</size>
         <input_file_ref idref="fl-d"/>
      </object_component>
      <object_component id="oc-f6">
         <name>ECap1RegsFile</name>
         <uninitialized>true</uninitialized>
         <run_address>0x5000</run_address>
         <size>0x20</size>
         <input_file_ref idref="fl-d"/>
      </object_component>
      <object_component id="oc-e6">
         <name>ECap2RegsFile</name>
         <uninitialized>true</uninitialized>
         <run_address>0x5020</run_address>
         <size>0x20</size>
         <input_file_ref idref="fl-d"/>
      </object_component>
      <object_component id="oc-ec">
         <name>ECap3RegsFile</name>
         <uninitialized>true</uninitialized>
         <run_address>0x5040</run_address>
         <size>0x20</size>
         <input_file_ref idref="fl-d"/>
      </object_component>
      <object_component id="oc-e4">
         <name>ECap4RegsFile</name>
         <uninitialized>true</uninitialized>
         <run_address>0x5060</run_address>
         <size>0x20</size>
         <input_file_ref idref="fl-d"/>
      </object_component>
      <object_component id="oc-e5">
         <name>ECap5RegsFile</name>
         <uninitialized>true</uninitialized>
         <run_address>0x5080</run_address>
         <size>0x20</size>
         <input_file_ref idref="fl-d"/>
      </object_component>
      <object_component id="oc-eb">
         <name>ECap6RegsFile</name>
         <uninitialized>true</uninitialized>
         <run_address>0x50a0</run_address>
         <size>0x20</size>
         <input_file_ref idref="fl-d"/>
      </object_component>
      <object_component id="oc-10d">
         <name>Emif1RegsFile</name>
         <uninitialized>true</uninitialized>
         <run_address>0x47000</run_address>
         <size>0x70</size>
         <input_file_ref idref="fl-d"/>
      </object_component>
      <object_component id="oc-10e">
         <name>Emif2RegsFile</name>
         <uninitialized>true</uninitialized>
         <run_address>0x47800</run_address>
         <size>0x70</size>
         <input_file_ref idref="fl-d"/>
      </object_component>
      <object_component id="oc-11c">
         <name>EPwm1RegsFile</name>
         <uninitialized>true</uninitialized>
         <run_address>0x4000</run_address>
         <size>0x100</size>
         <input_file_ref idref="fl-d"/>
      </object_component>
      <object_component id="oc-11b">
         <name>EPwm2RegsFile</name>
         <uninitialized>true</uninitialized>
         <run_address>0x4100</run_address>
         <size>0x100</size>
         <input_file_ref idref="fl-d"/>
      </object_component>
      <object_component id="oc-11e">
         <name>EPwm3RegsFile</name>
         <uninitialized>true</uninitialized>
         <run_address>0x4200</run_address>
         <size>0x100</size>
         <input_file_ref idref="fl-d"/>
      </object_component>
      <object_component id="oc-119">
         <name>EPwm4RegsFile</name>
         <uninitialized>true</uninitialized>
         <run_address>0x4300</run_address>
         <size>0x100</size>
         <input_file_ref idref="fl-d"/>
      </object_component>
      <object_component id="oc-118">
         <name>EPwm5RegsFile</name>
         <uninitialized>true</uninitialized>
         <run_address>0x4400</run_address>
         <size>0x100</size>
         <input_file_ref idref="fl-d"/>
      </object_component>
      <object_component id="oc-11d">
         <name>EPwm6RegsFile</name>
         <uninitialized>true</uninitialized>
         <run_address>0x4500</run_address>
         <size>0x100</size>
         <input_file_ref idref="fl-d"/>
      </object_component>
      <object_component id="oc-11a">
         <name>EPwm7RegsFile</name>
         <uninitialized>true</uninitialized>
         <run_address>0x4600</run_address>
         <size>0x100</size>
         <input_file_ref idref="fl-d"/>
      </object_component>
      <object_component id="oc-123">
         <name>EPwm8RegsFile</name>
         <uninitialized>true</uninitialized>
         <run_address>0x4700</run_address>
         <size>0x100</size>
         <input_file_ref idref="fl-d"/>
      </object_component>
      <object_component id="oc-121">
         <name>EPwm9RegsFile</name>
         <uninitialized>true</uninitialized>
         <run_address>0x4800</run_address>
         <size>0x100</size>
         <input_file_ref idref="fl-d"/>
      </object_component>
      <object_component id="oc-122">
         <name>EPwm10RegsFile</name>
         <uninitialized>true</uninitialized>
         <run_address>0x4900</run_address>
         <size>0x100</size>
         <input_file_ref idref="fl-d"/>
      </object_component>
      <object_component id="oc-11f">
         <name>EPwm11RegsFile</name>
         <uninitialized>true</uninitialized>
         <run_address>0x4a00</run_address>
         <size>0x100</size>
         <input_file_ref idref="fl-d"/>
      </object_component>
      <object_component id="oc-120">
         <name>EPwm12RegsFile</name>
         <uninitialized>true</uninitialized>
         <run_address>0x4b00</run_address>
         <size>0x100</size>
         <input_file_ref idref="fl-d"/>
      </object_component>
      <object_component id="oc-109">
         <name>EPwmXbarRegsFile</name>
         <uninitialized>true</uninitialized>
         <run_address>0x7a00</run_address>
         <size>0x40</size>
         <input_file_ref idref="fl-d"/>
      </object_component>
      <object_component id="oc-f8">
         <name>EQep1RegsFile</name>
         <uninitialized>true</uninitialized>
         <run_address>0x5100</run_address>
         <size>0x22</size>
         <input_file_ref idref="fl-d"/>
      </object_component>
      <object_component id="oc-f9">
         <name>EQep2RegsFile</name>
         <uninitialized>true</uninitialized>
         <run_address>0x5140</run_address>
         <size>0x22</size>
         <input_file_ref idref="fl-d"/>
      </object_component>
      <object_component id="oc-fb">
         <name>EQep3RegsFile</name>
         <uninitialized>true</uninitialized>
         <run_address>0x5180</run_address>
         <size>0x22</size>
         <input_file_ref idref="fl-d"/>
      </object_component>
      <object_component id="oc-128">
         <name>Flash0CtrlRegsFile</name>
         <uninitialized>true</uninitialized>
         <run_address>0x5f800</run_address>
         <size>0x182</size>
         <input_file_ref idref="fl-d"/>
      </object_component>
      <object_component id="oc-102">
         <name>Flash0EccRegsFile</name>
         <uninitialized>true</uninitialized>
         <run_address>0x5fb00</run_address>
         <size>0x28</size>
         <input_file_ref idref="fl-d"/>
      </object_component>
      <object_component id="oc-127">
         <name>GpioCtrlRegsFile</name>
         <uninitialized>true</uninitialized>
         <run_address>0x7c00</run_address>
         <size>0x180</size>
         <input_file_ref idref="fl-d"/>
      </object_component>
      <object_component id="oc-104">
         <name>GpioDataRegsFile</name>
         <uninitialized>true</uninitialized>
         <run_address>0x7f00</run_address>
         <size>0x30</size>
         <input_file_ref idref="fl-d"/>
      </object_component>
      <object_component id="oc-10a">
         <name>OutputXbarRegsFile</name>
         <uninitialized>true</uninitialized>
         <run_address>0x7a80</run_address>
         <size>0x40</size>
         <input_file_ref idref="fl-d"/>
      </object_component>
      <object_component id="oc-fc">
         <name>I2caRegsFile</name>
         <uninitialized>true</uninitialized>
         <run_address>0x7300</run_address>
         <size>0x22</size>
         <input_file_ref idref="fl-d"/>
      </object_component>
      <object_component id="oc-fa">
         <name>I2cbRegsFile</name>
         <uninitialized>true</uninitialized>
         <run_address>0x7340</run_address>
         <size>0x22</size>
         <input_file_ref idref="fl-d"/>
      </object_component>
      <object_component id="oc-e9">
         <name>InputXbarRegsFile</name>
         <uninitialized>true</uninitialized>
         <run_address>0x7900</run_address>
         <size>0x20</size>
         <input_file_ref idref="fl-d"/>
      </object_component>
      <object_component id="oc-e7">
         <name>XbarRegsFile</name>
         <uninitialized>true</uninitialized>
         <run_address>0x7920</run_address>
         <size>0x20</size>
         <input_file_ref idref="fl-d"/>
      </object_component>
      <object_component id="oc-fd">
         <name>IpcRegsFile</name>
         <uninitialized>true</uninitialized>
         <run_address>0x50000</run_address>
         <size>0x24</size>
         <input_file_ref idref="fl-d"/>
      </object_component>
      <object_component id="oc-ca">
         <name>FlashPumpSemaphoreRegsFile</name>
         <uninitialized>true</uninitialized>
         <run_address>0x50024</run_address>
         <size>0x2</size>
         <input_file_ref idref="fl-d"/>
      </object_component>
      <object_component id="oc-c9">
         <name>RomPrefetchRegsFile</name>
         <uninitialized>true</uninitialized>
         <run_address>0x5e608</run_address>
         <size>0x2</size>
         <input_file_ref idref="fl-d"/>
      </object_component>
      <object_component id="oc-112">
         <name>MemCfgRegsFile</name>
         <uninitialized>true</uninitialized>
         <run_address>0x5f400</run_address>
         <size>0x80</size>
         <input_file_ref idref="fl-d"/>
      </object_component>
      <object_component id="oc-e8">
         <name>Emif1ConfigRegsFile</name>
         <uninitialized>true</uninitialized>
         <run_address>0x5f480</run_address>
         <size>0x20</size>
         <input_file_ref idref="fl-d"/>
      </object_component>
      <object_component id="oc-ea">
         <name>Emif2ConfigRegsFile</name>
         <uninitialized>true</uninitialized>
         <run_address>0x5f4a0</run_address>
         <size>0x20</size>
         <input_file_ref idref="fl-d"/>
      </object_component>
      <object_component id="oc-108">
         <name>AccessProtectionRegsFile</name>
         <uninitialized>true</uninitialized>
         <run_address>0x5f4c0</run_address>
         <size>0x40</size>
         <input_file_ref idref="fl-d"/>
      </object_component>
      <object_component id="oc-107">
         <name>MemoryErrorRegsFile</name>
         <uninitialized>true</uninitialized>
         <run_address>0x5f500</run_address>
         <size>0x40</size>
         <input_file_ref idref="fl-d"/>
      </object_component>
      <object_component id="oc-cb">
         <name>RomWaitStateRegsFile</name>
         <uninitialized>true</uninitialized>
         <run_address>0x5f540</run_address>
         <size>0x2</size>
         <input_file_ref idref="fl-d"/>
      </object_component>
      <object_component id="oc-100">
         <name>McbspaRegsFile</name>
         <uninitialized>true</uninitialized>
         <run_address>0x6000</run_address>
         <size>0x24</size>
         <input_file_ref idref="fl-d"/>
      </object_component>
      <object_component id="oc-101">
         <name>McbspbRegsFile</name>
         <uninitialized>true</uninitialized>
         <run_address>0x6040</run_address>
         <size>0x24</size>
         <input_file_ref idref="fl-d"/>
      </object_component>
      <object_component id="oc-10c">
         <name>UppRegsFile</name>
         <uninitialized>true</uninitialized>
         <run_address>0x6200</run_address>
         <size>0x48</size>
         <input_file_ref idref="fl-d"/>
      </object_component>
      <object_component id="oc-ce">
         <name>NmiIntruptRegsFile</name>
         <uninitialized>true</uninitialized>
         <run_address>0x7060</run_address>
         <size>0x7</size>
         <input_file_ref idref="fl-d"/>
      </object_component>
      <object_component id="oc-e2">
         <name>PieCtrlRegsFile</name>
         <uninitialized>true</uninitialized>
         <run_address>0xce0</run_address>
         <size>0x1a</size>
         <input_file_ref idref="fl-d"/>
      </object_component>
      <object_component id="oc-d8">
         <name>SciaRegsFile</name>
         <uninitialized>true</uninitialized>
         <run_address>0x7200</run_address>
         <size>0x10</size>
         <input_file_ref idref="fl-d"/>
      </object_component>
      <object_component id="oc-d7">
         <name>ScibRegsFile</name>
         <uninitialized>true</uninitialized>
         <run_address>0x7210</run_address>
         <size>0x10</size>
         <input_file_ref idref="fl-d"/>
      </object_component>
      <object_component id="oc-da">
         <name>ScicRegsFile</name>
         <uninitialized>true</uninitialized>
         <run_address>0x7220</run_address>
         <size>0x10</size>
         <input_file_ref idref="fl-d"/>
      </object_component>
      <object_component id="oc-db">
         <name>ScidRegsFile</name>
         <uninitialized>true</uninitialized>
         <run_address>0x7230</run_address>
         <size>0x10</size>
         <input_file_ref idref="fl-d"/>
      </object_component>
      <object_component id="oc-113">
         <name>Sdfm1RegsFile</name>
         <uninitialized>true</uninitialized>
         <run_address>0x5e00</run_address>
         <size>0x80</size>
         <input_file_ref idref="fl-d"/>
      </object_component>
      <object_component id="oc-10f">
         <name>Sdfm2RegsFile</name>
         <uninitialized>true</uninitialized>
         <run_address>0x5e80</run_address>
         <size>0x80</size>
         <input_file_ref idref="fl-d"/>
      </object_component>
      <object_component id="oc-dd">
         <name>SpiaRegsFile</name>
         <uninitialized>true</uninitialized>
         <run_address>0x6100</run_address>
         <size>0x10</size>
         <input_file_ref idref="fl-d"/>
      </object_component>
      <object_component id="oc-dc">
         <name>SpibRegsFile</name>
         <uninitialized>true</uninitialized>
         <run_address>0x6110</run_address>
         <size>0x10</size>
         <input_file_ref idref="fl-d"/>
      </object_component>
      <object_component id="oc-d9">
         <name>SpicRegsFile</name>
         <uninitialized>true</uninitialized>
         <run_address>0x6120</run_address>
         <size>0x10</size>
         <input_file_ref idref="fl-d"/>
      </object_component>
      <object_component id="oc-124">
         <name>DevCfgRegsFile</name>
         <uninitialized>true</uninitialized>
         <run_address>0x5d000</run_address>
         <size>0x12e</size>
         <input_file_ref idref="fl-d"/>
      </object_component>
      <object_component id="oc-105">
         <name>ClkCfgRegsFile</name>
         <uninitialized>true</uninitialized>
         <run_address>0x5d200</run_address>
         <size>0x32</size>
         <input_file_ref idref="fl-d"/>
      </object_component>
      <object_component id="oc-116">
         <name>CpuSysRegsFile</name>
         <uninitialized>true</uninitialized>
         <run_address>0x5d300</run_address>
         <size>0x82</size>
         <input_file_ref idref="fl-d"/>
      </object_component>
      <object_component id="oc-cd">
         <name>SyncSocRegsFile</name>
         <uninitialized>true</uninitialized>
         <run_address>0x7940</run_address>
         <size>0x6</size>
         <input_file_ref idref="fl-d"/>
      </object_component>
      <object_component id="oc-103">
         <name>WdRegsFile</name>
         <uninitialized>true</uninitialized>
         <run_address>0x7000</run_address>
         <size>0x2b</size>
         <input_file_ref idref="fl-d"/>
      </object_component>
      <object_component id="oc-d6">
         <name>XintRegsFile</name>
         <uninitialized>true</uninitialized>
         <run_address>0x7070</run_address>
         <size>0xb</size>
         <input_file_ref idref="fl-d"/>
      </object_component>
      <object_component id="oc-89">
         <name>.debug_info</name>
         <load_address>0x0</load_address>
         <run_address>0x0</run_address>
         <size>0x461</size>
         <input_file_ref idref="fl-2"/>
      </object_component>
      <object_component id="oc-8e">
         <name>.debug_info</name>
         <load_address>0x461</load_address>
         <run_address>0x461</run_address>
         <size>0xcc9</size>
         <input_file_ref idref="fl-3"/>
      </object_component>
      <object_component id="oc-95">
         <name>.debug_info</name>
         <load_address>0x112a</load_address>
         <run_address>0x112a</run_address>
         <size>0x2af</size>
         <input_file_ref idref="fl-4"/>
      </object_component>
      <object_component id="oc-99">
         <name>.debug_info</name>
         <load_address>0x13d9</load_address>
         <run_address>0x13d9</run_address>
         <size>0xa99f</size>
         <input_file_ref idref="fl-5"/>
      </object_component>
      <object_component id="oc-9e">
         <name>.debug_info</name>
         <load_address>0xbd78</load_address>
         <run_address>0xbd78</run_address>
         <size>0xcf7</size>
         <input_file_ref idref="fl-6"/>
      </object_component>
      <object_component id="oc-a5">
         <name>.debug_info</name>
         <load_address>0xca6f</load_address>
         <run_address>0xca6f</run_address>
         <size>0x88f</size>
         <input_file_ref idref="fl-7"/>
      </object_component>
      <object_component id="oc-aa">
         <name>.debug_info</name>
         <load_address>0xd2fe</load_address>
         <run_address>0xd2fe</run_address>
         <size>0x7b29</size>
         <input_file_ref idref="fl-8"/>
      </object_component>
      <object_component id="oc-b0">
         <name>.debug_info</name>
         <load_address>0x14e27</load_address>
         <run_address>0x14e27</run_address>
         <size>0xba1</size>
         <input_file_ref idref="fl-9"/>
      </object_component>
      <object_component id="oc-b5">
         <name>.debug_info</name>
         <load_address>0x159c8</load_address>
         <run_address>0x159c8</run_address>
         <size>0x3d92</size>
         <input_file_ref idref="fl-a"/>
      </object_component>
      <object_component id="oc-ba">
         <name>.debug_info</name>
         <load_address>0x1975a</load_address>
         <run_address>0x1975a</run_address>
         <size>0x680</size>
         <input_file_ref idref="fl-b"/>
      </object_component>
      <object_component id="oc-bf">
         <name>.debug_info</name>
         <load_address>0x19dda</load_address>
         <run_address>0x19dda</run_address>
         <size>0xd209</size>
         <input_file_ref idref="fl-c"/>
      </object_component>
      <object_component id="oc-c6">
         <name>.debug_info</name>
         <load_address>0x26fe3</load_address>
         <run_address>0x26fe3</run_address>
         <size>0x5037c</size>
         <input_file_ref idref="fl-d"/>
      </object_component>
      <object_component id="oc-12b">
         <name>.debug_info</name>
         <load_address>0x7735f</load_address>
         <run_address>0x7735f</run_address>
         <size>0x469d</size>
         <input_file_ref idref="fl-e"/>
      </object_component>
      <object_component id="oc-131">
         <name>.debug_info</name>
         <load_address>0x7b9fc</load_address>
         <run_address>0x7b9fc</run_address>
         <size>0x190</size>
         <input_file_ref idref="fl-f"/>
      </object_component>
      <object_component id="oc-135">
         <name>.debug_info</name>
         <load_address>0x7bb8c</load_address>
         <run_address>0x7bb8c</run_address>
         <size>0xb16</size>
         <input_file_ref idref="fl-10"/>
      </object_component>
      <object_component id="oc-13c">
         <name>.debug_info</name>
         <load_address>0x7c6a2</load_address>
         <run_address>0x7c6a2</run_address>
         <size>0x189</size>
         <input_file_ref idref="fl-11"/>
      </object_component>
      <object_component id="oc-140">
         <name>.debug_info</name>
         <load_address>0x7c82b</load_address>
         <run_address>0x7c82b</run_address>
         <size>0x4791</size>
         <input_file_ref idref="fl-12"/>
      </object_component>
      <object_component id="oc-145">
         <name>.debug_info</name>
         <load_address>0x80fbc</load_address>
         <run_address>0x80fbc</run_address>
         <size>0x13ecb</size>
         <input_file_ref idref="fl-13"/>
      </object_component>
      <object_component id="oc-14a">
         <name>.debug_info</name>
         <load_address>0x94e87</load_address>
         <run_address>0x94e87</run_address>
         <size>0xf459</size>
         <input_file_ref idref="fl-14"/>
      </object_component>
      <object_component id="oc-14f">
         <name>.debug_info</name>
         <load_address>0xa42e0</load_address>
         <run_address>0xa42e0</run_address>
         <size>0xf459</size>
         <input_file_ref idref="fl-15"/>
      </object_component>
      <object_component id="oc-154">
         <name>.debug_info</name>
         <load_address>0xb3739</load_address>
         <run_address>0xb3739</run_address>
         <size>0x54bc</size>
         <input_file_ref idref="fl-16"/>
      </object_component>
      <object_component id="oc-159">
         <name>.debug_info</name>
         <load_address>0xb8bf5</load_address>
         <run_address>0xb8bf5</run_address>
         <size>0x1a65f</size>
         <input_file_ref idref="fl-17"/>
      </object_component>
      <object_component id="oc-15e">
         <name>.debug_info</name>
         <load_address>0xd3254</load_address>
         <run_address>0xd3254</run_address>
         <size>0xf458</size>
         <input_file_ref idref="fl-18"/>
      </object_component>
      <object_component id="oc-163">
         <name>.debug_info</name>
         <load_address>0xe26ac</load_address>
         <run_address>0xe26ac</run_address>
         <size>0x16b5</size>
         <input_file_ref idref="fl-19"/>
      </object_component>
      <object_component id="oc-168">
         <name>.debug_info</name>
         <load_address>0xe3d61</load_address>
         <run_address>0xe3d61</run_address>
         <size>0x1a14</size>
         <input_file_ref idref="fl-1a"/>
      </object_component>
      <object_component id="oc-173">
         <name>.debug_info</name>
         <load_address>0xe5775</load_address>
         <run_address>0xe5775</run_address>
         <size>0x4948</size>
         <input_file_ref idref="fl-1b"/>
      </object_component>
      <object_component id="oc-178">
         <name>.debug_info</name>
         <load_address>0xea0bd</load_address>
         <run_address>0xea0bd</run_address>
         <size>0x187fb</size>
         <input_file_ref idref="fl-1c"/>
      </object_component>
      <object_component id="oc-17d">
         <name>.debug_info</name>
         <load_address>0x1028b8</load_address>
         <run_address>0x1028b8</run_address>
         <size>0x103f2</size>
         <input_file_ref idref="fl-1d"/>
      </object_component>
      <object_component id="oc-182">
         <name>.debug_info</name>
         <load_address>0x112caa</load_address>
         <run_address>0x112caa</run_address>
         <size>0x36e4</size>
         <input_file_ref idref="fl-1e"/>
      </object_component>
      <object_component id="oc-187">
         <name>.debug_info</name>
         <load_address>0x11638e</load_address>
         <run_address>0x11638e</run_address>
         <size>0x6822</size>
         <input_file_ref idref="fl-1f"/>
      </object_component>
      <object_component id="oc-18c">
         <name>.debug_info</name>
         <load_address>0x11cbb0</load_address>
         <run_address>0x11cbb0</run_address>
         <size>0x1da</size>
         <input_file_ref idref="fl-20"/>
      </object_component>
      <object_component id="oc-18e">
         <name>.debug_info</name>
         <load_address>0x11cd8a</load_address>
         <run_address>0x11cd8a</run_address>
         <size>0xfd40</size>
         <input_file_ref idref="fl-21"/>
      </object_component>
      <object_component id="oc-193">
         <name>.debug_info</name>
         <load_address>0x12caca</load_address>
         <run_address>0x12caca</run_address>
         <size>0xd304</size>
         <input_file_ref idref="fl-22"/>
      </object_component>
      <object_component id="oc-198">
         <name>.debug_info</name>
         <load_address>0x139dce</load_address>
         <run_address>0x139dce</run_address>
         <size>0x4e23</size>
         <input_file_ref idref="fl-23"/>
      </object_component>
      <object_component id="oc-19e">
         <name>.debug_info</name>
         <load_address>0x13ebf1</load_address>
         <run_address>0x13ebf1</run_address>
         <size>0x109fb</size>
         <input_file_ref idref="fl-24"/>
      </object_component>
      <object_component id="oc-1a3">
         <name>.debug_info</name>
         <load_address>0x14f5ec</load_address>
         <run_address>0x14f5ec</run_address>
         <size>0x2b2f</size>
         <input_file_ref idref="fl-25"/>
      </object_component>
      <object_component id="oc-1a8">
         <name>.debug_info</name>
         <load_address>0x15211b</load_address>
         <run_address>0x15211b</run_address>
         <size>0x3485</size>
         <input_file_ref idref="fl-26"/>
      </object_component>
      <object_component id="oc-1af">
         <name>.debug_info</name>
         <load_address>0x1555a0</load_address>
         <run_address>0x1555a0</run_address>
         <size>0x204a</size>
         <input_file_ref idref="fl-27"/>
      </object_component>
      <object_component id="oc-1b4">
         <name>.debug_info</name>
         <load_address>0x1575ea</load_address>
         <run_address>0x1575ea</run_address>
         <size>0x1000f</size>
         <input_file_ref idref="fl-28"/>
      </object_component>
      <object_component id="oc-1b9">
         <name>.debug_info</name>
         <load_address>0x1675f9</load_address>
         <run_address>0x1675f9</run_address>
         <size>0x18b</size>
         <input_file_ref idref="fl-29"/>
      </object_component>
      <object_component id="oc-1bd">
         <name>.debug_info</name>
         <load_address>0x167784</load_address>
         <run_address>0x167784</run_address>
         <size>0x4169</size>
         <input_file_ref idref="fl-2a"/>
      </object_component>
      <object_component id="oc-1c2">
         <name>.debug_info</name>
         <load_address>0x16b8ed</load_address>
         <run_address>0x16b8ed</run_address>
         <size>0x6203</size>
         <input_file_ref idref="fl-2b"/>
      </object_component>
      <object_component id="oc-1c8">
         <name>.debug_info</name>
         <load_address>0x171af0</load_address>
         <run_address>0x171af0</run_address>
         <size>0x7d7b</size>
         <input_file_ref idref="fl-2c"/>
      </object_component>
      <object_component id="oc-1ce">
         <name>.debug_info</name>
         <load_address>0x17986b</load_address>
         <run_address>0x17986b</run_address>
         <size>0x7fd</size>
         <input_file_ref idref="fl-2d"/>
      </object_component>
      <object_component id="oc-1d3">
         <name>.debug_info</name>
         <load_address>0x17a068</load_address>
         <run_address>0x17a068</run_address>
         <size>0x4a2</size>
         <input_file_ref idref="fl-2e"/>
      </object_component>
      <object_component id="oc-1d8">
         <name>.debug_info</name>
         <load_address>0x17a50a</load_address>
         <run_address>0x17a50a</run_address>
         <size>0x4b5</size>
         <input_file_ref idref="fl-2f"/>
      </object_component>
      <object_component id="oc-1df">
         <name>.debug_info</name>
         <load_address>0x17a9bf</load_address>
         <run_address>0x17a9bf</run_address>
         <size>0x16b</size>
         <input_file_ref idref="fl-36"/>
      </object_component>
      <object_component id="oc-1e4">
         <name>.debug_info</name>
         <load_address>0x17ab2a</load_address>
         <run_address>0x17ab2a</run_address>
         <size>0x10c</size>
         <input_file_ref idref="fl-37"/>
      </object_component>
      <object_component id="oc-1e9">
         <name>.debug_info</name>
         <load_address>0x17ac36</load_address>
         <run_address>0x17ac36</run_address>
         <size>0x16e</size>
         <input_file_ref idref="fl-38"/>
      </object_component>
      <object_component id="oc-1ed">
         <name>.debug_info</name>
         <load_address>0x17ada4</load_address>
         <run_address>0x17ada4</run_address>
         <size>0x57f</size>
         <input_file_ref idref="fl-39"/>
      </object_component>
      <object_component id="oc-1f2">
         <name>.debug_info</name>
         <load_address>0x17b323</load_address>
         <run_address>0x17b323</run_address>
         <size>0x47a</size>
         <input_file_ref idref="fl-3a"/>
      </object_component>
      <object_component id="oc-1f7">
         <name>.debug_info</name>
         <load_address>0x17b79d</load_address>
         <run_address>0x17b79d</run_address>
         <size>0x3ed</size>
         <input_file_ref idref="fl-3b"/>
      </object_component>
      <object_component id="oc-1fc">
         <name>.debug_info</name>
         <load_address>0x17bb8a</load_address>
         <run_address>0x17bb8a</run_address>
         <size>0x3ea</size>
         <input_file_ref idref="fl-3c"/>
      </object_component>
      <object_component id="oc-201">
         <name>.debug_info</name>
         <load_address>0x17bf74</load_address>
         <run_address>0x17bf74</run_address>
         <size>0x584</size>
         <input_file_ref idref="fl-3d"/>
      </object_component>
      <object_component id="oc-208">
         <name>.debug_info</name>
         <load_address>0x17c4f8</load_address>
         <run_address>0x17c4f8</run_address>
         <size>0xb24</size>
         <input_file_ref idref="fl-3e"/>
      </object_component>
      <object_component id="oc-210">
         <name>.debug_info</name>
         <load_address>0x17d01c</load_address>
         <run_address>0x17d01c</run_address>
         <size>0x50c</size>
         <input_file_ref idref="fl-3f"/>
      </object_component>
      <object_component id="oc-215">
         <name>.debug_info</name>
         <load_address>0x17d528</load_address>
         <run_address>0x17d528</run_address>
         <size>0x4a7</size>
         <input_file_ref idref="fl-40"/>
      </object_component>
      <object_component id="oc-21a">
         <name>.debug_info</name>
         <load_address>0x17d9cf</load_address>
         <run_address>0x17d9cf</run_address>
         <size>0x3b6</size>
         <input_file_ref idref="fl-41"/>
      </object_component>
      <object_component id="oc-2cf">
         <name>.debug_info</name>
         <load_address>0x17dd85</load_address>
         <run_address>0x17dd85</run_address>
         <size>0xbe</size>
      </object_component>
      <object_component id="oc-8a">
         <name>.debug_frame</name>
         <load_address>0x0</load_address>
         <run_address>0x0</run_address>
         <size>0x48</size>
         <input_file_ref idref="fl-2"/>
      </object_component>
      <object_component id="oc-91">
         <name>.debug_frame</name>
         <load_address>0x48</load_address>
         <run_address>0x48</run_address>
         <size>0x94</size>
         <input_file_ref idref="fl-3"/>
      </object_component>
      <object_component id="oc-9a">
         <name>.debug_frame</name>
         <load_address>0xdc</load_address>
         <run_address>0xdc</run_address>
         <size>0x30</size>
         <input_file_ref idref="fl-5"/>
      </object_component>
      <object_component id="oc-a1">
         <name>.debug_frame</name>
         <load_address>0x10c</load_address>
         <run_address>0x10c</run_address>
         <size>0x98</size>
         <input_file_ref idref="fl-6"/>
      </object_component>
      <object_component id="oc-a6">
         <name>.debug_frame</name>
         <load_address>0x1a4</load_address>
         <run_address>0x1a4</run_address>
         <size>0x48</size>
         <input_file_ref idref="fl-7"/>
      </object_component>
      <object_component id="oc-ac">
         <name>.debug_frame</name>
         <load_address>0x1ec</load_address>
         <run_address>0x1ec</run_address>
         <size>0x30</size>
         <input_file_ref idref="fl-8"/>
      </object_component>
      <object_component id="oc-b1">
         <name>.debug_frame</name>
         <load_address>0x21c</load_address>
         <run_address>0x21c</run_address>
         <size>0xa0</size>
         <input_file_ref idref="fl-9"/>
      </object_component>
      <object_component id="oc-b6">
         <name>.debug_frame</name>
         <load_address>0x2bc</load_address>
         <run_address>0x2bc</run_address>
         <size>0x60</size>
         <input_file_ref idref="fl-a"/>
      </object_component>
      <object_component id="oc-bb">
         <name>.debug_frame</name>
         <load_address>0x31c</load_address>
         <run_address>0x31c</run_address>
         <size>0x30</size>
         <input_file_ref idref="fl-b"/>
      </object_component>
      <object_component id="oc-c2">
         <name>.debug_frame</name>
         <load_address>0x34c</load_address>
         <run_address>0x34c</run_address>
         <size>0x16b0</size>
         <input_file_ref idref="fl-c"/>
      </object_component>
      <object_component id="oc-12c">
         <name>.debug_frame</name>
         <load_address>0x19fc</load_address>
         <run_address>0x19fc</run_address>
         <size>0x30</size>
         <input_file_ref idref="fl-e"/>
      </object_component>
      <object_component id="oc-137">
         <name>.debug_frame</name>
         <load_address>0x1a2c</load_address>
         <run_address>0x1a2c</run_address>
         <size>0x64</size>
         <input_file_ref idref="fl-10"/>
      </object_component>
      <object_component id="oc-141">
         <name>.debug_frame</name>
         <load_address>0x1a90</load_address>
         <run_address>0x1a90</run_address>
         <size>0x30</size>
         <input_file_ref idref="fl-12"/>
      </object_component>
      <object_component id="oc-146">
         <name>.debug_frame</name>
         <load_address>0x1ac0</load_address>
         <run_address>0x1ac0</run_address>
         <size>0x30</size>
         <input_file_ref idref="fl-13"/>
      </object_component>
      <object_component id="oc-14b">
         <name>.debug_frame</name>
         <load_address>0x1af0</load_address>
         <run_address>0x1af0</run_address>
         <size>0x30</size>
         <input_file_ref idref="fl-14"/>
      </object_component>
      <object_component id="oc-150">
         <name>.debug_frame</name>
         <load_address>0x1b20</load_address>
         <run_address>0x1b20</run_address>
         <size>0x30</size>
         <input_file_ref idref="fl-15"/>
      </object_component>
      <object_component id="oc-155">
         <name>.debug_frame</name>
         <load_address>0x1b50</load_address>
         <run_address>0x1b50</run_address>
         <size>0x30</size>
         <input_file_ref idref="fl-16"/>
      </object_component>
      <object_component id="oc-15a">
         <name>.debug_frame</name>
         <load_address>0x1b80</load_address>
         <run_address>0x1b80</run_address>
         <size>0x1cc</size>
         <input_file_ref idref="fl-17"/>
      </object_component>
      <object_component id="oc-15f">
         <name>.debug_frame</name>
         <load_address>0x1d4c</load_address>
         <run_address>0x1d4c</run_address>
         <size>0x30</size>
         <input_file_ref idref="fl-18"/>
      </object_component>
      <object_component id="oc-164">
         <name>.debug_frame</name>
         <load_address>0x1d7c</load_address>
         <run_address>0x1d7c</run_address>
         <size>0x30</size>
         <input_file_ref idref="fl-19"/>
      </object_component>
      <object_component id="oc-16f">
         <name>.debug_frame</name>
         <load_address>0x1dac</load_address>
         <run_address>0x1dac</run_address>
         <size>0x30</size>
         <input_file_ref idref="fl-1a"/>
      </object_component>
      <object_component id="oc-174">
         <name>.debug_frame</name>
         <load_address>0x1ddc</load_address>
         <run_address>0x1ddc</run_address>
         <size>0x30</size>
         <input_file_ref idref="fl-1b"/>
      </object_component>
      <object_component id="oc-179">
         <name>.debug_frame</name>
         <load_address>0x1e0c</load_address>
         <run_address>0x1e0c</run_address>
         <size>0xf4</size>
         <input_file_ref idref="fl-1c"/>
      </object_component>
      <object_component id="oc-17e">
         <name>.debug_frame</name>
         <load_address>0x1f00</load_address>
         <run_address>0x1f00</run_address>
         <size>0x30</size>
         <input_file_ref idref="fl-1d"/>
      </object_component>
      <object_component id="oc-183">
         <name>.debug_frame</name>
         <load_address>0x1f30</load_address>
         <run_address>0x1f30</run_address>
         <size>0x60</size>
         <input_file_ref idref="fl-1e"/>
      </object_component>
      <object_component id="oc-188">
         <name>.debug_frame</name>
         <load_address>0x1f90</load_address>
         <run_address>0x1f90</run_address>
         <size>0x4c</size>
         <input_file_ref idref="fl-1f"/>
      </object_component>
      <object_component id="oc-18f">
         <name>.debug_frame</name>
         <load_address>0x1fdc</load_address>
         <run_address>0x1fdc</run_address>
         <size>0x30</size>
         <input_file_ref idref="fl-21"/>
      </object_component>
      <object_component id="oc-194">
         <name>.debug_frame</name>
         <load_address>0x200c</load_address>
         <run_address>0x200c</run_address>
         <size>0x21c</size>
         <input_file_ref idref="fl-22"/>
      </object_component>
      <object_component id="oc-19a">
         <name>.debug_frame</name>
         <load_address>0x2228</load_address>
         <run_address>0x2228</run_address>
         <size>0x30</size>
         <input_file_ref idref="fl-23"/>
      </object_component>
      <object_component id="oc-19f">
         <name>.debug_frame</name>
         <load_address>0x2258</load_address>
         <run_address>0x2258</run_address>
         <size>0x30</size>
         <input_file_ref idref="fl-24"/>
      </object_component>
      <object_component id="oc-1a4">
         <name>.debug_frame</name>
         <load_address>0x2288</load_address>
         <run_address>0x2288</run_address>
         <size>0x30</size>
         <input_file_ref idref="fl-25"/>
      </object_component>
      <object_component id="oc-1ab">
         <name>.debug_frame</name>
         <load_address>0x22b8</load_address>
         <run_address>0x22b8</run_address>
         <size>0x30</size>
         <input_file_ref idref="fl-26"/>
      </object_component>
      <object_component id="oc-1b0">
         <name>.debug_frame</name>
         <load_address>0x22e8</load_address>
         <run_address>0x22e8</run_address>
         <size>0x30</size>
         <input_file_ref idref="fl-27"/>
      </object_component>
      <object_component id="oc-1be">
         <name>.debug_frame</name>
         <load_address>0x2318</load_address>
         <run_address>0x2318</run_address>
         <size>0x324</size>
         <input_file_ref idref="fl-2a"/>
      </object_component>
      <object_component id="oc-1c4">
         <name>.debug_frame</name>
         <load_address>0x263c</load_address>
         <run_address>0x263c</run_address>
         <size>0x118</size>
         <input_file_ref idref="fl-2b"/>
      </object_component>
      <object_component id="oc-1ca">
         <name>.debug_frame</name>
         <load_address>0x2754</load_address>
         <run_address>0x2754</run_address>
         <size>0x30</size>
         <input_file_ref idref="fl-2c"/>
      </object_component>
      <object_component id="oc-1cf">
         <name>.debug_frame</name>
         <load_address>0x2784</load_address>
         <run_address>0x2784</run_address>
         <size>0x30</size>
         <input_file_ref idref="fl-2d"/>
      </object_component>
      <object_component id="oc-1d4">
         <name>.debug_frame</name>
         <load_address>0x27b4</load_address>
         <run_address>0x27b4</run_address>
         <size>0x30</size>
         <input_file_ref idref="fl-2e"/>
      </object_component>
      <object_component id="oc-1d9">
         <name>.debug_frame</name>
         <load_address>0x27e4</load_address>
         <run_address>0x27e4</run_address>
         <size>0x30</size>
         <input_file_ref idref="fl-2f"/>
      </object_component>
      <object_component id="oc-1ee">
         <name>.debug_frame</name>
         <load_address>0x2814</load_address>
         <run_address>0x2814</run_address>
         <size>0x68</size>
         <input_file_ref idref="fl-39"/>
      </object_component>
      <object_component id="oc-1f3">
[...]
         <object_component_ref idref="oc-233"/>
      </symbol>
      <symbol id="sm-4d5">
         <name>_GPIO_SetupXINT3Gpio</name>
         <value>0x86bf</value>
         <object_component_ref idref="oc-233"/>
      </symbol>
      <symbol id="sm-4d6">
         <name>_GPIO_WritePin</name>
         <value>0x8748</value>
         <object_component_ref idref="oc-233"/>
      </symbol>
      <symbol id="sm-4d7">
         <name>_GPIO_SetupPinOptions</name>
         <value>0x85ee</value>
         <object_component_ref idref="oc-233"/>
      </symbol>
      <symbol id="sm-4d8">
         <name>_GPIO_EnableUnbondedIOPullups</name>
         <value>0x871b</value>
         <object_component_ref idref="oc-233"/>
      </symbol>
      <symbol id="sm-4d9">
         <name>_GPIO_SetupXINT1Gpio</name>
         <value>0x86ab</value>
         <object_component_ref idref="oc-233"/>
      </symbol>
      <symbol id="sm-4da">
         <name>_GPIO_TogglePin</name>
         <value>0x8766</value>
         <object_component_ref idref="oc-233"/>
      </symbol>
      <symbol id="sm-4db">
         <name>_GPIO_SetupPinMux</name>
         <value>0x8562</value>
         <object_component_ref idref="oc-233"/>
      </symbol>
      <symbol id="sm-4dc">
         <name>_GPIO_EnableUnbondedIOPullupsFor100Pin</name>
         <value>0x86f6</value>
         <object_component_ref idref="oc-233"/>
      </symbol>
      <symbol id="sm-4dd">
         <name>_GPIO_ReadPin</name>
         <value>0x8731</value>
         <object_component_ref idref="oc-233"/>
      </symbol>
      <symbol id="sm-505">
         <name>_g_usGetReadIndexes</name>
         <value>0x3fc84</value>
         <object_component_ref idref="oc-16c"/>
      </symbol>
      <symbol id="sm-506">
         <name>_g_usPutWriteIndexes</name>
         <value>0x3fc80</value>
         <object_component_ref idref="oc-16a"/>
      </symbol>
      <symbol id="sm-507">
         <name>_g_usGetWriteIndexes</name>
         <value>0x3f880</value>
         <object_component_ref idref="oc-169"/>
      </symbol>
      <symbol id="sm-508">
         <name>_g_asIPCCPU2toCPU1Buffers</name>
         <value>0x3f800</value>
         <object_component_ref idref="oc-16e"/>
      </symbol>
      <symbol id="sm-509">
         <name>_g_asIPCCPU1toCPU2Buffers</name>
         <value>0x3fc00</value>
         <object_component_ref idref="oc-16d"/>
      </symbol>
      <symbol id="sm-50a">
         <name>_g_usPutReadIndexes</name>
         <value>0x3f884</value>
         <object_component_ref idref="oc-16b"/>
      </symbol>
      <symbol id="sm-531">
         <name>_IPCLtoRFlagClear</name>
         <value>0x8d33</value>
         <object_component_ref idref="oc-231"/>
      </symbol>
      <symbol id="sm-532">
         <name>_IPCRtoLFlagBusy</name>
         <value>0x8d0d</value>
         <object_component_ref idref="oc-231"/>
      </symbol>
      <symbol id="sm-533">
         <name>_IPCLtoRFlagBusy</name>
         <value>0x8d1c</value>
         <object_component_ref idref="oc-231"/>
      </symbol>
      <symbol id="sm-534">
         <name>_IPCBootCPU2</name>
         <value>0x8d3f</value>
         <object_component_ref idref="oc-231"/>
      </symbol>
      <symbol id="sm-535">
         <name>_IPCLtoRFlagSet</name>
         <value>0x8d2b</value>
         <object_component_ref idref="oc-231"/>
      </symbol>
      <symbol id="sm-536">
         <name>_IPCGetBootStatus</name>
         <value>0x8d3b</value>
         <object_component_ref idref="oc-231"/>
      </symbol>
      <symbol id="sm-537">
         <name>_IPCRtoLFlagAcknowledge</name>
         <value>0x8d05</value>
         <object_component_ref idref="oc-231"/>
      </symbol>
      <symbol id="sm-54c">
         <name>_InitPieCtrl</name>
         <value>0x90a4</value>
         <object_component_ref idref="oc-234"/>
      </symbol>
      <symbol id="sm-54d">
         <name>_EnableInterrupts</name>
         <value>0x90c3</value>
         <object_component_ref idref="oc-234"/>
      </symbol>
      <symbol id="sm-55d">
         <name>_PieVectTableInit</name>
         <value>0xacba</value>
         <object_component_ref idref="oc-239"/>
      </symbol>
      <symbol id="sm-55e">
         <name>_InitPieVectTable</name>
         <value>0x90cc</value>
         <object_component_ref idref="oc-235"/>
      </symbol>
      <symbol id="sm-59a">
         <name>_InitSysPll</name>
         <value>0x8902</value>
         <object_component_ref idref="oc-22f"/>
      </symbol>
      <symbol id="sm-59b">
         <name>_SeizeFlashPump</name>
         <value>0x88cd</value>
         <object_component_ref idref="oc-22f"/>
      </symbol>
      <symbol id="sm-59c">
         <name>_DisablePeripheralClocks</name>
         <value>0x88b5</value>
         <object_component_ref idref="oc-22f"/>
      </symbol>
      <symbol id="sm-59d">
         <name>_DisableDog</name>
         <value>0x88f4</value>
         <object_component_ref idref="oc-22f"/>
      </symbol>
      <symbol id="sm-59e">
         <name>_SysIntOsc2Sel</name>
         <value>0x8abb</value>
         <object_component_ref idref="oc-22f"/>
      </symbol>
      <symbol id="sm-59f">
         <name>_ReleaseFlashPump</name>
         <value>0x88dc</value>
         <object_component_ref idref="oc-22f"/>
      </symbol>
      <symbol id="sm-5a0">
         <name>_HALT</name>
         <value>0x8b05</value>
         <object_component_ref idref="oc-22f"/>
      </symbol>
      <symbol id="sm-5a1">
         <name>_IDLE</name>
         <value>0x8af1</value>
         <object_component_ref idref="oc-22f"/>
      </symbol>
      <symbol id="sm-5a2">
         <name>_InitPeripheralClocks</name>
         <value>0x8831</value>
         <object_component_ref idref="oc-22f"/>
      </symbol>
      <symbol id="sm-5a3">
         <name>_SysXtalOscSel</name>
         <value>0x8ac5</value>
         <object_component_ref idref="oc-22f"/>
      </symbol>
      <symbol id="sm-5a4">
         <name>_CsmUnlock</name>
         <value>0x8a90</value>
         <object_component_ref idref="oc-22f"/>
      </symbol>
      <symbol id="sm-5a5">
         <name>_SysIntOsc1Sel</name>
         <value>0x8ab1</value>
         <object_component_ref idref="oc-22f"/>
      </symbol>
      <symbol id="sm-5a6">
         <name>_ServiceDog</name>
         <value>0x88e6</value>
         <object_component_ref idref="oc-22f"/>
      </symbol>
      <symbol id="sm-5a7">
         <name>_HIB</name>
         <value>0x8b1e</value>
         <object_component_ref idref="oc-22f"/>
      </symbol>
      <symbol id="sm-5a8">
         <name>_AuxAuxClkSel</name>
         <value>0x8ae7</value>
         <object_component_ref idref="oc-22f"/>
      </symbol>
      <symbol id="sm-5a9">
         <name>_AuxIntOsc2Sel</name>
         <value>0x8ad1</value>
         <object_component_ref idref="oc-22f"/>
      </symbol>
      <symbol id="sm-5aa">
         <name>_InitAuxPll</name>
         <value>0x89c8</value>
         <object_component_ref idref="oc-22f"/>
      </symbol>
      <symbol id="sm-5ab">
         <name>_InitSysCtrl</name>
         <value>0x8800</value>
         <object_component_ref idref="oc-22f"/>
      </symbol>
      <symbol id="sm-5ac">
         <name>_STANDBY</name>
         <value>0x8afa</value>
         <object_component_ref idref="oc-22f"/>
      </symbol>
      <symbol id="sm-5ad">
         <name>_AuxXtalOscSel</name>
         <value>0x8adb</value>
         <object_component_ref idref="oc-22f"/>
      </symbol>
      <symbol id="sm-5b9">
         <name>_tempSensor_tempSlope</name>
         <value>0xaafe</value>
         <object_component_ref idref="oc-199"/>
      </symbol>
      <symbol id="sm-5ba">
         <name>_tempSensor_tempOffset</name>
         <value>0xaafa</value>
         <object_component_ref idref="oc-199"/>
      </symbol>
      <symbol id="sm-5bb">
         <name>_tempSensor_scaleFactor</name>
         <value>0xaafc</value>
         <object_component_ref idref="oc-199"/>
      </symbol>
      <symbol id="sm-5db">
         <name>_deviceOpen</name>
         <value>0xabfe</value>
         <object_component_ref idref="oc-1aa"/>
      </symbol>
      <symbol id="sm-5f8">
         <name>_I2C</name>
         <value>0xac08</value>
         <object_component_ref idref="oc-1b6"/>
      </symbol>
      <symbol id="sm-5f9">
         <name>_TRIP_SEL</name>
         <value>0xac5a</value>
         <object_component_ref idref="oc-1b6"/>
      </symbol>
      <symbol id="sm-5fa">
         <name>_EPWM</name>
         <value>0xac40</value>
         <object_component_ref idref="oc-1b6"/>
      </symbol>
      <symbol id="sm-5fb">
         <name>_MCBSP</name>
         <value>0xac04</value>
         <object_component_ref idref="oc-1b6"/>
      </symbol>
      <symbol id="sm-5fc">
         <name>_ECAP</name>
         <value>0xac2c</value>
         <object_component_ref idref="oc-1b6"/>
      </symbol>
      <symbol id="sm-5fd">
         <name>_SPI</name>
         <value>0xac1a</value>
         <object_component_ref idref="oc-1b6"/>
      </symbol>
      <symbol id="sm-5fe">
         <name>_EQEP</name>
         <value>0xac12</value>
         <object_component_ref idref="oc-1b6"/>
      </symbol>
      <symbol id="sm-5ff">
         <name>_SDFM</name>
         <value>0xac0c</value>
         <object_component_ref idref="oc-1b6"/>
      </symbol>
      <symbol id="sm-600">
         <name>_ADC</name>
         <value>0xac22</value>
         <object_component_ref idref="oc-1b6"/>
      </symbol>
      <symbol id="sm-601">
         <name>_SCI</name>
         <value>0xac00</value>
         <object_component_ref idref="oc-1b6"/>
      </symbol>
      <symbol id="sm-60d">
         <name>_F28x_usDelay</name>
         <value>0x122</value>
         <object_component_ref idref="oc-1b8"/>
      </symbol>
      <symbol id="sm-684">
         <name>_CANGlobalIntEnable</name>
         <value>0x84f9</value>
         <object_component_ref idref="oc-224"/>
      </symbol>
      <symbol id="sm-685">
         <name>_CANIntRegister</name>
         <value>0x8237</value>
         <object_component_ref idref="oc-224"/>
      </symbol>
      <symbol id="sm-686">
         <name>_CANStatusGet</name>
         <value>0x82d0</value>
         <object_component_ref idref="oc-224"/>
      </symbol>
      <symbol id="sm-687">
         <name>_CANGlobalIntClear</name>
         <value>0x850c</value>
         <object_component_ref idref="oc-224"/>
      </symbol>
      <symbol id="sm-688">
         <name>_CANMessageGet</name>
         <value>0x83ff</value>
         <object_component_ref idref="oc-224"/>
      </symbol>
      <symbol id="sm-689">
         <name>_CANGlobalIntDisable</name>
         <value>0x8502</value>
         <object_component_ref idref="oc-224"/>
      </symbol>
      <symbol id="sm-68a">
         <name>_CANGlobalIntstatusGet</name>
         <value>0x8515</value>
         <object_component_ref idref="oc-224"/>
      </symbol>
      <symbol id="sm-68b">
         <name>_CANIntStatus</name>
         <value>0x8272</value>
         <object_component_ref idref="oc-224"/>
      </symbol>
      <symbol id="sm-68c">
         <name>_CANInit</name>
         <value>0x8071</value>
         <object_component_ref idref="oc-224"/>
      </symbol>
      <symbol id="sm-68d">
         <name>_CANErrCntrGet</name>
         <value>0x82f8</value>
         <object_component_ref idref="oc-224"/>
      </symbol>
      <symbol id="sm-68e">
         <name>_CANEnable</name>
         <value>0x811e</value>
         <object_component_ref idref="oc-224"/>
      </symbol>
      <symbol id="sm-68f">
         <name>_CANClkSourceSelect</name>
         <value>0x812f</value>
         <object_component_ref idref="oc-224"/>
      </symbol>
      <symbol id="sm-690">
         <name>_CANRetrySet</name>
         <value>0x82b5</value>
         <object_component_ref idref="oc-224"/>
      </symbol>
      <symbol id="sm-691">
         <name>_CANIntClear</name>
         <value>0x828c</value>
         <object_component_ref idref="oc-224"/>
      </symbol>
      <symbol id="sm-692">
         <name>_CANMessageSet</name>
         <value>0x8313</value>
         <object_component_ref idref="oc-224"/>
      </symbol>
      <symbol id="sm-693">
         <name>_CANBitTimingGet</name>
         <value>0x8156</value>
         <object_component_ref idref="oc-224"/>
      </symbol>
      <symbol id="sm-694">
         <name>_CANIntEnable</name>
         <value>0x8254</value>
         <object_component_ref idref="oc-224"/>
      </symbol>
      <symbol id="sm-695">
         <name>_CANIntUnregister</name>
         <value>0x8247</value>
         <object_component_ref idref="oc-224"/>
      </symbol>
      <symbol id="sm-696">
         <name>_CANIntDisable</name>
         <value>0x8262</value>
         <object_component_ref idref="oc-224"/>
      </symbol>
      <symbol id="sm-697">
         <name>_CANBitRateSet</name>
         <value>0x8181</value>
         <object_component_ref idref="oc-224"/>
      </symbol>
      <symbol id="sm-698">
         <name>_CANDisable</name>
         <value>0x8127</value>
         <object_component_ref idref="oc-224"/>
      </symbol>
      <symbol id="sm-699">
         <name>_CANRetryGet</name>
         <value>0x82c6</value>
         <object_component_ref idref="oc-224"/>
      </symbol>
      <symbol id="sm-69a">
         <name>_CANBitTimingSet</name>
         <value>0x81ee</value>
         <object_component_ref idref="oc-224"/>
      </symbol>
      <symbol id="sm-69b">
         <name>_CANMessageClear</name>
         <value>0x84d3</value>
         <object_component_ref idref="oc-224"/>
      </symbol>
      <symbol id="sm-6c8">
         <name>_IntIFRClear</name>
         <value>0x8c86</value>
         <object_component_ref idref="oc-22a"/>
      </symbol>
      <symbol id="sm-6c9">
         <name>_IntRegister</name>
         <value>0x8b4b</value>
         <object_component_ref idref="oc-22a"/>
      </symbol>
      <symbol id="sm-6ca">
         <name>_IntUnregister</name>
         <value>0x8b5e</value>
         <object_component_ref idref="oc-22a"/>
      </symbol>
      <symbol id="sm-6cb">
         <name>_IntMasterDisable</name>
         <value>0x8b43</value>
         <object_component_ref idref="oc-22a"/>
      </symbol>
      <symbol id="sm-6cc">
         <name>_IntDefaultHandler</name>
         <value>0x9164</value>
         <object_component_ref idref="oc-1c3"/>
      </symbol>
      <symbol id="sm-6cd">
         <name>_IntEnable</name>
         <value>0x8b73</value>
         <object_component_ref idref="oc-22a"/>
      </symbol>
      <symbol id="sm-6ce">
         <name>_IntMasterEnable</name>
         <value>0x8b3b</value>
         <object_component_ref idref="oc-22a"/>
      </symbol>
      <symbol id="sm-6cf">
         <name>_IntDisable</name>
         <value>0x8c06</value>
         <object_component_ref idref="oc-22a"/>
      </symbol>
      <symbol id="sm-6db">
         <name>_SysCtlDelay</name>
         <value>0x126</value>
         <object_component_ref idref="oc-1c9"/>
      </symbol>
      <symbol id="sm-711">
         <name>_c_int00</name>
         <value>0xb7a3</value>
         <object_component_ref idref="oc-88"/>
      </symbol>
      <symbol id="sm-712">
         <name>__stack</name>
         <value>0x400</value>
         <object_component_ref idref="oc-1dd"/>
      </symbol>
      <symbol id="sm-723">
         <name>FS$$DIV</name>
         <value>0x8f0e</value>
         <object_component_ref idref="oc-1e3"/>
      </symbol>
      <symbol id="sm-72f">
         <name>LL$$AND</name>
         <value>0x914c</value>
         <object_component_ref idref="oc-1e8"/>
      </symbol>
      <symbol id="sm-730">
         <name>LL$$OR</name>
         <value>0x9154</value>
         <object_component_ref idref="oc-1e8"/>
      </symbol>
      <symbol id="sm-731">
         <name>LL$$XOR</name>
         <value>0x915c</value>
         <object_component_ref idref="oc-1e8"/>
      </symbol>
      <symbol id="sm-740">
         <name>_copy_in</name>
         <value>0x90f2</value>
         <object_component_ref idref="oc-220"/>
      </symbol>
      <symbol id="sm-751">
         <name>_memcpy</name>
         <value>0x9116</value>
         <object_component_ref idref="oc-225"/>
      </symbol>
      <symbol id="sm-75d">
         <name>__system_pre_init</name>
         <value>0xb7f9</value>
         <object_component_ref idref="oc-21f"/>
      </symbol>
      <symbol id="sm-76a">
         <name>__system_post_cinit</name>
         <value>0x3ff</value>
         <object_component_ref idref="oc-221"/>
      </symbol>
      <symbol id="sm-77e">
         <name>C$$EXIT</name>
         <value>0x8fd5</value>
         <object_component_ref idref="oc-223"/>
      </symbol>
      <symbol id="sm-77f">
         <name>_exit</name>
         <value>0x8fd7</value>
         <object_component_ref idref="oc-223"/>
      </symbol>
      <symbol id="sm-780">
         <name>___TI_cleanup_ptr</name>
         <value>0xabf0</value>
         <object_component_ref idref="oc-203"/>
      </symbol>
      <symbol id="sm-781">
         <name>___TI_enable_exit_profile_output</name>
         <value>0xabee</value>
         <object_component_ref idref="oc-203"/>
      </symbol>
      <symbol id="sm-782">
         <name>_abort</name>
         <value>0x8fd5</value>
         <object_component_ref idref="oc-223"/>
      </symbol>
      <symbol id="sm-783">
         <name>___TI_dtors_ptr</name>
         <value>0xabf2</value>
         <object_component_ref idref="oc-203"/>
      </symbol>
      <symbol id="sm-7ca">
         <name>__sys_memory</name>
         <value>0x0</value>
         <object_component_ref idref="oc-20b"/>
      </symbol>
      <symbol id="sm-7cb">
         <name>_chkheap</name>
         <value>0xb78a</value>
         <object_component_ref idref="oc-23a"/>
      </symbol>
      <symbol id="sm-7cc">
         <name>_realloc</name>
         <value>0xb698</value>
         <object_component_ref idref="oc-23a"/>
      </symbol>
      <symbol id="sm-7cd">
         <name>_free_memory</name>
         <value>0xb76c</value>
         <object_component_ref idref="oc-23a"/>
      </symbol>
      <symbol id="sm-7ce">
         <name>_max_free</name>
         <value>0xb74a</value>
         <object_component_ref idref="oc-23a"/>
      </symbol>
      <symbol id="sm-7cf">
         <name>_free</name>
         <value>0xb5d1</value>
         <object_component_ref idref="oc-23a"/>
      </symbol>
      <symbol id="sm-7d0">
         <name>_calloc</name>
         <value>0xb78c</value>
         <object_component_ref idref="oc-23a"/>
      </symbol>
      <symbol id="sm-7d1">
         <name>_malloc</name>
         <value>0xb63a</value>
         <object_component_ref idref="oc-23a"/>
      </symbol>
      <symbol id="sm-7d2">
         <name>_minit</name>
         <value>0xb615</value>
         <object_component_ref idref="oc-23a"/>
      </symbol>
      <symbol id="sm-7e6">
         <name>__unlock</name>
         <value>0xabfc</value>
         <object_component_ref idref="oc-238"/>
      </symbol>
      <symbol id="sm-7e7">
         <name>__lock</name>
         <value>0xabfa</value>
         <object_component_ref idref="oc-227"/>
      </symbol>
      <symbol id="sm-7e8">
         <name>__register_lock</name>
         <value>0x9180</value>
         <object_component_ref idref="oc-22d"/>
      </symbol>
      <symbol id="sm-7e9">
         <name>__nop</name>
         <value>0x9184</value>
         <object_component_ref idref="oc-22d"/>
      </symbol>
      <symbol id="sm-7ea">
         <name>__register_unlock</name>
         <value>0x917c</value>
         <object_component_ref idref="oc-22d"/>
      </symbol>
      <symbol id="sm-7f9">
         <name>__args_main</name>
         <value>0x9133</value>
         <object_component_ref idref="oc-222"/>
      </symbol>
   </symbol_table>
   <title>Link errors: red sections failed placement,available memory ranges in purple</title>
</link_info>
